<html>
<body>
<pre>
<h1>µVision Build Log</h1>
<h2>Tool Versions:</h2>
IDE-Version: ¦ÌVision V5.41.0.0
Copyright (C) 2024 ARM Ltd and ARM Germany GmbH. All rights reserved.
License Information: 1 1, 1, LIC=X96CK-Z5DMA-KPSZY-ILV5P-1HVET-0B83B
 
Tool Versions:
Toolchain:       MDK-ARM Plus  Version: 5.41.0.0
Toolchain Path:  D:\keil\ARM\ARM_Compiler_5.06u7\Bin
C Compiler:      Armcc.exe V5.06 update 7 (build 960)
Assembler:       Armasm.exe V5.06 update 7 (build 960)
Linker/Locator:  ArmLink.exe V5.06 update 7 (build 960)
Library Manager: ArmAr.exe V5.06 update 7 (build 960)
Hex Converter:   FromElf.exe V5.06 update 7 (build 960)
CPU DLL:         SARMCM3.DLL V5.41.0.0
Dialog DLL:      DCM.DLL V1.17.5.0
Target DLL:      STLink\ST-LINKIII-KEIL_SWO.dll V3.3.0.0
Dialog DLL:      TCM.DLL V1.56.4.0
 
<h2>Project:</h2>
D:\Users\Euryt\Desktop\19G\ReceiveStation\Project\AD9854.uvprojx
Project File Date:  03/12/2025

<h2>Output:</h2>
*** Using Compiler 'V5.06 update 7 (build 960)', folder: 'D:\keil\ARM\ARM_Compiler_5.06u7\Bin'
Rebuild target 'STM32_CharLCD'
Note: source file '..\SYSTEM\delay\delay.c' - object file renamed from '.\Obj\delay.o' to '.\Obj\delay_1.o'.
compiling myiic.c...
compiling ad9833.c...
..\BSP\AD9833\ad9833.h(27): warning:  #1-D: last line of file ends without a newline
  #endif
..\BSP\AD9833\ad9833.c: 1 warning, 0 errors
assembling startup_stm32f10x_hd.s...
compiling system_stm32f10x.c...
compiling core_cm3.c...
compiling delay.c...
compiling sys.c...
compiling CharLCD.c...
compiling spi.c...
compiling dma.c...
compiling Delay.c...
compiling stm32f10x_gpio.c...
compiling adc.c...
compiling usart.c...
compiling misc.c...
compiling main.c...
..\./BSP/AD9833/AD9833.h(27): warning:  #1-D: last line of file ends without a newline
  #endif
..\User\launchStation.h(10): warning:  #1-D: last line of file ends without a newline
  #endif
..\User\AnalysisCmd.h(72): warning:  #550-D: variable "var7"  was set but never used
      uint8_t var7;
..\User\main.c(101): warning:  #68-D: integer conversion resulted in a change of sign
  		if (mix_freq > base_freq + max_offset) dir = -1;
..\User\main.c: 4 warnings, 0 errors
compiling stm32f10x_rcc.c...
compiling rda5820.c...
..\BSP\RDA5820\rda5820.c(465): warning:  #177-D: variable "fre"  was declared but never referenced
  u16 fre;
..\BSP\RDA5820\rda5820.c(499): warning:  #177-D: variable "FM_TRUE"  was declared but never referenced
          u16 FM_TRUE;
..\BSP\RDA5820\rda5820.c: 2 warnings, 0 errors
compiling AD9854.c...
..\User\AD9854.c(210): warning:  #1134-D: literal treated as "long long"
  	High16 = (int)(Freq/4294967295);                  //2^32 = 4294967295
..\User\AD9854.c(211): warning:  #1134-D: literal treated as "long long"
  	Freq -= (double)High16*4294967295;
..\User\AD9854.c: 2 warnings, 0 errors
linking...
Program Size: Code=7832 RO-data=336 RW-data=20 ZI-data=3028  
FromELF: creating hex file...
".\Obj\AD9854.axf" - 0 Error(s), 9 Warning(s).

<h2>Software Packages used:</h2>

Package Vendor: Keil
                https://www.keil.com/pack/Keil.STM32F1xx_DFP.2.4.1.pack
                Keil::STM32F1xx_DFP@2.4.1
                STMicroelectronics STM32F1 Series Device Support, Drivers and Examples

<h2>Collection of Component include folders:</h2>
  D:/keilpackage/Keil/STM32F1xx_DFP/2.4.1/Device/Include

<h2>Collection of Component Files used:</h2>
Build Time Elapsed:  00:00:01
</pre>
</body>
</html>
