<html>
<body>
<pre>
<h1>µVision Build Log</h1>
<h2>Tool Versions:</h2>
IDE-Version: ¦ÌVision V5.41.0.0
Copyright (C) 2024 ARM Ltd and ARM Germany GmbH. All rights reserved.
License Information: 1 1, 1, LIC=X96CK-Z5DMA-KPSZY-ILV5P-1HVET-0B83B
 
Tool Versions:
Toolchain:       MDK-ARM Plus  Version: 5.41.0.0
Toolchain Path:  D:\keil\ARM\ARM_Compiler_5.06u7\Bin
C Compiler:      Armcc.exe V5.06 update 7 (build 960)
Assembler:       Armasm.exe V5.06 update 7 (build 960)
Linker/Locator:  ArmLink.exe V5.06 update 7 (build 960)
Library Manager: ArmAr.exe V5.06 update 7 (build 960)
Hex Converter:   FromElf.exe V5.06 update 7 (build 960)
CPU DLL:         SARMCM3.DLL V5.41.0.0
Dialog DLL:      DCM.DLL V1.17.5.0
Target DLL:      STLink\ST-LINKIII-KEIL_SWO.dll V3.3.0.0
Dialog DLL:      TCM.DLL V1.56.4.0
 
<h2>Project:</h2>
D:\Users\Euryt\Desktop\RDA5820\Project\AD9854.uvprojx
Project File Date:  05/05/2025

<h2>Output:</h2>
*** Using Compiler 'V5.06 update 7 (build 960)', folder: 'D:\keil\ARM\ARM_Compiler_5.06u7\Bin'
Build target 'STM32_CharLCD'
Note: source file '..\SYSTEM\delay\delay.c' - object file renamed from '.\Obj\delay.o' to '.\Obj\delay_1.o'.
compiling main.c...
..\User\launchStation.h(10): warning:  #1-D: last line of file ends without a newline
  #endif
..\User\AnalysisCmd.h(72): warning:  #550-D: variable "var7"  was set but never used
      uint8_t var7;
..\User\main.c(122): warning:  #69-D: integer conversion resulted in truncation
  				Delay_1ms(1000);
..\User\main.c(80): warning:  #177-D: variable "times"  was declared but never referenced
  	uint32_t times=0;
..\User\main.c: 4 warnings, 0 errors
linking...
Program Size: Code=4568 RO-data=336 RW-data=16 ZI-data=3024  
FromELF: creating hex file...
".\Obj\AD9854.axf" - 0 Error(s), 4 Warning(s).

<h2>Software Packages used:</h2>

Package Vendor: Keil
                https://www.keil.com/pack/Keil.STM32F1xx_DFP.2.4.1.pack
                Keil::STM32F1xx_DFP@2.4.1
                STMicroelectronics STM32F1 Series Device Support, Drivers and Examples

<h2>Collection of Component include folders:</h2>
  D:/keilpackage/Keil/STM32F1xx_DFP/2.4.1/Device/Include

<h2>Collection of Component Files used:</h2>
Build Time Elapsed:  00:00:01
</pre>
</body>
</html>
