<html>
<body>
<pre>
<h1>�Vision Build Log</h1>
<h2>Tool Versions:</h2>
IDE-Version: ��Vision V5.41.0.0
Copyright (C) 2024 ARM Ltd and ARM Germany GmbH. All rights reserved.
License Information: 1 1, 1, LIC=X96CK-Z5DMA-KPSZY-ILV5P-1HVET-0B83B
 
Tool Versions:
Toolchain:       MDK-ARM Plus  Version: 5.41.0.0
Toolchain Path:  D:\keil\ARM\ARM_Compiler_5.06u7\Bin
C Compiler:      Armcc.exe V5.06 update 7 (build 960)
Assembler:       Armasm.exe V5.06 update 7 (build 960)
Linker/Locator:  ArmLink.exe V5.06 update 7 (build 960)
Library Manager: ArmAr.exe V5.06 update 7 (build 960)
Hex Converter:   FromElf.exe V5.06 update 7 (build 960)
CPU DLL:         SARMCM3.DLL V5.41.0.0
Dialog DLL:      DCM.DLL V1.17.5.0
Target DLL:      STLink\ST-LINKIII-KEIL_SWO.dll V3.3.0.0
Dialog DLL:      TCM.DLL V1.56.4.0
 
<h2>Project:</h2>
D:\Users\Euryt\Desktop\AD9959_HAL\AD9959_HAL\MDK-ARM\AD9959_HAL.uvprojx
Project File Date:  04/28/2025

<h2>Output:</h2>
*** Using Compiler 'V5.06 update 7 (build 960)', folder: 'D:\keil\ARM\ARM_Compiler_5.06u7\Bin'
Rebuild target 'AD9959_HAL'
assembling startup_stm32f103xe.s...
compiling gpio.c...
compiling main.c...
compiling stm32f1xx_hal_pwr.c...
compiling stm32f1xx_hal_gpio_ex.c...
compiling AD9959.C...
compiling stm32f1xx_hal_msp.c...
compiling stm32f1xx_hal_tim.c...
compiling system_stm32f1xx.c...
compiling stm32f1xx_hal_flash_ex.c...
compiling stm32f1xx_hal_tim_ex.c...
compiling stm32f1xx_it.c...
compiling stm32f1xx_hal.c...
compiling stm32f1xx_hal_cortex.c...
compiling stm32f1xx_hal_exti.c...
compiling stm32f1xx_hal_gpio.c...
compiling stm32f1xx_hal_rcc_ex.c...
compiling stm32f1xx_hal_flash.c...
compiling stm32f1xx_hal_dma.c...
compiling stm32f1xx_hal_rcc.c...
compiling AD9959_Outset.c...
..\Core\Src\AD9959_Outset.c(135): warning:  #177-D: variable "AmplitudeControldata"  was declared but never referenced
  	 uchar AmplitudeControldata[3] = {0x00,0x03,0xff};									//��������ʱ���ã�Ĭ��������
..\Core\Src\AD9959_Outset.c(218): warning:  #177-D: variable "AmplitudeControldata"  was declared but never referenced
  	 uchar AmplitudeControldata[3] = {0x00,0x03,0xff};									//�ļ�����ʱ���ã�Ĭ��������
..\Core\Src\AD9959_Outset.c(305): warning:  #177-D: variable "AmplitudeControldata"  was declared but never referenced
  	 uchar AmplitudeControldata[3] = {0x00,0x03,0xff};									//�ļ�����ʱ���ã�Ĭ��������
..\Core\Src\AD9959_Outset.c(412): warning:  #177-D: variable "AmplitudeControldata"  was declared but never referenced
  	 uchar AmplitudeControldata[3] = {0x00,0x03,0xff};									//�˼�����ʱ���ã�Ĭ��������
..\Core\Src\AD9959_Outset.c(543): warning:  #177-D: variable "AmplitudeControldata"  was declared but never referenced
  	 uchar AmplitudeControldata[3] = {0x00,0x03,0xff};									//�˼�����ʱ���ã�Ĭ��������
..\Core\Src\AD9959_Outset.c(674): warning:  #177-D: variable "AmplitudeControldata"  was declared but never referenced
  	 uchar AmplitudeControldata[3] = {0x00,0x03,0xff};									//�˼�����ʱ���ã�Ĭ��������
..\Core\Src\AD9959_Outset.c(806): warning:  #177-D: variable "AmplitudeControldata"  was declared but never referenced
  	 uchar AmplitudeControldata[3] = {0x00,0x03,0xff};									//�˼�����ʱ���ã�Ĭ��������
..\Core\Src\AD9959_Outset.c(978): warning:  #177-D: variable "AmplitudeControldata"  was declared but never referenced
  	 uchar AmplitudeControldata[3] = {0x00,0x03,0xff};									//ʮ��������ʱ���ã�Ĭ��������
..\Core\Src\AD9959_Outset.c(1196): warning:  #177-D: variable "AmplitudeControldata"  was declared but never referenced
  	 uchar AmplitudeControldata[3] = {0x00,0x03,0xff};									//ʮ��������ʱ���ã�Ĭ��������
..\Core\Src\AD9959_Outset.c(1415): warning:  #177-D: variable "AmplitudeControldata"  was declared but never referenced
  	 uchar AmplitudeControldata[3] = {0x00,0x03,0xff};									//ʮ��������ʱ���ã�Ĭ��������
..\Core\Src\AD9959_Outset.c(1638): warning:  #177-D: variable "AmplitudeControldata"  was declared but never referenced
  	 uchar AmplitudeControldata[3] = {0x00,0x03,0xff};									//ʮ��������ʱ���ã�Ĭ��������
..\Core\Src\AD9959_Outset.c: 11 warnings, 0 errors
linking...
Program Size: Code=4248 RO-data=372 RW-data=16 ZI-data=1632  
FromELF: creating hex file...
"AD9959_HAL\AD9959_HAL.axf" - 0 Error(s), 11 Warning(s).

<h2>Software Packages used:</h2>

Package Vendor: ARM
                https://www.keil.com/pack/ARM.CMSIS.6.1.0.pack
                ARM::CMSIS@6.1.0
                CMSIS (Common Microcontroller Software Interface Standard)
   * Component: CORE Version: 6.1.0

Package Vendor: Keil
                https://www.keil.com/pack/Keil.STM32F1xx_DFP.2.4.1.pack
                Keil::STM32F1xx_DFP@2.4.1
                STMicroelectronics STM32F1 Series Device Support, Drivers and Examples

<h2>Collection of Component include folders:</h2>
  ./RTE/_AD9959_HAL
  D:/keilpackage/ARM/CMSIS/6.1.0/CMSIS/Core/Include
  D:/keilpackage/Keil/STM32F1xx_DFP/2.4.1/Device/Include

<h2>Collection of Component Files used:</h2>

   * Component: ARM::CMSIS:CORE@6.1.0
      Include file:  CMSIS/Core/Include/tz_context.h
Build Time Elapsed:  00:00:02
</pre>
</body>
</html>
