Component: ARM Compiler 5.06 update 7 (build 960) Tool: armlink [4d3601]

==============================================================================

Section Cross References

    startup_stm32f103xe.o(RESET) refers to startup_stm32f103xe.o(STACK) for __initial_sp
    startup_stm32f103xe.o(RESET) refers to startup_stm32f103xe.o(.text) for Reset_Handler
    startup_stm32f103xe.o(RESET) refers to stm32f1xx_it.o(i.NMI_Handler) for NMI_Handler
    startup_stm32f103xe.o(RESET) refers to stm32f1xx_it.o(i.HardFault_Handler) for HardFault_Handler
    startup_stm32f103xe.o(RESET) refers to stm32f1xx_it.o(i.MemManage_Handler) for MemManage_Handler
    startup_stm32f103xe.o(RESET) refers to stm32f1xx_it.o(i.BusFault_Handler) for BusFault_Handler
    startup_stm32f103xe.o(RESET) refers to stm32f1xx_it.o(i.UsageFault_Handler) for UsageFault_Handler
    startup_stm32f103xe.o(RESET) refers to stm32f1xx_it.o(i.SVC_Handler) for SVC_Handler
    startup_stm32f103xe.o(RESET) refers to stm32f1xx_it.o(i.DebugMon_Handler) for DebugMon_Handler
    startup_stm32f103xe.o(RESET) refers to stm32f1xx_it.o(i.PendSV_Handler) for PendSV_Handler
    startup_stm32f103xe.o(RESET) refers to stm32f1xx_it.o(i.SysTick_Handler) for SysTick_Handler
    startup_stm32f103xe.o(RESET) refers to stm32f1xx_it.o(i.DMA1_Channel1_IRQHandler) for DMA1_Channel1_IRQHandler
    startup_stm32f103xe.o(RESET) refers to stm32f1xx_it.o(i.USART1_IRQHandler) for USART1_IRQHandler
    startup_stm32f103xe.o(RESET) refers to stm32f1xx_it.o(i.TIM8_UP_IRQHandler) for TIM8_UP_IRQHandler
    startup_stm32f103xe.o(RESET) refers to stm32f1xx_it.o(i.DMA2_Channel4_5_IRQHandler) for DMA2_Channel4_5_IRQHandler
    startup_stm32f103xe.o(.text) refers to system_stm32f1xx.o(i.SystemInit) for SystemInit
    startup_stm32f103xe.o(.text) refers to entry.o(.ARM.Collect$$$$00000000) for __main
    ad9854.o(i.AD9854_Init) refers to stm32f1xx_hal_gpio.o(i.HAL_GPIO_WritePin) for HAL_GPIO_WritePin
    ad9854.o(i.AD9854_Init) refers to stm32f1xx_hal.o(i.HAL_Delay) for HAL_Delay
    ad9854.o(i.AD9854_Init) refers to ad9854.o(i.AD9854_WR_Byte) for AD9854_WR_Byte
    ad9854.o(i.AD9854_InitAM) refers to stm32f1xx_hal_gpio.o(i.HAL_GPIO_WritePin) for HAL_GPIO_WritePin
    ad9854.o(i.AD9854_InitAM) refers to stm32f1xx_hal.o(i.HAL_Delay) for HAL_Delay
    ad9854.o(i.AD9854_InitAM) refers to ad9854.o(i.AD9854_WR_Byte) for AD9854_WR_Byte
    ad9854.o(i.AD9854_InitAM) refers to ad9854.o(i.Freq_convert) for Freq_convert
    ad9854.o(i.AD9854_InitAM) refers to ad9854.o(.data) for .data
    ad9854.o(i.AD9854_InitBPSK) refers to stm32f1xx_hal_gpio.o(i.HAL_GPIO_WritePin) for HAL_GPIO_WritePin
    ad9854.o(i.AD9854_InitBPSK) refers to stm32f1xx_hal.o(i.HAL_Delay) for HAL_Delay
    ad9854.o(i.AD9854_InitBPSK) refers to ad9854.o(i.AD9854_WR_Byte) for AD9854_WR_Byte
    ad9854.o(i.AD9854_InitFSK) refers to stm32f1xx_hal_gpio.o(i.HAL_GPIO_WritePin) for HAL_GPIO_WritePin
    ad9854.o(i.AD9854_InitFSK) refers to stm32f1xx_hal.o(i.HAL_Delay) for HAL_Delay
    ad9854.o(i.AD9854_InitFSK) refers to ad9854.o(i.AD9854_WR_Byte) for AD9854_WR_Byte
    ad9854.o(i.AD9854_InitOSK) refers to stm32f1xx_hal_gpio.o(i.HAL_GPIO_WritePin) for HAL_GPIO_WritePin
    ad9854.o(i.AD9854_InitOSK) refers to stm32f1xx_hal.o(i.HAL_Delay) for HAL_Delay
    ad9854.o(i.AD9854_InitOSK) refers to ad9854.o(i.AD9854_WR_Byte) for AD9854_WR_Byte
    ad9854.o(i.AD9854_InitRFSK) refers to stm32f1xx_hal_gpio.o(i.HAL_GPIO_WritePin) for HAL_GPIO_WritePin
    ad9854.o(i.AD9854_InitRFSK) refers to stm32f1xx_hal.o(i.HAL_Delay) for HAL_Delay
    ad9854.o(i.AD9854_InitRFSK) refers to ad9854.o(i.AD9854_WR_Byte) for AD9854_WR_Byte
    ad9854.o(i.AD9854_SetAM) refers to ad9854.o(i.AD9854_WR_Byte) for AD9854_WR_Byte
    ad9854.o(i.AD9854_SetAM) refers to stm32f1xx_hal_gpio.o(i.HAL_GPIO_WritePin) for HAL_GPIO_WritePin
    ad9854.o(i.AD9854_SetBPSK) refers to ad9854.o(i.AD9854_WR_Byte) for AD9854_WR_Byte
    ad9854.o(i.AD9854_SetBPSK) refers to ad9854.o(i.Freq_convert) for Freq_convert
    ad9854.o(i.AD9854_SetBPSK) refers to stm32f1xx_hal_gpio.o(i.HAL_GPIO_WritePin) for HAL_GPIO_WritePin
    ad9854.o(i.AD9854_SetBPSK) refers to ad9854.o(.data) for .data
    ad9854.o(i.AD9854_SetFSK) refers to ad9854.o(i.Freq_convert) for Freq_convert
    ad9854.o(i.AD9854_SetFSK) refers to ad9854.o(i.AD9854_WR_Byte) for AD9854_WR_Byte
    ad9854.o(i.AD9854_SetFSK) refers to stm32f1xx_hal_gpio.o(i.HAL_GPIO_WritePin) for HAL_GPIO_WritePin
    ad9854.o(i.AD9854_SetFSK) refers to ad9854.o(.data) for .data
    ad9854.o(i.AD9854_SetOSK) refers to ad9854.o(i.Freq_convert) for Freq_convert
    ad9854.o(i.AD9854_SetOSK) refers to ad9854.o(i.AD9854_WR_Byte) for AD9854_WR_Byte
    ad9854.o(i.AD9854_SetOSK) refers to stm32f1xx_hal_gpio.o(i.HAL_GPIO_WritePin) for HAL_GPIO_WritePin
    ad9854.o(i.AD9854_SetOSK) refers to ad9854.o(.data) for .data
    ad9854.o(i.AD9854_SetRFSK) refers to ad9854.o(i.Freq_convert) for Freq_convert
[...]
    ..\\Core\\Src\\CD4051.c                  0x00000000   Number         0  cd4051.o ABSOLUTE
    ..\\Core\\Src\\FFT.c                     0x00000000   Number         0  fft.o ABSOLUTE
    ..\\Core\\Src\\HMC241.c                  0x00000000   Number         0  hmc241.o ABSOLUTE
    arm_bitreversal.c                        0x00000000   Number         0  arm_bitreversal.o ABSOLUTE
    arm_cfft_radix4_f32.c                    0x00000000   Number         0  arm_cfft_radix4_f32.o ABSOLUTE
    arm_cfft_radix4_init_f32.c               0x00000000   Number         0  arm_cfft_radix4_init_f32.o ABSOLUTE
    arm_cmplx_mag_f32.c                      0x00000000   Number         0  arm_cmplx_mag_f32.o ABSOLUTE
    arm_common_tables.c                      0x00000000   Number         0  arm_common_tables.o ABSOLUTE
    cdcmple.s                                0x00000000   Number         0  cdcmple.o ABSOLUTE
    cdrcmple.s                               0x00000000   Number         0  cdrcmple.o ABSOLUTE
    cfcmple.s                                0x00000000   Number         0  cfcmple.o ABSOLUTE
    cfrcmple.s                               0x00000000   Number         0  cfrcmple.o ABSOLUTE
    dc.s                                     0x00000000   Number         0  dc.o ABSOLUTE
    handlers.s                               0x00000000   Number         0  handlers.o ABSOLUTE
    init.s                                   0x00000000   Number         0  init.o ABSOLUTE
    startup_stm32f103xe.s                    0x00000000   Number         0  startup_stm32f103xe.o ABSOLUTE
    RESET                                    0x08000000   Section      304  startup_stm32f103xe.o(RESET)
    .ARM.Collect$$$$00000000                 0x08000130   Section        0  entry.o(.ARM.Collect$$$$00000000)
    .ARM.Collect$$$$00000001                 0x08000130   Section        4  entry2.o(.ARM.Collect$$$$00000001)
    .ARM.Collect$$$$00000004                 0x08000134   Section        4  entry5.o(.ARM.Collect$$$$00000004)
    .ARM.Collect$$$$00000008                 0x08000138   Section        0  entry7b.o(.ARM.Collect$$$$00000008)
    .ARM.Collect$$$$0000000A                 0x08000138   Section        0  entry8b.o(.ARM.Collect$$$$0000000A)
    .ARM.Collect$$$$0000000B                 0x08000138   Section        8  entry9a.o(.ARM.Collect$$$$0000000B)
    .ARM.Collect$$$$0000000E                 0x08000140   Section        4  entry12b.o(.ARM.Collect$$$$0000000E)
    .ARM.Collect$$$$0000000F                 0x08000144   Section        0  entry10a.o(.ARM.Collect$$$$0000000F)
    .ARM.Collect$$$$00000011                 0x08000144   Section        0  entry11a.o(.ARM.Collect$$$$00000011)
    .ARM.Collect$$$$00002712                 0x08000144   Section        4  entry2.o(.ARM.Collect$$$$00002712)
    __lit__00000000                          0x08000144   Data           4  entry2.o(.ARM.Collect$$$$00002712)
    .text                                    0x08000148   Section       36  startup_stm32f103xe.o(.text)
    .text                                    0x0800016c   Section        0  llushr.o(.text)
    .text                                    0x0800018c   Section        0  memseta.o(.text)
    .text                                    0x080001b0   Section        0  fadd.o(.text)
    .text                                    0x08000260   Section        0  fmul.o(.text)
    .text                                    0x080002c4   Section        0  fdiv.o(.text)
    .text                                    0x08000340   Section        0  fscalb.o(.text)
    .text                                    0x08000358   Section        0  dadd.o(.text)
    .text                                    0x080004a6   Section        0  dmul.o(.text)
    .text                                    0x0800058a   Section        0  ddiv.o(.text)
    .text                                    0x08000668   Section        0  fflti.o(.text)
    .text                                    0x0800067a   Section        0  ffltui.o(.text)
    .text                                    0x08000684   Section        0  dfltui.o(.text)
    .text                                    0x0800069e   Section        0  ffixui.o(.text)
    .text                                    0x080006c6   Section        0  dfixi.o(.text)
    .text                                    0x08000704   Section        0  dfixui.o(.text)
    .text                                    0x08000736   Section        0  f2d.o(.text)
    .text                                    0x0800075c   Section        0  d2f.o(.text)
    .text                                    0x08000794   Section       20  cfcmple.o(.text)
    .text                                    0x080007a8   Section       20  cfrcmple.o(.text)
    .text                                    0x080007bc   Section        0  uidiv.o(.text)
    .text                                    0x080007e8   Section        0  uldiv.o(.text)
    .text                                    0x0800084a   Section        0  llshl.o(.text)
    .text                                    0x08000868   Section        0  llsshr.o(.text)
    .text                                    0x0800088c   Section        0  fepilogue.o(.text)
    .text                                    0x0800088c   Section        0  iusefp.o(.text)
    .text                                    0x080008fa   Section        0  fsqrt.o(.text)
    .text                                    0x08000958   Section        0  depilogue.o(.text)
    .text                                    0x08000a12   Section        0  dscalb.o(.text)
    .text                                    0x08000a40   Section        0  drnd.o(.text)
    .text                                    0x08000ac8   Section        0  dflti.o(.text)
    .text                                    0x08000aea   Section        0  dfixul.o(.text)
    .text                                    0x08000b1c   Section       48  cdcmple.o(.text)
    .text                                    0x08000b4c   Section       48  cdrcmple.o(.text)
    .text                                    0x08000b7c   Section       36  init.o(.text)
    .text                                    0x08000ba0   Section        0  dsqrt.o(.text)
    [Anonymous Symbol]                       0x08000c44   Section        0  arm_bitreversal.o(.text.arm_bitreversal_f32)
    [Anonymous Symbol]                       0x08000d02   Section        0  arm_cfft_radix4_f32.o(.text.arm_cfft_radix4_f32)
    [Anonymous Symbol]                       0x08000d4c   Section        0  arm_cfft_radix4_init_f32.o(.text.arm_cfft_radix4_init_f32)
    [Anonymous Symbol]                       0x08000dc8   Section        0  arm_cmplx_mag_f32.o(.text.arm_cmplx_mag_f32)
    [Anonymous Symbol]                       0x08000eb8   Section        0  arm_cfft_radix4_f32.o(.text.arm_radix4_butterfly_f32)
    [Anonymous Symbol]                       0x080014a8   Section        0  arm_cfft_radix4_f32.o(.text.arm_radix4_butterfly_inverse_f32)
    i.AD9854_Init                            0x08001ae4   Section        0  ad9854.o(i.AD9854_Init)
    i.AD9854_SetSine                         0x08001b74   Section        0  ad9854.o(i.AD9854_SetSine)
    i.AD9854_WR_Byte                         0x08001be8   Section        0  ad9854.o(i.AD9854_WR_Byte)
    AD9854_WR_Byte                           0x08001be9   Thumb Code    66  ad9854.o(i.AD9854_WR_Byte)
    i.ADC_ConversionStop_Disable             0x08001c34   Section        0  stm32f1xx_hal_adc.o(i.ADC_ConversionStop_Disable)
    i.ADC_DMAConvCplt                        0x08001c8a   Section        0  stm32f1xx_hal_adc.o(i.ADC_DMAConvCplt)
    i.ADC_DMAError                           0x08001cd8   Section        0  stm32f1xx_hal_adc.o(i.ADC_DMAError)
    i.ADC_DMAHalfConvCplt                    0x08001cf2   Section        0  stm32f1xx_hal_adc.o(i.ADC_DMAHalfConvCplt)
    i.ADC_Enable                             0x08001cfc   Section        0  stm32f1xx_hal_adc.o(i.ADC_Enable)
    i.BusFault_Handler                       0x08001d78   Section        0  stm32f1xx_it.o(i.BusFault_Handler)
    i.CD_4051_SetChannel                     0x08001d7c   Section        0  cd4051.o(i.CD_4051_SetChannel)
    i.DMA1_Channel1_IRQHandler               0x08001dcc   Section        0  stm32f1xx_it.o(i.DMA1_Channel1_IRQHandler)
    i.DMA2_Channel4_5_IRQHandler             0x08001dd8   Section        0  stm32f1xx_it.o(i.DMA2_Channel4_5_IRQHandler)
    i.DMA_SetConfig                          0x08001de4   Section        0  stm32f1xx_hal_dma.o(i.DMA_SetConfig)
    DMA_SetConfig                            0x08001de5   Thumb Code    42  stm32f1xx_hal_dma.o(i.DMA_SetConfig)
    i.DebugMon_Handler                       0x08001e0e   Section        0  stm32f1xx_it.o(i.DebugMon_Handler)
    i.End                                    0x08001e10   Section        0  main.o(i.End)
    i.Error_Handler                          0x08001e34   Section        0  main.o(i.Error_Handler)
    i.Freq_convert                           0x08001e38   Section        0  ad9854.o(i.Freq_convert)
    Freq_convert                             0x08001e39   Thumb Code    56  ad9854.o(i.Freq_convert)
    i.HAL_ADC_ConfigChannel                  0x08001e78   Section        0  stm32f1xx_hal_adc.o(i.HAL_ADC_ConfigChannel)
    i.HAL_ADC_ConvCpltCallback               0x08001f74   Section        0  stm32f1xx_hal_adc.o(i.HAL_ADC_ConvCpltCallback)
    i.HAL_ADC_ConvHalfCpltCallback           0x08001f76   Section        0  stm32f1xx_hal_adc.o(i.HAL_ADC_ConvHalfCpltCallback)
    i.HAL_ADC_ErrorCallback                  0x08001f78   Section        0  stm32f1xx_hal_adc.o(i.HAL_ADC_ErrorCallback)
    i.HAL_ADC_Init                           0x08001f7c   Section        0  stm32f1xx_hal_adc.o(i.HAL_ADC_Init)
    i.HAL_ADC_MspInit                        0x0800209c   Section        0  adc.o(i.HAL_ADC_MspInit)
    i.HAL_ADC_Start_DMA                      0x08002188   Section        0  stm32f1xx_hal_adc.o(i.HAL_ADC_Start_DMA)
    i.HAL_DMA_Abort                          0x08002294   Section        0  stm32f1xx_hal_dma.o(i.HAL_DMA_Abort)
    i.HAL_DMA_Abort_IT                       0x080022dc   Section        0  stm32f1xx_hal_dma.o(i.HAL_DMA_Abort_IT)
    i.HAL_DMA_IRQHandler                     0x0800240c   Section        0  stm32f1xx_hal_dma.o(i.HAL_DMA_IRQHandler)
    i.HAL_DMA_Init                           0x08002654   Section        0  stm32f1xx_hal_dma.o(i.HAL_DMA_Init)
    i.HAL_DMA_Start_IT                       0x080026d0   Section        0  stm32f1xx_hal_dma.o(i.HAL_DMA_Start_IT)
    i.HAL_Delay                              0x08002740   Section        0  stm32f1xx_hal.o(i.HAL_Delay)
    i.HAL_GPIO_Init                          0x08002764   Section        0  stm32f1xx_hal_gpio.o(i.HAL_GPIO_Init)
    i.HAL_GPIO_WritePin                      0x0800295c   Section        0  stm32f1xx_hal_gpio.o(i.HAL_GPIO_WritePin)
    i.HAL_GetTick                            0x08002968   Section        0  stm32f1xx_hal.o(i.HAL_GetTick)
    i.HAL_IncTick                            0x08002974   Section        0  stm32f1xx_hal.o(i.HAL_IncTick)
    i.HAL_Init                               0x08002984   Section        0  stm32f1xx_hal.o(i.HAL_Init)
    i.HAL_InitTick                           0x080029a8   Section        0  stm32f1xx_hal.o(i.HAL_InitTick)
    i.HAL_MspInit                            0x080029e8   Section        0  stm32f1xx_hal_msp.o(i.HAL_MspInit)
    i.HAL_NVIC_EnableIRQ                     0x08002a24   Section        0  stm32f1xx_hal_cortex.o(i.HAL_NVIC_EnableIRQ)
    i.HAL_NVIC_SetPriority                   0x08002a40   Section        0  stm32f1xx_hal_cortex.o(i.HAL_NVIC_SetPriority)
    i.HAL_NVIC_SetPriorityGrouping           0x08002a80   Section        0  stm32f1xx_hal_cortex.o(i.HAL_NVIC_SetPriorityGrouping)
    i.HAL_RCCEx_PeriphCLKConfig              0x08002aa4   Section        0  stm32f1xx_hal_rcc_ex.o(i.HAL_RCCEx_PeriphCLKConfig)
    i.HAL_RCC_ClockConfig                    0x08002b90   Section        0  stm32f1xx_hal_rcc.o(i.HAL_RCC_ClockConfig)
    i.HAL_RCC_GetPCLK1Freq                   0x08002cbc   Section        0  stm32f1xx_hal_rcc.o(i.HAL_RCC_GetPCLK1Freq)
    i.HAL_RCC_GetPCLK2Freq                   0x08002cdc   Section        0  stm32f1xx_hal_rcc.o(i.HAL_RCC_GetPCLK2Freq)
    i.HAL_RCC_GetSysClockFreq                0x08002cfc   Section        0  stm32f1xx_hal_rcc.o(i.HAL_RCC_GetSysClockFreq)
    i.HAL_RCC_OscConfig                      0x08002d48   Section        0  stm32f1xx_hal_rcc.o(i.HAL_RCC_OscConfig)
    i.HAL_SYSTICK_Config                     0x08003068   Section        0  stm32f1xx_hal_cortex.o(i.HAL_SYSTICK_Config)
    i.HAL_TIMEx_BreakCallback                0x08003090   Section        0  stm32f1xx_hal_tim_ex.o(i.HAL_TIMEx_BreakCallback)
    i.HAL_TIMEx_CommutCallback               0x08003092   Section        0  stm32f1xx_hal_tim_ex.o(i.HAL_TIMEx_CommutCallback)
    i.HAL_TIMEx_MasterConfigSynchronization  0x08003094   Section        0  stm32f1xx_hal_tim_ex.o(i.HAL_TIMEx_MasterConfigSynchronization)
    i.HAL_TIM_Base_Init                      0x08003110   Section        0  stm32f1xx_hal_tim.o(i.HAL_TIM_Base_Init)
    i.HAL_TIM_Base_MspInit                   0x0800316c   Section        0  tim.o(i.HAL_TIM_Base_MspInit)
    i.HAL_TIM_Base_Start                     0x080031a8   Section        0  stm32f1xx_hal_tim.o(i.HAL_TIM_Base_Start)
    i.HAL_TIM_ConfigClockSource              0x0800320c   Section        0  stm32f1xx_hal_tim.o(i.HAL_TIM_ConfigClockSource)
    i.HAL_TIM_IC_CaptureCallback             0x080032e8   Section        0  stm32f1xx_hal_tim.o(i.HAL_TIM_IC_CaptureCallback)
    i.HAL_TIM_IRQHandler                     0x080032ea   Section        0  stm32f1xx_hal_tim.o(i.HAL_TIM_IRQHandler)
    i.HAL_TIM_OC_DelayElapsedCallback        0x0800341a   Section        0  stm32f1xx_hal_tim.o(i.HAL_TIM_OC_DelayElapsedCallback)
    i.HAL_TIM_PWM_PulseFinishedCallback      0x0800341c   Section        0  stm32f1xx_hal_tim.o(i.HAL_TIM_PWM_PulseFinishedCallback)
    i.HAL_TIM_PeriodElapsedCallback          0x0800341e   Section        0  stm32f1xx_hal_tim.o(i.HAL_TIM_PeriodElapsedCallback)
    i.HAL_TIM_TriggerCallback                0x08003420   Section        0  stm32f1xx_hal_tim.o(i.HAL_TIM_TriggerCallback)
    i.HAL_UARTEx_RxEventCallback             0x08003422   Section        0  stm32f1xx_hal_uart.o(i.HAL_UARTEx_RxEventCallback)
    i.HAL_UART_ErrorCallback                 0x08003424   Section        0  stm32f1xx_hal_uart.o(i.HAL_UART_ErrorCallback)
    i.HAL_UART_IRQHandler                    0x08003428   Section        0  stm32f1xx_hal_uart.o(i.HAL_UART_IRQHandler)
    i.HAL_UART_Init                          0x08003694   Section        0  stm32f1xx_hal_uart.o(i.HAL_UART_Init)
    i.HAL_UART_MspInit                       0x080036f8   Section        0  usart.o(i.HAL_UART_MspInit)
    i.HAL_UART_Receive_IT                    0x08003778   Section        0  stm32f1xx_hal_uart.o(i.HAL_UART_Receive_IT)
    i.HAL_UART_RxCpltCallback                0x08003794   Section        0  main.o(i.HAL_UART_RxCpltCallback)
    i.HAL_UART_Transmit                      0x080037dc   Section        0  stm32f1xx_hal_uart.o(i.HAL_UART_Transmit)
    i.HAL_UART_TxCpltCallback                0x0800387c   Section        0  stm32f1xx_hal_uart.o(i.HAL_UART_TxCpltCallback)
    i.HMC241_Set_Channel                     0x08003880   Section        0  hmc241.o(i.HMC241_Set_Channel)
    i.HardFault_Handler                      0x080038c8   Section        0  stm32f1xx_it.o(i.HardFault_Handler)
    i.JudgeType                              0x080038cc   Section        0  main.o(i.JudgeType)
    i.MX_ADC1_Init                           0x08003970   Section        0  adc.o(i.MX_ADC1_Init)
    i.MX_ADC3_Init                           0x080039d0   Section        0  adc.o(i.MX_ADC3_Init)
    i.MX_DMA_Init                            0x08003a1c   Section        0  dma.o(i.MX_DMA_Init)
    i.MX_GPIO_Init                           0x08003a68   Section        0  gpio.o(i.MX_GPIO_Init)
    i.MX_TIM8_Init                           0x08003b58   Section        0  tim.o(i.MX_TIM8_Init)
    i.MX_USART1_UART_Init                    0x08003bc4   Section        0  usart.o(i.MX_USART1_UART_Init)
    i.MemManage_Handler                      0x08003bfc   Section        0  stm32f1xx_it.o(i.MemManage_Handler)
    i.NMI_Handler                            0x08003bfe   Section        0  stm32f1xx_it.o(i.NMI_Handler)
    i.PendSV_Handler                         0x08003c00   Section        0  stm32f1xx_it.o(i.PendSV_Handler)
    i.SVC_Handler                            0x08003c02   Section        0  stm32f1xx_it.o(i.SVC_Handler)
    i.SysTick_Handler                        0x08003c04   Section        0  stm32f1xx_it.o(i.SysTick_Handler)
    i.SystemClock_Config                     0x08003c08   Section        0  main.o(i.SystemClock_Config)
    i.SystemInit                             0x08003c86   Section        0  system_stm32f1xx.o(i.SystemInit)
    i.TIM8_UP_IRQHandler                     0x08003c88   Section        0  stm32f1xx_it.o(i.TIM8_UP_IRQHandler)
    i.TIM_Base_SetConfig                     0x08003c94   Section        0  stm32f1xx_hal_tim.o(i.TIM_Base_SetConfig)
    i.TIM_ETR_SetConfig                      0x08003d30   Section        0  stm32f1xx_hal_tim.o(i.TIM_ETR_SetConfig)
    i.TIM_ITRx_SetConfig                     0x08003d44   Section        0  stm32f1xx_hal_tim.o(i.TIM_ITRx_SetConfig)
    TIM_ITRx_SetConfig                       0x08003d45   Thumb Code    16  stm32f1xx_hal_tim.o(i.TIM_ITRx_SetConfig)
    i.TIM_TI1_ConfigInputStage               0x08003d54   Section        0  stm32f1xx_hal_tim.o(i.TIM_TI1_ConfigInputStage)
    TIM_TI1_ConfigInputStage                 0x08003d55   Thumb Code    34  stm32f1xx_hal_tim.o(i.TIM_TI1_ConfigInputStage)
    i.TIM_TI2_ConfigInputStage               0x08003d76   Section        0  stm32f1xx_hal_tim.o(i.TIM_TI2_ConfigInputStage)
    TIM_TI2_ConfigInputStage                 0x08003d77   Thumb Code    36  stm32f1xx_hal_tim.o(i.TIM_TI2_ConfigInputStage)
    i.UART_DMAAbortOnError                   0x08003d9a   Section        0  stm32f1xx_hal_uart.o(i.UART_DMAAbortOnError)
    UART_DMAAbortOnError                     0x08003d9b   Thumb Code    16  stm32f1xx_hal_uart.o(i.UART_DMAAbortOnError)
    i.UART_EndRxTransfer                     0x08003daa   Section        0  stm32f1xx_hal_uart.o(i.UART_EndRxTransfer)
    UART_EndRxTransfer                       0x08003dab   Thumb Code    78  stm32f1xx_hal_uart.o(i.UART_EndRxTransfer)
    i.UART_Receive_IT                        0x08003df8   Section        0  stm32f1xx_hal_uart.o(i.UART_Receive_IT)
    UART_Receive_IT                          0x08003df9   Thumb Code   194  stm32f1xx_hal_uart.o(i.UART_Receive_IT)
    i.UART_SetConfig                         0x08003ebc   Section        0  stm32f1xx_hal_uart.o(i.UART_SetConfig)
    UART_SetConfig                           0x08003ebd   Thumb Code   178  stm32f1xx_hal_uart.o(i.UART_SetConfig)
    i.UART_Start_Receive_IT                  0x08003f74   Section        0  stm32f1xx_hal_uart.o(i.UART_Start_Receive_IT)
    i.UART_WaitOnFlagUntilTimeout            0x08003faa   Section        0  stm32f1xx_hal_uart.o(i.UART_WaitOnFlagUntilTimeout)
    UART_WaitOnFlagUntilTimeout              0x08003fab   Thumb Code   114  stm32f1xx_hal_uart.o(i.UART_WaitOnFlagUntilTimeout)
    i.USART1_IRQHandler                      0x0800401c   Section        0  stm32f1xx_it.o(i.USART1_IRQHandler)
    i.UsageFault_Handler                     0x08004028   Section        0  stm32f1xx_it.o(i.UsageFault_Handler)
    i.__0printf                              0x0800402c   Section        0  printfa.o(i.__0printf)
    i.__ARM_fpclassify                       0x0800404c   Section        0  fpclassify.o(i.__ARM_fpclassify)
    i.__NVIC_SetPriority                     0x08004074   Section        0  stm32f1xx_hal_cortex.o(i.__NVIC_SetPriority)
    __NVIC_SetPriority                       0x08004075   Thumb Code    32  stm32f1xx_hal_cortex.o(i.__NVIC_SetPriority)
    i.__kernel_poly                          0x08004094   Section        0  poly.o(i.__kernel_poly)
    i.__mathlib_dbl_divzero                  0x08004140   Section        0  dunder.o(i.__mathlib_dbl_divzero)
    i.__mathlib_dbl_infnan2                  0x08004150   Section        0  dunder.o(i.__mathlib_dbl_infnan2)
    i.__mathlib_dbl_invalid                  0x08004154   Section        0  dunder.o(i.__mathlib_dbl_invalid)
    i.__mathlib_dbl_overflow                 0x08004160   Section        0  dunder.o(i.__mathlib_dbl_overflow)
    i.__mathlib_dbl_underflow                0x08004170   Section        0  dunder.o(i.__mathlib_dbl_underflow)
    i.__scatterload_copy                     0x08004180   Section       14  handlers.o(i.__scatterload_copy)
    i.__scatterload_null                     0x0800418e   Section        2  handlers.o(i.__scatterload_null)
    i.__scatterload_zeroinit                 0x08004190   Section       14  handlers.o(i.__scatterload_zeroinit)
    i.__set_errno                            0x080041a0   Section        0  errno.o(i.__set_errno)
    i._fp_digits                             0x080041ac   Section        0  printfa.o(i._fp_digits)
    _fp_digits                               0x080041ad   Thumb Code   366  printfa.o(i._fp_digits)
    i._printf_core                           0x08004330   Section        0  printfa.o(i._printf_core)
    _printf_core                             0x08004331   Thumb Code  1704  printfa.o(i._printf_core)
    i._printf_post_padding                   0x080049e4   Section        0  printfa.o(i._printf_post_padding)
    _printf_post_padding                     0x080049e5   Thumb Code    36  printfa.o(i._printf_post_padding)
    i._printf_pre_padding                    0x08004a08   Section        0  printfa.o(i._printf_pre_padding)
    _printf_pre_padding                      0x08004a09   Thumb Code    46  printfa.o(i._printf_pre_padding)
    i.calculateAMModulate                    0x08004a38   Section        0  main.o(i.calculateAMModulate)
    i.calculateFMModulate                    0x08005194   Section        0  main.o(i.calculateFMModulate)
    i.claculateMaxFreqOffset                 0x08005c04   Section        0  main.o(i.claculateMaxFreqOffset)
    i.extract_both_amplitudes                0x08005c24   Section        0  main.o(i.extract_both_amplitudes)
    i.find_dominant_frequency                0x08005df4   Section        0  fft.o(i.find_dominant_frequency)
    i.fputc                                  0x08005ecc   Section        0  main.o(i.fputc)
    i.judegeCW                               0x08005ee4   Section        0  main.o(i.judegeCW)
    i.judgeAMFMCW                            0x08005f08   Section        0  main.o(i.judgeAMFMCW)
    i.loop                                   0x080060e4   Section        0  main.o(i.loop)
    i.main                                   0x0800619c   Section        0  main.o(i.main)
    i.pow                                    0x0800622c   Section        0  pow.o(i.pow)
    i.putc                                   0x08006c04   Section        0  putc.o(i.putc)
    i.round                                  0x08006c08   Section        0  round.o(i.round)
    i.sqrt                                   0x08006c9c   Section        0  sqrt.o(i.sqrt)
    i.sqrtf                                  0x08006ce8   Section        0  sqrtf.o(i.sqrtf)
    i.sum                                    0x08006d14   Section        0  main.o(i.sum)
    .constdata                               0x08006d40   Section       18  stm32f1xx_hal_rcc.o(.constdata)
    aPredivFactorTable                       0x08006d40   Data           2  stm32f1xx_hal_rcc.o(.constdata)
    aPLLMULFactorTable                       0x08006d42   Data          16  stm32f1xx_hal_rcc.o(.constdata)
    .constdata                               0x08006d52   Section       16  system_stm32f1xx.o(.constdata)
    .constdata                               0x08006d62   Section        8  system_stm32f1xx.o(.constdata)
    .constdata                               0x08006d70   Section      136  pow.o(.constdata)
    bp                                       0x08006d70   Data          16  pow.o(.constdata)
    dp_h                                     0x08006d80   Data          16  pow.o(.constdata)
    dp_l                                     0x08006d90   Data          16  pow.o(.constdata)
    L                                        0x08006da0   Data          48  pow.o(.constdata)
    P                                        0x08006dd0   Data          40  pow.o(.constdata)
    .constdata                               0x08006df8   Section        8  qnan.o(.constdata)
    .data                                    0x20000000   Section        6  ad9854.o(.data)
    .data                                    0x20000008   Section        8  fft.o(.data)
    .data                                    0x20000010   Section       32  main.o(.data)
    index                                    0x20000011   Data           1  main.o(.data)
    .data                                    0x20000030   Section       12  stm32f1xx_hal.o(.data)
    .data                                    0x2000003c   Section        4  system_stm32f1xx.o(.data)
    .data                                    0x20000040   Section        4  stdout.o(.data)
    .data                                    0x20000044   Section        4  errno.o(.data)
    _errno                                   0x20000044   Data           4  errno.o(.data)
    .bss                                     0x20000048   Section    12308  fft.o(.bss)
    .bss                                     0x2000305c   Section     4296  main.o(.bss)
    types                                    0x200030fc   Data          40  main.o(.bss)
    .bss                                     0x20004124   Section      232  adc.o(.bss)
    .bss                                     0x2000420c   Section       72  tim.o(.bss)
    .bss                                     0x20004254   Section       72  usart.o(.bss)
    STACK                                    0x200042a0   Section     8192  startup_stm32f103xe.o(STACK)

    Global Symbols

    Symbol Name                              Value     Ov Type        Size  Object(Section)

    BuildAttributes$$THM_ISAv4$P$D$K$B$S$PE$A:L22UL41UL21$X:L11$S22US41US21$IEEE1$IW$USESV6$~STKCKD$USESV7$~SHL$OTIME$ROPI$IEEEX$EBA8$MICROLIB$REQ8$PRES8$EABIv2 0x00000000   Number         0  anon$$obj.o ABSOLUTE
    __ARM_use_no_argv                        0x00000000   Number         0  main.o ABSOLUTE
    _printf_a                                0x00000000   Number         0  stubs.o ABSOLUTE
    _printf_c                                0x00000000   Number         0  stubs.o ABSOLUTE
    _printf_charcount                        0x00000000   Number         0  stubs.o ABSOLUTE
    _printf_d                                0x00000000   Number         0  stubs.o ABSOLUTE
    _printf_e                                0x00000000   Number         0  stubs.o ABSOLUTE
    _printf_f                                0x00000000   Number         0  stubs.o ABSOLUTE
    _printf_flags                            0x00000000   Number         0  stubs.o ABSOLUTE
    _printf_fp_dec                           0x00000000   Number         0  stubs.o ABSOLUTE
    _printf_fp_hex                           0x00000000   Number         0  stubs.o ABSOLUTE
    _printf_g                                0x00000000   Number         0  stubs.o ABSOLUTE
    _printf_i                                0x00000000   Number         0  stubs.o ABSOLUTE
    _printf_int_dec                          0x00000000   Number         0  stubs.o ABSOLUTE
    _printf_l                                0x00000000   Number         0  stubs.o ABSOLUTE
    _printf_lc                               0x00000000   Number         0  stubs.o ABSOLUTE
    _printf_ll                               0x00000000   Number         0  stubs.o ABSOLUTE
    _printf_lld                              0x00000000   Number         0  stubs.o ABSOLUTE
    _printf_lli                              0x00000000   Number         0  stubs.o ABSOLUTE
    _printf_llo                              0x00000000   Number         0  stubs.o ABSOLUTE
    _printf_llu                              0x00000000   Number         0  stubs.o ABSOLUTE
    _printf_llx                              0x00000000   Number         0  stubs.o ABSOLUTE
    _printf_longlong_dec                     0x00000000   Number         0  stubs.o ABSOLUTE
    _printf_longlong_hex                     0x00000000   Number         0  stubs.o ABSOLUTE
    _printf_longlong_oct                     0x00000000   Number         0  stubs.o ABSOLUTE
    _printf_ls                               0x00000000   Number         0  stubs.o ABSOLUTE
    _printf_mbtowc                           0x00000000   Number         0  stubs.o ABSOLUTE
    _printf_n                                0x00000000   Number         0  stubs.o ABSOLUTE
    _printf_o                                0x00000000   Number         0  stubs.o ABSOLUTE
    _printf_p                                0x00000000   Number         0  stubs.o ABSOLUTE
    _printf_percent                          0x00000000   Number         0  stubs.o ABSOLUTE
    _printf_pre_padding                      0x00000000   Number         0  stubs.o ABSOLUTE
    _printf_return_value                     0x00000000   Number         0  stubs.o ABSOLUTE
    _printf_s                                0x00000000   Number         0  stubs.o ABSOLUTE
    _printf_sizespec                         0x00000000   Number         0  stubs.o ABSOLUTE
    _printf_str                              0x00000000   Number         0  stubs.o ABSOLUTE
    _printf_truncate_signed                  0x00000000   Number         0  stubs.o ABSOLUTE
    _printf_truncate_unsigned                0x00000000   Number         0  stubs.o ABSOLUTE
    _printf_u                                0x00000000   Number         0  stubs.o ABSOLUTE
    _printf_wc                               0x00000000   Number         0  stubs.o ABSOLUTE
    _printf_wctomb                           0x00000000   Number         0  stubs.o ABSOLUTE
    _printf_widthprec                        0x00000000   Number         0  stubs.o ABSOLUTE
    _printf_x                                0x00000000   Number         0  stubs.o ABSOLUTE
    __arm_fini_                               - Undefined Weak Reference
    __cpp_initialize__aeabi_                  - Undefined Weak Reference
    __cxa_finalize                            - Undefined Weak Reference
    __decompress                              - Undefined Weak Reference
    _clock_init                               - Undefined Weak Reference
    _microlib_exit                            - Undefined Weak Reference
    __Vectors_Size                           0x00000130   Number         0  startup_stm32f103xe.o ABSOLUTE
    __Vectors                                0x08000000   Data           4  startup_stm32f103xe.o(RESET)
    __Vectors_End                            0x08000130   Data           0  startup_stm32f103xe.o(RESET)
    __main                                   0x08000131   Thumb Code     0  entry.o(.ARM.Collect$$$$00000000)
    _main_stk                                0x08000131   Thumb Code     0  entry2.o(.ARM.Collect$$$$00000001)
    _main_scatterload                        0x08000135   Thumb Code     0  entry5.o(.ARM.Collect$$$$00000004)
    __main_after_scatterload                 0x08000139   Thumb Code     0  entry5.o(.ARM.Collect$$$$00000004)
    _main_clock                              0x08000139   Thumb Code     0  entry7b.o(.ARM.Collect$$$$00000008)
    _main_cpp_init                           0x08000139   Thumb Code     0  entry8b.o(.ARM.Collect$$$$0000000A)
    _main_init                               0x08000139   Thumb Code     0  entry9a.o(.ARM.Collect$$$$0000000B)
    __rt_lib_shutdown_fini                   0x08000141   Thumb Code     0  entry12b.o(.ARM.Collect$$$$0000000E)
    __rt_final_cpp                           0x08000145   Thumb Code     0  entry10a.o(.ARM.Collect$$$$0000000F)
    __rt_final_exit                          0x08000145   Thumb Code     0  entry11a.o(.ARM.Collect$$$$00000011)
    Reset_Handler                            0x08000149   Thumb Code     8  startup_stm32f103xe.o(.text)
    ADC1_2_IRQHandler                        0x08000163   Thumb Code     0  startup_stm32f103xe.o(.text)
    ADC3_IRQHandler                          0x08000163   Thumb Code     0  startup_stm32f103xe.o(.text)
    CAN1_RX1_IRQHandler                      0x08000163   Thumb Code     0  startup_stm32f103xe.o(.text)
    CAN1_SCE_IRQHandler                      0x08000163   Thumb Code     0  startup_stm32f103xe.o(.text)
    DMA1_Channel2_IRQHandler                 0x08000163   Thumb Code     0  startup_stm32f103xe.o(.text)
    DMA1_Channel3_IRQHandler                 0x08000163   Thumb Code     0  startup_stm32f103xe.o(.text)
    DMA1_Channel4_IRQHandler                 0x08000163   Thumb Code     0  startup_stm32f103xe.o(.text)
    DMA1_Channel5_IRQHandler                 0x08000163   Thumb Code     0  startup_stm32f103xe.o(.text)
    DMA1_Channel6_IRQHandler                 0x08000163   Thumb Code     0  startup_stm32f103xe.o(.text)
    DMA1_Channel7_IRQHandler                 0x08000163   Thumb Code     0  startup_stm32f103xe.o(.text)
    DMA2_Channel1_IRQHandler                 0x08000163   Thumb Code     0  startup_stm32f103xe.o(.text)
    DMA2_Channel2_IRQHandler                 0x08000163   Thumb Code     0  startup_stm32f103xe.o(.text)
    DMA2_Channel3_IRQHandler                 0x08000163   Thumb Code     0  startup_stm32f103xe.o(.text)
    EXTI0_IRQHandler                         0x08000163   Thumb Code     0  startup_stm32f103xe.o(.text)
    EXTI15_10_IRQHandler                     0x08000163   Thumb Code     0  startup_stm32f103xe.o(.text)
    EXTI1_IRQHandler                         0x08000163   Thumb Code     0  startup_stm32f103xe.o(.text)
    EXTI2_IRQHandler                         0x08000163   Thumb Code     0  startup_stm32f103xe.o(.text)
    EXTI3_IRQHandler                         0x08000163   Thumb Code     0  startup_stm32f103xe.o(.text)
    EXTI4_IRQHandler                         0x08000163   Thumb Code     0  startup_stm32f103xe.o(.text)
    EXTI9_5_IRQHandler                       0x08000163   Thumb Code     0  startup_stm32f103xe.o(.text)
    FLASH_IRQHandler                         0x08000163   Thumb Code     0  startup_stm32f103xe.o(.text)
    FSMC_IRQHandler                          0x08000163   Thumb Code     0  startup_stm32f103xe.o(.text)
    I2C1_ER_IRQHandler                       0x08000163   Thumb Code     0  startup_stm32f103xe.o(.text)
    I2C1_EV_IRQHandler                       0x08000163   Thumb Code     0  startup_stm32f103xe.o(.text)
    I2C2_ER_IRQHandler                       0x08000163   Thumb Code     0  startup_stm32f103xe.o(.text)
    I2C2_EV_IRQHandler                       0x08000163   Thumb Code     0  startup_stm32f103xe.o(.text)
    PVD_IRQHandler                           0x08000163   Thumb Code     0  startup_stm32f103xe.o(.text)
    RCC_IRQHandler                           0x08000163   Thumb Code     0  startup_stm32f103xe.o(.text)
    RTC_Alarm_IRQHandler                     0x08000163   Thumb Code     0  startup_stm32f103xe.o(.text)
    RTC_IRQHandler                           0x08000163   Thumb Code     0  startup_stm32f103xe.o(.text)
    SDIO_IRQHandler                          0x08000163   Thumb Code     0  startup_stm32f103xe.o(.text)
    SPI1_IRQHandler                          0x08000163   Thumb Code     0  startup_stm32f103xe.o(.text)
    SPI2_IRQHandler                          0x08000163   Thumb Code     0  startup_stm32f103xe.o(.text)
    SPI3_IRQHandler                          0x08000163   Thumb Code     0  startup_stm32f103xe.o(.text)
    TAMPER_IRQHandler                        0x08000163   Thumb Code     0  startup_stm32f103xe.o(.text)
    TIM1_BRK_IRQHandler                      0x08000163   Thumb Code     0  startup_stm32f103xe.o(.text)
    TIM1_CC_IRQHandler                       0x08000163   Thumb Code     0  startup_stm32f103xe.o(.text)
    TIM1_TRG_COM_IRQHandler                  0x08000163   Thumb Code     0  startup_stm32f103xe.o(.text)
    TIM1_UP_IRQHandler                       0x08000163   Thumb Code     0  startup_stm32f103xe.o(.text)
    TIM2_IRQHandler                          0x08000163   Thumb Code     0  startup_stm32f103xe.o(.text)
    TIM3_IRQHandler                          0x08000163   Thumb Code     0  startup_stm32f103xe.o(.text)
    TIM4_IRQHandler                          0x08000163   Thumb Code     0  startup_stm32f103xe.o(.text)
    TIM5_IRQHandler                          0x08000163   Thumb Code     0  startup_stm32f103xe.o(.text)
    TIM6_IRQHandler                          0x08000163   Thumb Code     0  startup_stm32f103xe.o(.text)
    TIM7_IRQHandler                          0x08000163   Thumb Code     0  startup_stm32f103xe.o(.text)
    TIM8_BRK_IRQHandler                      0x08000163   Thumb Code     0  startup_stm32f103xe.o(.text)
    TIM8_CC_IRQHandler                       0x08000163   Thumb Code     0  startup_stm32f103xe.o(.text)
    TIM8_TRG_COM_IRQHandler                  0x08000163   Thumb Code     0  startup_stm32f103xe.o(.text)
    UART4_IRQHandler                         0x08000163   Thumb Code     0  startup_stm32f103xe.o(.text)
    UART5_IRQHandler                         0x08000163   Thumb Code     0  startup_stm32f103xe.o(.text)
    USART2_IRQHandler                        0x08000163   Thumb Code     0  startup_stm32f103xe.o(.text)
    USART3_IRQHandler                        0x08000163   Thumb Code     0  startup_stm32f103xe.o(.text)
    USBWakeUp_IRQHandler                     0x08000163   Thumb Code     0  startup_stm32f103xe.o(.text)
    USB_HP_CAN1_TX_IRQHandler                0x08000163   Thumb Code     0  startup_stm32f103xe.o(.text)
    USB_LP_CAN1_RX0_IRQHandler               0x08000163   Thumb Code     0  startup_stm32f103xe.o(.text)
    WWDG_IRQHandler                          0x08000163   Thumb Code     0  startup_stm32f103xe.o(.text)
    __aeabi_llsr                             0x0800016d   Thumb Code    32  llushr.o(.text)
    _ll_ushift_r                             0x0800016d   Thumb Code     0  llushr.o(.text)
    __aeabi_memset                           0x0800018d   Thumb Code    14  memseta.o(.text)
    __aeabi_memset4                          0x0800018d   Thumb Code     0  memseta.o(.text)
    __aeabi_memset8                          0x0800018d   Thumb Code     0  memseta.o(.text)
    __aeabi_memclr                           0x0800019b   Thumb Code     4  memseta.o(.text)
    __aeabi_memclr4                          0x0800019b   Thumb Code     0  memseta.o(.text)
    __aeabi_memclr8                          0x0800019b   Thumb Code     0  memseta.o(.text)
    _memset$wrapper                          0x0800019f   Thumb Code    18  memseta.o(.text)
    __aeabi_fadd                             0x080001b1   Thumb Code   164  fadd.o(.text)
    __aeabi_fsub                             0x08000255   Thumb Code     6  fadd.o(.text)
    __aeabi_frsub                            0x0800025b   Thumb Code     6  fadd.o(.text)
    __aeabi_fmul                             0x08000261   Thumb Code   100  fmul.o(.text)
    __aeabi_fdiv                             0x080002c5   Thumb Code   124  fdiv.o(.text)
    __ARM_scalbnf                            0x08000341   Thumb Code    24  fscalb.o(.text)
    scalbnf                                  0x08000341   Thumb Code     0  fscalb.o(.text)
    __aeabi_dadd                             0x08000359   Thumb Code   322  dadd.o(.text)
    __aeabi_dsub                             0x0800049b   Thumb Code     6  dadd.o(.text)
    __aeabi_drsub                            0x080004a1   Thumb Code     6  dadd.o(.text)
    __aeabi_dmul                             0x080004a7   Thumb Code   228  dmul.o(.text)
    __aeabi_ddiv                             0x0800058b   Thumb Code   222  ddiv.o(.text)
    __aeabi_i2f                              0x08000669   Thumb Code    18  fflti.o(.text)
    __aeabi_ui2f                             0x0800067b   Thumb Code    10  ffltui.o(.text)
    __aeabi_ui2d                             0x08000685   Thumb Code    26  dfltui.o(.text)
    __aeabi_f2uiz                            0x0800069f   Thumb Code    40  ffixui.o(.text)
    __aeabi_d2iz                             0x080006c7   Thumb Code    62  dfixi.o(.text)
    __aeabi_d2uiz                            0x08000705   Thumb Code    50  dfixui.o(.text)
    __aeabi_f2d                              0x08000737   Thumb Code    38  f2d.o(.text)
    __aeabi_d2f                              0x0800075d   Thumb Code    56  d2f.o(.text)
    __aeabi_cfcmpeq                          0x08000795   Thumb Code     0  cfcmple.o(.text)
    __aeabi_cfcmple                          0x08000795   Thumb Code    20  cfcmple.o(.text)
    __aeabi_cfrcmple                         0x080007a9   Thumb Code    20  cfrcmple.o(.text)
    __aeabi_uidiv                            0x080007bd   Thumb Code     0  uidiv.o(.text)
    __aeabi_uidivmod                         0x080007bd   Thumb Code    44  uidiv.o(.text)
    __aeabi_uldivmod                         0x080007e9   Thumb Code    98  uldiv.o(.text)
    __aeabi_llsl                             0x0800084b   Thumb Code    30  llshl.o(.text)
    _ll_shift_l                              0x0800084b   Thumb Code     0  llshl.o(.text)
    __aeabi_lasr                             0x08000869   Thumb Code    36  llsshr.o(.text)
    _ll_sshift_r                             0x08000869   Thumb Code     0  llsshr.o(.text)
    __I$use$fp                               0x0800088d   Thumb Code     0  iusefp.o(.text)
    _float_round                             0x0800088d   Thumb Code    18  fepilogue.o(.text)
    _float_epilogue                          0x0800089f   Thumb Code    92  fepilogue.o(.text)
    _fsqrt                                   0x080008fb   Thumb Code    94  fsqrt.o(.text)
    _double_round                            0x08000959   Thumb Code    30  depilogue.o(.text)
    _double_epilogue                         0x08000977   Thumb Code   156  depilogue.o(.text)
    __ARM_scalbn                             0x08000a13   Thumb Code    46  dscalb.o(.text)
    scalbn                                   0x08000a13   Thumb Code     0  dscalb.o(.text)
    _drnd                                    0x08000a41   Thumb Code   132  drnd.o(.text)
    __aeabi_i2d                              0x08000ac9   Thumb Code    34  dflti.o(.text)
    __aeabi_d2ulz                            0x08000aeb   Thumb Code    48  dfixul.o(.text)
    __aeabi_cdcmpeq                          0x08000b1d   Thumb Code     0  cdcmple.o(.text)
    __aeabi_cdcmple                          0x08000b1d   Thumb Code    48  cdcmple.o(.text)
    __aeabi_cdrcmple                         0x08000b4d   Thumb Code    48  cdrcmple.o(.text)
    __scatterload                            0x08000b7d   Thumb Code    28  init.o(.text)
    __scatterload_rt2                        0x08000b7d   Thumb Code     0  init.o(.text)
    _dsqrt                                   0x08000ba1   Thumb Code   162  dsqrt.o(.text)
    arm_bitreversal_f32                      0x08000c45   Thumb Code   190  arm_bitreversal.o(.text.arm_bitreversal_f32)
    arm_cfft_radix4_f32                      0x08000d03   Thumb Code    74  arm_cfft_radix4_f32.o(.text.arm_cfft_radix4_f32)
    arm_cfft_radix4_init_f32                 0x08000d4d   Thumb Code   124  arm_cfft_radix4_init_f32.o(.text.arm_cfft_radix4_init_f32)
    arm_cmplx_mag_f32                        0x08000dc9   Thumb Code   238  arm_cmplx_mag_f32.o(.text.arm_cmplx_mag_f32)
    arm_radix4_butterfly_f32                 0x08000eb9   Thumb Code  1520  arm_cfft_radix4_f32.o(.text.arm_radix4_butterfly_f32)
    arm_radix4_butterfly_inverse_f32         0x080014a9   Thumb Code  1594  arm_cfft_radix4_f32.o(.text.arm_radix4_butterfly_inverse_f32)
    AD9854_Init                              0x08001ae5   Thumb Code   134  ad9854.o(i.AD9854_Init)
    AD9854_SetSine                           0x08001b75   Thumb Code   108  ad9854.o(i.AD9854_SetSine)
    ADC_ConversionStop_Disable               0x08001c35   Thumb Code    86  stm32f1xx_hal_adc.o(i.ADC_ConversionStop_Disable)
    ADC_DMAConvCplt                          0x08001c8b   Thumb Code    78  stm32f1xx_hal_adc.o(i.ADC_DMAConvCplt)
    ADC_DMAError                             0x08001cd9   Thumb Code    26  stm32f1xx_hal_adc.o(i.ADC_DMAError)
    ADC_DMAHalfConvCplt                      0x08001cf3   Thumb Code    10  stm32f1xx_hal_adc.o(i.ADC_DMAHalfConvCplt)
    ADC_Enable                               0x08001cfd   Thumb Code   114  stm32f1xx_hal_adc.o(i.ADC_Enable)
    BusFault_Handler                         0x08001d79   Thumb Code     2  stm32f1xx_it.o(i.BusFault_Handler)
    CD_4051_SetChannel                       0x08001d7d   Thumb Code    74  cd4051.o(i.CD_4051_SetChannel)
    DMA1_Channel1_IRQHandler                 0x08001dcd   Thumb Code     6  stm32f1xx_it.o(i.DMA1_Channel1_IRQHandler)
    DMA2_Channel4_5_IRQHandler               0x08001dd9   Thumb Code     6  stm32f1xx_it.o(i.DMA2_Channel4_5_IRQHandler)
    DebugMon_Handler                         0x08001e0f   Thumb Code     2  stm32f1xx_it.o(i.DebugMon_Handler)
    End                                      0x08001e11   Thumb Code    30  main.o(i.End)
    Error_Handler                            0x08001e35   Thumb Code     4  main.o(i.Error_Handler)
    HAL_ADC_ConfigChannel                    0x08001e79   Thumb Code   240  stm32f1xx_hal_adc.o(i.HAL_ADC_ConfigChannel)
    HAL_ADC_ConvCpltCallback                 0x08001f75   Thumb Code     2  stm32f1xx_hal_adc.o(i.HAL_ADC_ConvCpltCallback)
    HAL_ADC_ConvHalfCpltCallback             0x08001f77   Thumb Code     2  stm32f1xx_hal_adc.o(i.HAL_ADC_ConvHalfCpltCallback)
    HAL_ADC_ErrorCallback                    0x08001f79   Thumb Code     2  stm32f1xx_hal_adc.o(i.HAL_ADC_ErrorCallback)
    HAL_ADC_Init                             0x08001f7d   Thumb Code   272  stm32f1xx_hal_adc.o(i.HAL_ADC_Init)
    HAL_ADC_MspInit                          0x0800209d   Thumb Code   206  adc.o(i.HAL_ADC_MspInit)
    HAL_ADC_Start_DMA                        0x08002189   Thumb Code   246  stm32f1xx_hal_adc.o(i.HAL_ADC_Start_DMA)
    HAL_DMA_Abort                            0x08002295   Thumb Code    70  stm32f1xx_hal_dma.o(i.HAL_DMA_Abort)
    HAL_DMA_Abort_IT                         0x080022dd   Thumb Code   296  stm32f1xx_hal_dma.o(i.HAL_DMA_Abort_IT)
    HAL_DMA_IRQHandler                       0x0800240d   Thumb Code   552  stm32f1xx_hal_dma.o(i.HAL_DMA_IRQHandler)
    HAL_DMA_Init                             0x08002655   Thumb Code   112  stm32f1xx_hal_dma.o(i.HAL_DMA_Init)
    HAL_DMA_Start_IT                         0x080026d1   Thumb Code   112  stm32f1xx_hal_dma.o(i.HAL_DMA_Start_IT)
    HAL_Delay                                0x08002741   Thumb Code    32  stm32f1xx_hal.o(i.HAL_Delay)
    HAL_GPIO_Init                            0x08002765   Thumb Code   462  stm32f1xx_hal_gpio.o(i.HAL_GPIO_Init)
    HAL_GPIO_WritePin                        0x0800295d   Thumb Code    10  stm32f1xx_hal_gpio.o(i.HAL_GPIO_WritePin)
    HAL_GetTick                              0x08002969   Thumb Code     6  stm32f1xx_hal.o(i.HAL_GetTick)
    HAL_IncTick                              0x08002975   Thumb Code    12  stm32f1xx_hal.o(i.HAL_IncTick)
    HAL_Init                                 0x08002985   Thumb Code    32  stm32f1xx_hal.o(i.HAL_Init)
    HAL_InitTick                             0x080029a9   Thumb Code    54  stm32f1xx_hal.o(i.HAL_InitTick)
    HAL_MspInit                              0x080029e9   Thumb Code    52  stm32f1xx_hal_msp.o(i.HAL_MspInit)
    HAL_NVIC_EnableIRQ                       0x08002a25   Thumb Code    26  stm32f1xx_hal_cortex.o(i.HAL_NVIC_EnableIRQ)
    HAL_NVIC_SetPriority                     0x08002a41   Thumb Code    60  stm32f1xx_hal_cortex.o(i.HAL_NVIC_SetPriority)
    HAL_NVIC_SetPriorityGrouping             0x08002a81   Thumb Code    26  stm32f1xx_hal_cortex.o(i.HAL_NVIC_SetPriorityGrouping)
    HAL_RCCEx_PeriphCLKConfig                0x08002aa5   Thumb Code   224  stm32f1xx_hal_rcc_ex.o(i.HAL_RCCEx_PeriphCLKConfig)
    HAL_RCC_ClockConfig                      0x08002b91   Thumb Code   280  stm32f1xx_hal_rcc.o(i.HAL_RCC_ClockConfig)
    HAL_RCC_GetPCLK1Freq                     0x08002cbd   Thumb Code    20  stm32f1xx_hal_rcc.o(i.HAL_RCC_GetPCLK1Freq)
    HAL_RCC_GetPCLK2Freq                     0x08002cdd   Thumb Code    20  stm32f1xx_hal_rcc.o(i.HAL_RCC_GetPCLK2Freq)
    HAL_RCC_GetSysClockFreq                  0x08002cfd   Thumb Code    58  stm32f1xx_hal_rcc.o(i.HAL_RCC_GetSysClockFreq)
    HAL_RCC_OscConfig                        0x08002d49   Thumb Code   778  stm32f1xx_hal_rcc.o(i.HAL_RCC_OscConfig)
    HAL_SYSTICK_Config                       0x08003069   Thumb Code    40  stm32f1xx_hal_cortex.o(i.HAL_SYSTICK_Config)
    HAL_TIMEx_BreakCallback                  0x08003091   Thumb Code     2  stm32f1xx_hal_tim_ex.o(i.HAL_TIMEx_BreakCallback)
    HAL_TIMEx_CommutCallback                 0x08003093   Thumb Code     2  stm32f1xx_hal_tim_ex.o(i.HAL_TIMEx_CommutCallback)
    HAL_TIMEx_MasterConfigSynchronization    0x08003095   Thumb Code   104  stm32f1xx_hal_tim_ex.o(i.HAL_TIMEx_MasterConfigSynchronization)
    HAL_TIM_Base_Init                        0x08003111   Thumb Code    90  stm32f1xx_hal_tim.o(i.HAL_TIM_Base_Init)
    HAL_TIM_Base_MspInit                     0x0800316d   Thumb Code    50  tim.o(i.HAL_TIM_Base_MspInit)
    HAL_TIM_Base_Start                       0x080031a9   Thumb Code    78  stm32f1xx_hal_tim.o(i.HAL_TIM_Base_Start)
    HAL_TIM_ConfigClockSource                0x0800320d   Thumb Code   220  stm32f1xx_hal_tim.o(i.HAL_TIM_ConfigClockSource)
    HAL_TIM_IC_CaptureCallback               0x080032e9   Thumb Code     2  stm32f1xx_hal_tim.o(i.HAL_TIM_IC_CaptureCallback)
    HAL_TIM_IRQHandler                       0x080032eb   Thumb Code   304  stm32f1xx_hal_tim.o(i.HAL_TIM_IRQHandler)
    HAL_TIM_OC_DelayElapsedCallback          0x0800341b   Thumb Code     2  stm32f1xx_hal_tim.o(i.HAL_TIM_OC_DelayElapsedCallback)
    HAL_TIM_PWM_PulseFinishedCallback        0x0800341d   Thumb Code     2  stm32f1xx_hal_tim.o(i.HAL_TIM_PWM_PulseFinishedCallback)
    HAL_TIM_PeriodElapsedCallback            0x0800341f   Thumb Code     2  stm32f1xx_hal_tim.o(i.HAL_TIM_PeriodElapsedCallback)
    HAL_TIM_TriggerCallback                  0x08003421   Thumb Code     2  stm32f1xx_hal_tim.o(i.HAL_TIM_TriggerCallback)
    HAL_UARTEx_RxEventCallback               0x08003423   Thumb Code     2  stm32f1xx_hal_uart.o(i.HAL_UARTEx_RxEventCallback)
    HAL_UART_ErrorCallback                   0x08003425   Thumb Code     2  stm32f1xx_hal_uart.o(i.HAL_UART_ErrorCallback)
    HAL_UART_IRQHandler                      0x08003429   Thumb Code   616  stm32f1xx_hal_uart.o(i.HAL_UART_IRQHandler)
    HAL_UART_Init                            0x08003695   Thumb Code   100  stm32f1xx_hal_uart.o(i.HAL_UART_Init)
    HAL_UART_MspInit                         0x080036f9   Thumb Code   116  usart.o(i.HAL_UART_MspInit)
    HAL_UART_Receive_IT                      0x08003779   Thumb Code    28  stm32f1xx_hal_uart.o(i.HAL_UART_Receive_IT)
    HAL_UART_RxCpltCallback                  0x08003795   Thumb Code    54  main.o(i.HAL_UART_RxCpltCallback)
    HAL_UART_Transmit                        0x080037dd   Thumb Code   160  stm32f1xx_hal_uart.o(i.HAL_UART_Transmit)
    HAL_UART_TxCpltCallback                  0x0800387d   Thumb Code     2  stm32f1xx_hal_uart.o(i.HAL_UART_TxCpltCallback)
    HMC241_Set_Channel                       0x08003881   Thumb Code    66  hmc241.o(i.HMC241_Set_Channel)
    HardFault_Handler                        0x080038c9   Thumb Code     2  stm32f1xx_it.o(i.HardFault_Handler)
    JudgeType                                0x080038cd   Thumb Code   154  main.o(i.JudgeType)
    MX_ADC1_Init                             0x08003971   Thumb Code    82  adc.o(i.MX_ADC1_Init)
    MX_ADC3_Init                             0x080039d1   Thumb Code    68  adc.o(i.MX_ADC3_Init)
    MX_DMA_Init                              0x08003a1d   Thumb Code    72  dma.o(i.MX_DMA_Init)
    MX_GPIO_Init                             0x08003a69   Thumb Code   220  gpio.o(i.MX_GPIO_Init)
    MX_TIM8_Init                             0x08003b59   Thumb Code    98  tim.o(i.MX_TIM8_Init)
    MX_USART1_UART_Init                      0x08003bc5   Thumb Code    48  usart.o(i.MX_USART1_UART_Init)
    MemManage_Handler                        0x08003bfd   Thumb Code     2  stm32f1xx_it.o(i.MemManage_Handler)
    NMI_Handler                              0x08003bff   Thumb Code     2  stm32f1xx_it.o(i.NMI_Handler)
    PendSV_Handler                           0x08003c01   Thumb Code     2  stm32f1xx_it.o(i.PendSV_Handler)
    SVC_Handler                              0x08003c03   Thumb Code     2  stm32f1xx_it.o(i.SVC_Handler)
    SysTick_Handler                          0x08003c05   Thumb Code     4  stm32f1xx_it.o(i.SysTick_Handler)
    SystemClock_Config                       0x08003c09   Thumb Code   126  main.o(i.SystemClock_Config)
    SystemInit                               0x08003c87   Thumb Code     2  system_stm32f1xx.o(i.SystemInit)
    TIM8_UP_IRQHandler                       0x08003c89   Thumb Code     6  stm32f1xx_it.o(i.TIM8_UP_IRQHandler)
    TIM_Base_SetConfig                       0x08003c95   Thumb Code   134  stm32f1xx_hal_tim.o(i.TIM_Base_SetConfig)
    TIM_ETR_SetConfig                        0x08003d31   Thumb Code    20  stm32f1xx_hal_tim.o(i.TIM_ETR_SetConfig)
    UART_Start_Receive_IT                    0x08003f75   Thumb Code    54  stm32f1xx_hal_uart.o(i.UART_Start_Receive_IT)
    USART1_IRQHandler                        0x0800401d   Thumb Code     6  stm32f1xx_it.o(i.USART1_IRQHandler)
    UsageFault_Handler                       0x08004029   Thumb Code     2  stm32f1xx_it.o(i.UsageFault_Handler)
    __0printf                                0x0800402d   Thumb Code    22  printfa.o(i.__0printf)
    __1printf                                0x0800402d   Thumb Code     0  printfa.o(i.__0printf)
    __2printf                                0x0800402d   Thumb Code     0  printfa.o(i.__0printf)
    __c89printf                              0x0800402d   Thumb Code     0  printfa.o(i.__0printf)
    printf                                   0x0800402d   Thumb Code     0  printfa.o(i.__0printf)
    __ARM_fpclassify                         0x0800404d   Thumb Code    40  fpclassify.o(i.__ARM_fpclassify)
    __kernel_poly                            0x08004095   Thumb Code   170  poly.o(i.__kernel_poly)
    __mathlib_dbl_divzero                    0x08004141   Thumb Code    12  dunder.o(i.__mathlib_dbl_divzero)
    __mathlib_dbl_infnan2                    0x08004151   Thumb Code     4  dunder.o(i.__mathlib_dbl_infnan2)
    __mathlib_dbl_invalid                    0x08004155   Thumb Code    12  dunder.o(i.__mathlib_dbl_invalid)
    __mathlib_dbl_overflow                   0x08004161   Thumb Code    14  dunder.o(i.__mathlib_dbl_overflow)
    __mathlib_dbl_underflow                  0x08004171   Thumb Code    10  dunder.o(i.__mathlib_dbl_underflow)
    __scatterload_copy                       0x08004181   Thumb Code    14  handlers.o(i.__scatterload_copy)
    __scatterload_null                       0x0800418f   Thumb Code     2  handlers.o(i.__scatterload_null)
    __scatterload_zeroinit                   0x08004191   Thumb Code    14  handlers.o(i.__scatterload_zeroinit)
    __set_errno                              0x080041a1   Thumb Code     6  errno.o(i.__set_errno)
    calculateAMModulate                      0x08004a39   Thumb Code  1762  main.o(i.calculateAMModulate)
    calculateFMModulate                      0x08005195   Thumb Code  2628  main.o(i.calculateFMModulate)
    claculateMaxFreqOffset                   0x08005c05   Thumb Code    28  main.o(i.claculateMaxFreqOffset)
    extract_both_amplitudes                  0x08005c25   Thumb Code   446  main.o(i.extract_both_amplitudes)
    find_dominant_frequency                  0x08005df5   Thumb Code   198  fft.o(i.find_dominant_frequency)
    fputc                                    0x08005ecd   Thumb Code    20  main.o(i.fputc)
    judegeCW                                 0x08005ee5   Thumb Code    32  main.o(i.judegeCW)
    judgeAMFMCW                              0x08005f09   Thumb Code   334  main.o(i.judgeAMFMCW)
    loop                                     0x080060e5   Thumb Code   150  main.o(i.loop)
    main                                     0x0800619d   Thumb Code   110  main.o(i.main)
    pow                                      0x0800622d   Thumb Code  2512  pow.o(i.pow)
    putc                                     0x08006c05   Thumb Code     4  putc.o(i.putc)
    round                                    0x08006c09   Thumb Code   136  round.o(i.round)
    sqrt                                     0x08006c9d   Thumb Code    76  sqrt.o(i.sqrt)
    sqrtf                                    0x08006ce9   Thumb Code    44  sqrtf.o(i.sqrtf)
    sum                                      0x08006d15   Thumb Code    44  main.o(i.sum)
    AHBPrescTable                            0x08006d52   Data          16  system_stm32f1xx.o(.constdata)
    APBPrescTable                            0x08006d62   Data           8  system_stm32f1xx.o(.constdata)
    __mathlib_zero                           0x08006df8   Data           8  qnan.o(.constdata)
    armBitRevTable                           0x08006e00   Data        2048  arm_common_tables.o(.rodata.armBitRevTable)
    twiddleCoef_4096                         0x08007600   Data       32768  arm_common_tables.o(.rodata.twiddleCoef_4096)
    Region$$Table$$Base                      0x0800f600   Number         0  anon$$obj.o(Region$$Table)
    Region$$Table$$Limit                     0x0800f620   Number         0  anon$$obj.o(Region$$Table)
    FreqWord                                 0x20000000   Data           6  ad9854.o(.data)
    thrid_output_F                           0x20000008   Data           4  fft.o(.data)
    thrid_output_A                           0x2000000c   Data           4  fft.o(.data)
    CarrierFreq                              0x20000010   Data           1  main.o(.data)
    Buffer                                   0x20000012   Data           1  main.o(.data)
    mainFreqAM                               0x20000014   Data           2  main.o(.data)
    mainFreqFM                               0x20000016   Data           2  main.o(.data)
    AmpAMMax                                 0x20000018   Data           2  main.o(.data)
    AmpFMMax                                 0x2000001a   Data           2  main.o(.data)
    AmpAMMin                                 0x2000001c   Data           2  main.o(.data)
    AmpFMMin                                 0x2000001e   Data           2  main.o(.data)
    last_length                              0x20000020   Data           2  main.o(.data)
    amModu                                   0x20000024   Data           4  main.o(.data)
    fmModu                                   0x20000028   Data           4  main.o(.data)
    maxOffset                                0x2000002c   Data           4  main.o(.data)
    uwTickFreq                               0x20000030   Data           1  stm32f1xx_hal.o(.data)
    uwTickPrio                               0x20000034   Data           4  stm32f1xx_hal.o(.data)
    uwTick                                   0x20000038   Data           4  stm32f1xx_hal.o(.data)
    SystemCoreClock                          0x2000003c   Data           4  system_stm32f1xx.o(.data)
    __stdout                                 0x20000040   Data           4  stdout.o(.data)
    fft_inputbuf                             0x20000048   Data        8192  fft.o(.bss)
    fft_outputbuf                            0x20002048   Data        4096  fft.o(.bss)
    scfft                                    0x20003048   Data          20  fft.o(.bss)
    _last_AmpAMMax                           0x2000305c   Data          40  main.o(.bss)
    _last_AmpAMMin                           0x20003084   Data          40  main.o(.bss)
    _last_AmpFMMax                           0x200030ac   Data          40  main.o(.bss)
    _last_AmpFMMin                           0x200030d4   Data          40  main.o(.bss)
    adc_buff1                                0x20003124   Data        2048  main.o(.bss)
    adc_buff3                                0x20003924   Data        2048  main.o(.bss)
    hadc1                                    0x20004124   Data          48  adc.o(.bss)
    hadc3                                    0x20004154   Data          48  adc.o(.bss)
    hdma_adc1                                0x20004184   Data          68  adc.o(.bss)
    hdma_adc3                                0x200041c8   Data          68  adc.o(.bss)
    htim8                                    0x2000420c   Data          72  tim.o(.bss)
    huart1                                   0x20004254   Data          72  usart.o(.bss)
    __initial_sp                             0x200062a0   Data           0  startup_stm32f103xe.o(STACK)



==============================================================================

Memory Map of the image

  Image Entry point : 0x08000131

  Load Region LR_IROM1 (Base: 0x08000000, Size: 0x0000f668, Max: 0x00080000, ABSOLUTE)

    Execution Region ER_IROM1 (Exec base: 0x08000000, Load base: 0x08000000, Size: 0x0000f620, Max: 0x00080000, ABSOLUTE)

    Exec Addr    Load Addr    Size         Type   Attr      Idx    E Section Name        Object

    0x08000000   0x08000000   0x00000130   Data   RO            3    RESET               startup_stm32f103xe.o
    0x08000130   0x08000130   0x00000000   Code   RO         3632  * .ARM.Collect$$$$00000000  mc_w.l(entry.o)
    0x08000130   0x08000130   0x00000004   Code   RO         3964    .ARM.Collect$$$$00000001  mc_w.l(entry2.o)
    0x08000134   0x08000134   0x00000004   Code   RO         3967    .ARM.Collect$$$$00000004  mc_w.l(entry5.o)
    0x08000138   0x08000138   0x00000000   Code   RO         3969    .ARM.Collect$$$$00000008  mc_w.l(entry7b.o)
    0x08000138   0x08000138   0x00000000   Code   RO         3971    .ARM.Collect$$$$0000000A  mc_w.l(entry8b.o)
    0x08000138   0x08000138   0x00000008   Code   RO         3972    .ARM.Collect$$$$0000000B  mc_w.l(entry9a.o)
    0x08000140   0x08000140   0x00000004   Code   RO         3979    .ARM.Collect$$$$0000000E  mc_w.l(entry12b.o)
    0x08000144   0x08000144   0x00000000   Code   RO         3974    .ARM.Collect$$$$0000000F  mc_w.l(entry10a.o)
    0x08000144   0x08000144   0x00000000   Code   RO         3976    .ARM.Collect$$$$00000011  mc_w.l(entry11a.o)
    0x08000144   0x08000144   0x00000004   Code   RO         3965    .ARM.Collect$$$$00002712  mc_w.l(entry2.o)
    0x08000148   0x08000148   0x00000024   Code   RO            4    .text               startup_stm32f103xe.o
    0x0800016c   0x0800016c   0x00000020   Code   RO         3638    .text               mc_w.l(llushr.o)
    0x0800018c   0x0800018c   0x00000024   Code   RO         3640    .text               mc_w.l(memseta.o)
    0x080001b0   0x080001b0   0x000000b0   Code   RO         3903    .text               mf_w.l(fadd.o)
    0x08000260   0x08000260   0x00000064   Code   RO         3905    .text               mf_w.l(fmul.o)
    0x080002c4   0x080002c4   0x0000007c   Code   RO         3907    .text               mf_w.l(fdiv.o)
    0x08000340   0x08000340   0x00000018   Code   RO         3909    .text               mf_w.l(fscalb.o)
    0x08000358   0x08000358   0x0000014e   Code   RO         3911    .text               mf_w.l(dadd.o)
    0x080004a6   0x080004a6   0x000000e4   Code   RO         3913    .text               mf_w.l(dmul.o)
    0x0800058a   0x0800058a   0x000000de   Code   RO         3915    .text               mf_w.l(ddiv.o)
    0x08000668   0x08000668   0x00000012   Code   RO         3917    .text               mf_w.l(fflti.o)
    0x0800067a   0x0800067a   0x0000000a   Code   RO         3919    .text               mf_w.l(ffltui.o)
    0x08000684   0x08000684   0x0000001a   Code   RO         3921    .text               mf_w.l(dfltui.o)
    0x0800069e   0x0800069e   0x00000028   Code   RO         3923    .text               mf_w.l(ffixui.o)
    0x080006c6   0x080006c6   0x0000003e   Code   RO         3925    .text               mf_w.l(dfixi.o)
    0x08000704   0x08000704   0x00000032   Code   RO         3927    .text               mf_w.l(dfixui.o)
    0x08000736   0x08000736   0x00000026   Code   RO         3929    .text               mf_w.l(f2d.o)
    0x0800075c   0x0800075c   0x00000038   Code   RO         3931    .text               mf_w.l(d2f.o)
    0x08000794   0x08000794   0x00000014   Code   RO         3933    .text               mf_w.l(cfcmple.o)
    0x080007a8   0x080007a8   0x00000014   Code   RO         3935    .text               mf_w.l(cfrcmple.o)
    0x080007bc   0x080007bc   0x0000002c   Code   RO         3980    .text               mc_w.l(uidiv.o)
    0x080007e8   0x080007e8   0x00000062   Code   RO         3982    .text               mc_w.l(uldiv.o)
    0x0800084a   0x0800084a   0x0000001e   Code   RO         3984    .text               mc_w.l(llshl.o)
    0x08000868   0x08000868   0x00000024   Code   RO         3986    .text               mc_w.l(llsshr.o)
    0x0800088c   0x0800088c   0x00000000   Code   RO         3995    .text               mc_w.l(iusefp.o)
    0x0800088c   0x0800088c   0x0000006e   Code   RO         3996    .text               mf_w.l(fepilogue.o)
    0x080008fa   0x080008fa   0x0000005e   Code   RO         3998    .text               mf_w.l(fsqrt.o)
    0x08000958   0x08000958   0x000000ba   Code   RO         4000    .text               mf_w.l(depilogue.o)
    0x08000a12   0x08000a12   0x0000002e   Code   RO         4002    .text               mf_w.l(dscalb.o)
    0x08000a40   0x08000a40   0x00000088   Code   RO         4004    .text               mf_w.l(drnd.o)
    0x08000ac8   0x08000ac8   0x00000022   Code   RO         4006    .text               mf_w.l(dflti.o)
    0x08000aea   0x08000aea   0x00000030   Code   RO         4008    .text               mf_w.l(dfixul.o)
    0x08000b1a   0x08000b1a   0x00000002   PAD
    0x08000b1c   0x08000b1c   0x00000030   Code   RO         4010    .text               mf_w.l(cdcmple.o)
    0x08000b4c   0x08000b4c   0x00000030   Code   RO         4012    .text               mf_w.l(cdrcmple.o)
    0x08000b7c   0x08000b7c   0x00000024   Code   RO         4014    .text               mc_w.l(init.o)
    0x08000ba0   0x08000ba0   0x000000a2   Code   RO         4016    .text               mf_w.l(dsqrt.o)
    0x08000c42   0x08000c42   0x00000002   PAD
    0x08000c44   0x08000c44   0x000000be   Code   RO         3479    .text.arm_bitreversal_f32  arm_cortexM3l_math.lib(arm_bitreversal.o)
    0x08000d02   0x08000d02   0x0000004a   Code   RO         3456    .text.arm_cfft_radix4_f32  arm_cortexM3l_math.lib(arm_cfft_radix4_f32.o)
    0x08000d4c   0x08000d4c   0x0000007c   Code   RO         3470    .text.arm_cfft_radix4_init_f32  arm_cortexM3l_math.lib(arm_cfft_radix4_init_f32.o)
    0x08000dc8   0x08000dc8   0x000000ee   Code   RO         3447    .text.arm_cmplx_mag_f32  arm_cortexM3l_math.lib(arm_cmplx_mag_f32.o)
    0x08000eb6   0x08000eb6   0x00000002   PAD
    0x08000eb8   0x08000eb8   0x000005f0   Code   RO         3460    .text.arm_radix4_butterfly_f32  arm_cortexM3l_math.lib(arm_cfft_radix4_f32.o)
    0x080014a8   0x080014a8   0x0000063a   Code   RO         3458    .text.arm_radix4_butterfly_inverse_f32  arm_cortexM3l_math.lib(arm_cfft_radix4_f32.o)
    0x08001ae2   0x08001ae2   0x00000002   PAD
    0x08001ae4   0x08001ae4   0x00000090   Code   RO           13    i.AD9854_Init       ad9854.o
    0x08001b74   0x08001b74   0x00000074   Code   RO           24    i.AD9854_SetSine    ad9854.o
    0x08001be8   0x08001be8   0x0000004c   Code   RO           26    i.AD9854_WR_Byte    ad9854.o
    0x08001c34   0x08001c34   0x00000056   Code   RO          822    i.ADC_ConversionStop_Disable  stm32f1xx_hal_adc.o
    0x08001c8a   0x08001c8a   0x0000004e   Code   RO          823    i.ADC_DMAConvCplt   stm32f1xx_hal_adc.o
    0x08001cd8   0x08001cd8   0x0000001a   Code   RO          824    i.ADC_DMAError      stm32f1xx_hal_adc.o
    0x08001cf2   0x08001cf2   0x0000000a   Code   RO          825    i.ADC_DMAHalfConvCplt  stm32f1xx_hal_adc.o
    0x08001cfc   0x08001cfc   0x0000007c   Code   RO          826    i.ADC_Enable        stm32f1xx_hal_adc.o
    0x08001d78   0x08001d78   0x00000002   Code   RO          638    i.BusFault_Handler  stm32f1xx_it.o
    0x08001d7a   0x08001d7a   0x00000002   PAD
    0x08001d7c   0x08001d7c   0x00000050   Code   RO          762    i.CD_4051_SetChannel  cd4051.o
    0x08001dcc   0x08001dcc   0x0000000c   Code   RO          639    i.DMA1_Channel1_IRQHandler  stm32f1xx_it.o
    0x08001dd8   0x08001dd8   0x0000000c   Code   RO          640    i.DMA2_Channel4_5_IRQHandler  stm32f1xx_it.o
    0x08001de4   0x08001de4   0x0000002a   Code   RO         1478    i.DMA_SetConfig     stm32f1xx_hal_dma.o
    0x08001e0e   0x08001e0e   0x00000002   Code   RO          641    i.DebugMon_Handler  stm32f1xx_it.o
    0x08001e10   0x08001e10   0x00000024   Code   RO          311    i.End               main.o
    0x08001e34   0x08001e34   0x00000004   Code   RO          312    i.Error_Handler     main.o
    0x08001e38   0x08001e38   0x00000040   Code   RO           27    i.Freq_convert      ad9854.o
    0x08001e78   0x08001e78   0x000000fc   Code   RO          828    i.HAL_ADC_ConfigChannel  stm32f1xx_hal_adc.o
    0x08001f74   0x08001f74   0x00000002   Code   RO          829    i.HAL_ADC_ConvCpltCallback  stm32f1xx_hal_adc.o
    0x08001f76   0x08001f76   0x00000002   Code   RO          830    i.HAL_ADC_ConvHalfCpltCallback  stm32f1xx_hal_adc.o
    0x08001f78   0x08001f78   0x00000002   Code   RO          832    i.HAL_ADC_ErrorCallback  stm32f1xx_hal_adc.o
    0x08001f7a   0x08001f7a   0x00000002   PAD
    0x08001f7c   0x08001f7c   0x00000120   Code   RO          837    i.HAL_ADC_Init      stm32f1xx_hal_adc.o
    0x0800209c   0x0800209c   0x000000ec   Code   RO          483    i.HAL_ADC_MspInit   adc.o
    0x08002188   0x08002188   0x0000010c   Code   RO          844    i.HAL_ADC_Start_DMA  stm32f1xx_hal_adc.o
    0x08002294   0x08002294   0x00000046   Code   RO         1479    i.HAL_DMA_Abort     stm32f1xx_hal_dma.o
    0x080022da   0x080022da   0x00000002   PAD
    0x080022dc   0x080022dc   0x00000130   Code   RO         1480    i.HAL_DMA_Abort_IT  stm32f1xx_hal_dma.o
    0x0800240c   0x0800240c   0x00000248   Code   RO         1484    i.HAL_DMA_IRQHandler  stm32f1xx_hal_dma.o
    0x08002654   0x08002654   0x0000007c   Code   RO         1485    i.HAL_DMA_Init      stm32f1xx_hal_dma.o
    0x080026d0   0x080026d0   0x00000070   Code   RO         1489    i.HAL_DMA_Start_IT  stm32f1xx_hal_dma.o
    0x08002740   0x08002740   0x00000024   Code   RO         1105    i.HAL_Delay         stm32f1xx_hal.o
    0x08002764   0x08002764   0x000001f8   Code   RO         1415    i.HAL_GPIO_Init     stm32f1xx_hal_gpio.o
    0x0800295c   0x0800295c   0x0000000a   Code   RO         1419    i.HAL_GPIO_WritePin  stm32f1xx_hal_gpio.o
    0x08002966   0x08002966   0x00000002   PAD
    0x08002968   0x08002968   0x0000000c   Code   RO         1109    i.HAL_GetTick       stm32f1xx_hal.o
    0x08002974   0x08002974   0x00000010   Code   RO         1115    i.HAL_IncTick       stm32f1xx_hal.o
    0x08002984   0x08002984   0x00000024   Code   RO         1116    i.HAL_Init          stm32f1xx_hal.o
    0x080029a8   0x080029a8   0x00000040   Code   RO         1117    i.HAL_InitTick      stm32f1xx_hal.o
    0x080029e8   0x080029e8   0x0000003c   Code   RO          738    i.HAL_MspInit       stm32f1xx_hal_msp.o
    0x08002a24   0x08002a24   0x0000001a   Code   RO         1575    i.HAL_NVIC_EnableIRQ  stm32f1xx_hal_cortex.o
    0x08002a3e   0x08002a3e   0x00000002   PAD
    0x08002a40   0x08002a40   0x00000040   Code   RO         1581    i.HAL_NVIC_SetPriority  stm32f1xx_hal_cortex.o
    0x08002a80   0x08002a80   0x00000024   Code   RO         1582    i.HAL_NVIC_SetPriorityGrouping  stm32f1xx_hal_cortex.o
    0x08002aa4   0x08002aa4   0x000000ec   Code   RO         1377    i.HAL_RCCEx_PeriphCLKConfig  stm32f1xx_hal_rcc_ex.o
    0x08002b90   0x08002b90   0x0000012c   Code   RO         1273    i.HAL_RCC_ClockConfig  stm32f1xx_hal_rcc.o
    0x08002cbc   0x08002cbc   0x00000020   Code   RO         1280    i.HAL_RCC_GetPCLK1Freq  stm32f1xx_hal_rcc.o
    0x08002cdc   0x08002cdc   0x00000020   Code   RO         1281    i.HAL_RCC_GetPCLK2Freq  stm32f1xx_hal_rcc.o
    0x08002cfc   0x08002cfc   0x0000004c   Code   RO         1282    i.HAL_RCC_GetSysClockFreq  stm32f1xx_hal_rcc.o
    0x08002d48   0x08002d48   0x00000320   Code   RO         1285    i.HAL_RCC_OscConfig  stm32f1xx_hal_rcc.o
    0x08003068   0x08003068   0x00000028   Code   RO         1586    i.HAL_SYSTICK_Config  stm32f1xx_hal_cortex.o
    0x08003090   0x08003090   0x00000002   Code   RO         2781    i.HAL_TIMEx_BreakCallback  stm32f1xx_hal_tim_ex.o
    0x08003092   0x08003092   0x00000002   Code   RO         2782    i.HAL_TIMEx_CommutCallback  stm32f1xx_hal_tim_ex.o
    0x08003094   0x08003094   0x0000007c   Code   RO         2800    i.HAL_TIMEx_MasterConfigSynchronization  stm32f1xx_hal_tim_ex.o
    0x08003110   0x08003110   0x0000005a   Code   RO         2077    i.HAL_TIM_Base_Init  stm32f1xx_hal_tim.o
    0x0800316a   0x0800316a   0x00000002   PAD
    0x0800316c   0x0800316c   0x0000003c   Code   RO          555    i.HAL_TIM_Base_MspInit  tim.o
    0x080031a8   0x080031a8   0x00000064   Code   RO         2080    i.HAL_TIM_Base_Start  stm32f1xx_hal_tim.o
    0x0800320c   0x0800320c   0x000000dc   Code   RO         2086    i.HAL_TIM_ConfigClockSource  stm32f1xx_hal_tim.o
    0x080032e8   0x080032e8   0x00000002   Code   RO         2111    i.HAL_TIM_IC_CaptureCallback  stm32f1xx_hal_tim.o
    0x080032ea   0x080032ea   0x00000130   Code   RO         2125    i.HAL_TIM_IRQHandler  stm32f1xx_hal_tim.o
    0x0800341a   0x0800341a   0x00000002   Code   RO         2128    i.HAL_TIM_OC_DelayElapsedCallback  stm32f1xx_hal_tim.o
    0x0800341c   0x0800341c   0x00000002   Code   RO         2155    i.HAL_TIM_PWM_PulseFinishedCallback  stm32f1xx_hal_tim.o
    0x0800341e   0x0800341e   0x00000002   Code   RO         2163    i.HAL_TIM_PeriodElapsedCallback  stm32f1xx_hal_tim.o
    0x08003420   0x08003420   0x00000002   Code   RO         2168    i.HAL_TIM_TriggerCallback  stm32f1xx_hal_tim.o
    0x08003422   0x08003422   0x00000002   Code   RO         3060    i.HAL_UARTEx_RxEventCallback  stm32f1xx_hal_uart.o
    0x08003424   0x08003424   0x00000002   Code   RO         3074    i.HAL_UART_ErrorCallback  stm32f1xx_hal_uart.o
    0x08003426   0x08003426   0x00000002   PAD
    0x08003428   0x08003428   0x0000026c   Code   RO         3077    i.HAL_UART_IRQHandler  stm32f1xx_hal_uart.o
    0x08003694   0x08003694   0x00000064   Code   RO         3078    i.HAL_UART_Init     stm32f1xx_hal_uart.o
    0x080036f8   0x080036f8   0x00000080   Code   RO          597    i.HAL_UART_MspInit  usart.o
    0x08003778   0x08003778   0x0000001c   Code   RO         3083    i.HAL_UART_Receive_IT  stm32f1xx_hal_uart.o
    0x08003794   0x08003794   0x00000048   Code   RO          313    i.HAL_UART_RxCpltCallback  main.o
    0x080037dc   0x080037dc   0x000000a0   Code   RO         3086    i.HAL_UART_Transmit  stm32f1xx_hal_uart.o
    0x0800387c   0x0800387c   0x00000002   Code   RO         3089    i.HAL_UART_TxCpltCallback  stm32f1xx_hal_uart.o
    0x0800387e   0x0800387e   0x00000002   PAD
    0x08003880   0x08003880   0x00000048   Code   RO          284    i.HMC241_Set_Channel  hmc241.o
    0x080038c8   0x080038c8   0x00000002   Code   RO          642    i.HardFault_Handler  stm32f1xx_it.o
    0x080038ca   0x080038ca   0x00000002   PAD
    0x080038cc   0x080038cc   0x000000a4   Code   RO          314    i.JudgeType         main.o
    0x08003970   0x08003970   0x00000060   Code   RO          484    i.MX_ADC1_Init      adc.o
    0x080039d0   0x080039d0   0x0000004c   Code   RO          485    i.MX_ADC3_Init      adc.o
    0x08003a1c   0x08003a1c   0x0000004c   Code   RO          530    i.MX_DMA_Init       dma.o
    0x08003a68   0x08003a68   0x000000f0   Code   RO          458    i.MX_GPIO_Init      gpio.o
    0x08003b58   0x08003b58   0x0000006c   Code   RO          556    i.MX_TIM8_Init      tim.o
    0x08003bc4   0x08003bc4   0x00000038   Code   RO          598    i.MX_USART1_UART_Init  usart.o
    0x08003bfc   0x08003bfc   0x00000002   Code   RO          643    i.MemManage_Handler  stm32f1xx_it.o
    0x08003bfe   0x08003bfe   0x00000002   Code   RO          644    i.NMI_Handler       stm32f1xx_it.o
    0x08003c00   0x08003c00   0x00000002   Code   RO          645    i.PendSV_Handler    stm32f1xx_it.o
    0x08003c02   0x08003c02   0x00000002   Code   RO          646    i.SVC_Handler       stm32f1xx_it.o
    0x08003c04   0x08003c04   0x00000004   Code   RO          647    i.SysTick_Handler   stm32f1xx_it.o
    0x08003c08   0x08003c08   0x0000007e   Code   RO          315    i.SystemClock_Config  main.o
    0x08003c86   0x08003c86   0x00000002   Code   RO         3412    i.SystemInit        system_stm32f1xx.o
    0x08003c88   0x08003c88   0x0000000c   Code   RO          648    i.TIM8_UP_IRQHandler  stm32f1xx_it.o
    0x08003c94   0x08003c94   0x0000009c   Code   RO         2170    i.TIM_Base_SetConfig  stm32f1xx_hal_tim.o
    0x08003d30   0x08003d30   0x00000014   Code   RO         2181    i.TIM_ETR_SetConfig  stm32f1xx_hal_tim.o
    0x08003d44   0x08003d44   0x00000010   Code   RO         2182    i.TIM_ITRx_SetConfig  stm32f1xx_hal_tim.o
    0x08003d54   0x08003d54   0x00000022   Code   RO         2188    i.TIM_TI1_ConfigInputStage  stm32f1xx_hal_tim.o
    0x08003d76   0x08003d76   0x00000024   Code   RO         2190    i.TIM_TI2_ConfigInputStage  stm32f1xx_hal_tim.o
    0x08003d9a   0x08003d9a   0x00000010   Code   RO         3091    i.UART_DMAAbortOnError  stm32f1xx_hal_uart.o
    0x08003daa   0x08003daa   0x0000004e   Code   RO         3101    i.UART_EndRxTransfer  stm32f1xx_hal_uart.o
    0x08003df8   0x08003df8   0x000000c2   Code   RO         3103    i.UART_Receive_IT   stm32f1xx_hal_uart.o
    0x08003eba   0x08003eba   0x00000002   PAD
    0x08003ebc   0x08003ebc   0x000000b8   Code   RO         3104    i.UART_SetConfig    stm32f1xx_hal_uart.o
    0x08003f74   0x08003f74   0x00000036   Code   RO         3106    i.UART_Start_Receive_IT  stm32f1xx_hal_uart.o
    0x08003faa   0x08003faa   0x00000072   Code   RO         3107    i.UART_WaitOnFlagUntilTimeout  stm32f1xx_hal_uart.o
    0x0800401c   0x0800401c   0x0000000c   Code   RO          649    i.USART1_IRQHandler  stm32f1xx_it.o
    0x08004028   0x08004028   0x00000002   Code   RO          650    i.UsageFault_Handler  stm32f1xx_it.o
    0x0800402a   0x0800402a   0x00000002   PAD
    0x0800402c   0x0800402c   0x00000020   Code   RO         3875    i.__0printf         mc_w.l(printfa.o)
    0x0800404c   0x0800404c   0x00000028   Code   RO         3951    i.__ARM_fpclassify  m_ws.l(fpclassify.o)
    0x08004074   0x08004074   0x00000020   Code   RO         1588    i.__NVIC_SetPriority  stm32f1xx_hal_cortex.o
    0x08004094   0x08004094   0x000000aa   Code   RO         3953    i.__kernel_poly     m_ws.l(poly.o)
    0x0800413e   0x0800413e   0x00000002   PAD
    0x08004140   0x08004140   0x00000010   Code   RO         3937    i.__mathlib_dbl_divzero  m_ws.l(dunder.o)
    0x08004150   0x08004150   0x00000004   Code   RO         3939    i.__mathlib_dbl_infnan2  m_ws.l(dunder.o)
    0x08004154   0x08004154   0x0000000c   Code   RO         3940    i.__mathlib_dbl_invalid  m_ws.l(dunder.o)
    0x08004160   0x08004160   0x0000000e   Code   RO         3941    i.__mathlib_dbl_overflow  m_ws.l(dunder.o)
    0x0800416e   0x0800416e   0x00000002   PAD
    0x08004170   0x08004170   0x00000010   Code   RO         3943    i.__mathlib_dbl_underflow  m_ws.l(dunder.o)
    0x08004180   0x08004180   0x0000000e   Code   RO         4020    i.__scatterload_copy  mc_w.l(handlers.o)
    0x0800418e   0x0800418e   0x00000002   Code   RO         4021    i.__scatterload_null  mc_w.l(handlers.o)
    0x08004190   0x08004190   0x0000000e   Code   RO         4022    i.__scatterload_zeroinit  mc_w.l(handlers.o)
    0x0800419e   0x0800419e   0x00000002   PAD
    0x080041a0   0x080041a0   0x0000000c   Code   RO         3990    i.__set_errno       mc_w.l(errno.o)
    0x080041ac   0x080041ac   0x00000184   Code   RO         3882    i._fp_digits        mc_w.l(printfa.o)
    0x08004330   0x08004330   0x000006b4   Code   RO         3883    i._printf_core      mc_w.l(printfa.o)
    0x080049e4   0x080049e4   0x00000024   Code   RO         3884    i._printf_post_padding  mc_w.l(printfa.o)
    0x08004a08   0x08004a08   0x0000002e   Code   RO         3885    i._printf_pre_padding  mc_w.l(printfa.o)
    0x08004a36   0x08004a36   0x00000002   PAD
    0x08004a38   0x08004a38   0x0000075c   Code   RO          316    i.calculateAMModulate  main.o
    0x08005194   0x08005194   0x00000a70   Code   RO          317    i.calculateFMModulate  main.o
    0x08005c04   0x08005c04   0x00000020   Code   RO          318    i.claculateMaxFreqOffset  main.o
    0x08005c24   0x08005c24   0x000001d0   Code   RO          319    i.extract_both_amplitudes  main.o
    0x08005df4   0x08005df4   0x000000d8   Code   RO          230    i.find_dominant_frequency  fft.o
    0x08005ecc   0x08005ecc   0x00000018   Code   RO          321    i.fputc             main.o
    0x08005ee4   0x08005ee4   0x00000024   Code   RO          322    i.judegeCW          main.o
    0x08005f08   0x08005f08   0x000001dc   Code   RO          323    i.judgeAMFMCW       main.o
    0x080060e4   0x080060e4   0x000000b8   Code   RO          324    i.loop              main.o
    0x0800619c   0x0800619c   0x00000090   Code   RO          325    i.main              main.o
    0x0800622c   0x0800622c   0x000009d8   Code   RO         3613    i.pow               m_ws.l(pow.o)
    0x08006c04   0x08006c04   0x00000004   Code   RO         3635    i.putc              mc_w.l(putc.o)
    0x08006c08   0x08006c08   0x00000094   Code   RO         3622    i.round             m_ws.l(round.o)
    0x08006c9c   0x08006c9c   0x0000004c   Code   RO         3957    i.sqrt              m_ws.l(sqrt.o)
    0x08006ce8   0x08006ce8   0x0000002c   Code   RO         3625    i.sqrtf             m_ws.l(sqrtf.o)
    0x08006d14   0x08006d14   0x0000002c   Code   RO          327    i.sum               main.o
    0x08006d40   0x08006d40   0x00000012   Data   RO         1286    .constdata          stm32f1xx_hal_rcc.o
    0x08006d52   0x08006d52   0x00000010   Data   RO         3413    .constdata          system_stm32f1xx.o
    0x08006d62   0x08006d62   0x00000008   Data   RO         3414    .constdata          system_stm32f1xx.o
    0x08006d6a   0x08006d6a   0x00000006   PAD
    0x08006d70   0x08006d70   0x00000088   Data   RO         3614    .constdata          m_ws.l(pow.o)
    0x08006df8   0x08006df8   0x00000008   Data   RO         3955    .constdata          m_ws.l(qnan.o)
    0x08006e00   0x08006e00   0x00000800   Data   RO         3493    .rodata.armBitRevTable  arm_cortexM3l_math.lib(arm_common_tables.o)
    0x08007600   0x08007600   0x00008000   Data   RO         3511    .rodata.twiddleCoef_4096  arm_cortexM3l_math.lib(arm_common_tables.o)
    0x0800f600   0x0800f600   0x00000020   Data   RO         4018    Region$$Table       anon$$obj.o


    Execution Region RW_IRAM1 (Exec base: 0x20000000, Load base: 0x0800f620, Size: 0x000062a0, Max: 0x00010000, ABSOLUTE)

    Exec Addr    Load Addr    Size         Type   Attr      Idx    E Section Name        Object

    0x20000000   0x0800f620   0x00000006   Data   RW           31    .data               ad9854.o
    0x20000006   0x0800f626   0x00000002   PAD
    0x20000008   0x0800f628   0x00000008   Data   RW          233    .data               fft.o
    0x20000010   0x0800f630   0x00000020   Data   RW          329    .data               main.o
    0x20000030   0x0800f650   0x0000000c   Data   RW         1123    .data               stm32f1xx_hal.o
    0x2000003c   0x0800f65c   0x00000004   Data   RW         3415    .data               system_stm32f1xx.o
    0x20000040   0x0800f660   0x00000004   Data   RW         3637    .data               mc_w.l(stdout.o)
    0x20000044   0x0800f664   0x00000004   Data   RW         3991    .data               mc_w.l(errno.o)
    0x20000048        -       0x00003014   Zero   RW          231    .bss                fft.o
    0x2000305c        -       0x000010c8   Zero   RW          328    .bss                main.o
    0x20004124        -       0x000000e8   Zero   RW          486    .bss                adc.o
    0x2000420c        -       0x00000048   Zero   RW          557    .bss                tim.o
    0x20004254        -       0x00000048   Zero   RW          599    .bss                usart.o
    0x2000429c   0x0800f668   0x00000004   PAD
    0x200042a0        -       0x00002000   Zero   RW            1    STACK               startup_stm32f103xe.o


==============================================================================

Image component sizes


      Code (inc. data)   RO Data    RW Data    ZI Data      Debug   Object Name

       400         36          0          6          0     506075   ad9854.o
       408         52          0          0        232       2458   adc.o
        80          6          0          0          0        573   cd4051.o
        76          4          0          0          0        778   dma.o
       216         18          0          8      12308      19832   fft.o
       240         20          0          0          0        971   gpio.o
        72          6          0          0          0        565   hmc241.o
      6362       1022          0         32       4296      13135   main.o
        36          8        304          0       8192        792   startup_stm32f103xe.o
       164         28          0         12          0       6421   stm32f1xx_hal.o
      1138         60          0          0          0       8450   stm32f1xx_hal_adc.o
       198         14          0          0          0      28887   stm32f1xx_hal_cortex.o
      1236         52          0          0          0       5042   stm32f1xx_hal_dma.o
       514         42          0          0          0       2872   stm32f1xx_hal_gpio.o
        60          8          0          0          0        854   stm32f1xx_hal_msp.o
      1240         84         18          0          0       5044   stm32f1xx_hal_rcc.o
       236         12          0          0          0       1364   stm32f1xx_hal_rcc_ex.o
       986         44          0          0          0      10230   stm32f1xx_hal_tim.o
       128         20          0          0          0       2357   stm32f1xx_hal_tim_ex.o
      1554         10          0          0          0      10808   stm32f1xx_hal_uart.o
        68         24          0          0          0       5499   stm32f1xx_it.o
         2          0         24          4          0       1083   system_stm32f1xx.o
       168         20          0          0         72       1622   tim.o
       184         20          0          0         72       1638   usart.o

    ----------------------------------------------------------------------
     15788       1610        384         64      25176     637350   Object Totals
         0          0         32          0          0          0   (incl. Generated)
        22          0          6          2          4          0   (incl. Padding)

    ----------------------------------------------------------------------

      Code (inc. data)   RO Data    RW Data    ZI Data      Debug   Library Member Name

       190          0          0          0          0       2756   arm_bitreversal.o
      3188          0          0          0          0       6582   arm_cfft_radix4_f32.o
       124          0          0          0          0       1568   arm_cfft_radix4_init_f32.o
       238          0          0          0          0       1822   arm_cmplx_mag_f32.o
         0          0      34816          0          0       6294   arm_common_tables.o
        62         10          0          0          0        340   dunder.o
        40          0          0          0          0         68   fpclassify.o
       170          0          0          0          0         96   poly.o
      2520        190        136          0          0        324   pow.o
         0          0          8          0          0          0   qnan.o
       148         12          0          0          0         88   round.o
        76          0          0          0          0         84   sqrt.o
        44          0          0          0          0         80   sqrtf.o
         0          0          0          0          0          0   entry.o
         0          0          0          0          0          0   entry10a.o
         0          0          0          0          0          0   entry11a.o
         4          0          0          0          0          0   entry12b.o
         8          4          0          0          0          0   entry2.o
         4          0          0          0          0          0   entry5.o
         0          0          0          0          0          0   entry7b.o
         0          0          0          0          0          0   entry8b.o
         8          4          0          0          0          0   entry9a.o
        12          6          0          4          0         68   errno.o
        30          0          0          0          0          0   handlers.o
        36          8          0          0          0         68   init.o
         0          0          0          0          0          0   iusefp.o
        30          0          0          0          0         68   llshl.o
        36          0          0          0          0         68   llsshr.o
        32          0          0          0          0         68   llushr.o
        36          0          0          0          0        108   memseta.o
      2218         90          0          0          0        464   printfa.o
         4          0          0          0          0         68   putc.o
         0          0          0          4          0          0   stdout.o
        44          0          0          0          0         80   uidiv.o
        98          0          0          0          0         92   uldiv.o
        48          0          0          0          0         68   cdcmple.o
        48          0          0          0          0         68   cdrcmple.o
        20          0          0          0          0         68   cfcmple.o
        20          0          0          0          0         68   cfrcmple.o
        56          0          0          0          0         88   d2f.o
       334          0          0          0          0        148   dadd.o
       222          0          0          0          0        100   ddiv.o
       186          0          0          0          0        176   depilogue.o
        62          0          0          0          0         80   dfixi.o
        50          0          0          0          0         76   dfixui.o
        48          0          0          0          0         68   dfixul.o
        34          0          0          0          0         76   dflti.o
        26          0          0          0          0         76   dfltui.o
       228          0          0          0          0         96   dmul.o
       136          4          0          0          0         92   drnd.o
        46          0          0          0          0         80   dscalb.o
       162          0          0          0          0        100   dsqrt.o
        38          0          0          0          0         68   f2d.o
       176          0          0          0          0        140   fadd.o
       124          0          0          0          0         88   fdiv.o
       110          0          0          0          0        168   fepilogue.o
        40          0          0          0          0         68   ffixui.o
        18          0          0          0          0         68   fflti.o
        10          0          0          0          0         68   ffltui.o
       100          0          0          0          0         76   fmul.o
        24          0          0          0          0         68   fscalb.o
        94          0          0          0          0         96   fsqrt.o

    ----------------------------------------------------------------------
     11876        328      34960          8          0      23690   Library Totals
        16          0          0          0          0          0   (incl. Padding)

    ----------------------------------------------------------------------

      Code (inc. data)   RO Data    RW Data    ZI Data      Debug   Library Name

      3740          0      34816          0          0      19022   arm_cortexM3l_math.lib
      3060        212        144          0          0       1080   m_ws.l
      2600        112          0          8          0       1152   mc_w.l
      2460          4          0          0          0       2436   mf_w.l

    ----------------------------------------------------------------------
     11876        328      34960          8          0      23690   Library Totals

    ----------------------------------------------------------------------

==============================================================================


      Code (inc. data)   RO Data    RW Data    ZI Data      Debug   

     27664       1938      35344         72      25176     652928   Grand Totals
     27664       1938      35344         72      25176     652928   ELF Image Totals
     27664       1938      35344         72          0          0   ROM Totals

==============================================================================

    Total RO  Size (Code + RO Data)                63008 (  61.53kB)
    Total RW  Size (RW Data + ZI Data)             25248 (  24.66kB)
    Total ROM Size (Code + RO Data + RW Data)      63080 (  61.60kB)

==============================================================================

