Component: ARM Compiler 5.06 update 7 (build 960) Tool: armlink [4d3601]

==============================================================================

Section Cross References

    main.o(i.AnalysisCmd) refers to ad9854.o(i.AD9854_InitFSK) for AD9854_InitFSK
    main.o(i.AnalysisCmd) refers to ad9854.o(i.AD9854_SetFSK) for AD9854_SetFSK
    main.o(i.AnalysisCmd) refers to ad9854.o(i.AD9854_InitBPSK) for AD9854_InitBPSK
    main.o(i.AnalysisCmd) refers to ad9854.o(i.AD9854_SetBPSK) for AD9854_SetBPSK
    main.o(i.AnalysisCmd) refers to ad9854.o(i.AD9854_InitOSK) for AD9854_InitOSK
    main.o(i.AnalysisCmd) refers to ad9854.o(i.AD9854_SetOSK) for AD9854_SetOSK
    main.o(i.AnalysisCmd) refers to ad9854.o(i.AD9854_InitAM) for AD9854_InitAM
    main.o(i.AnalysisCmd) refers to ad9854.o(i.AD9854_SetAM) for AD9854_SetAM
    main.o(i.AnalysisCmd) refers to ad9854.o(i.AD9854_InitRFSK) for AD9854_InitRFSK
    main.o(i.AnalysisCmd) refers to ad9854.o(i.AD9854_SetRFSK) for AD9854_SetRFSK
    main.o(i.LowerToHigh) refers to printf8.o(i.__0printf$8) for __2printf
    main.o(i.USART_RxCompleteCallback) refers to main.o(i.AnalysisCmd) for AnalysisCmd
    main.o(i.USART_RxCompleteCallback) refers to printf8.o(i.__0printf$8) for __2printf
    main.o(i.USART_RxCompleteCallback) refers to usart.o(.data) for g_usart_rx_sta
    main.o(i.USART_RxCompleteCallback) refers to usart.o(.bss) for g_usart_rx_buf
    main.o(i.main) refers to sys.o(i.sys_stm32_clock_init) for sys_stm32_clock_init
    main.o(i.main) refers to delay_1.o(i.delay_init) for delay_init
    main.o(i.main) refers to usart.o(i.usart_init) for usart_init
    main.o(i.main) refers to delay.o(i.Delay_5ms) for Delay_5ms
    main.o(i.main) refers to ad9854.o(i.GPIO_AD9854_Configuration) for GPIO_AD9854_Configuration
    main.o(i.main) refers to delay.o(i.Delay_1ms) for Delay_1ms
    main.o(i.main) refers to ad9854.o(i.AD9854_Init) for AD9854_Init
    main.o(i.main) refers to ad9854.o(i.AD9854_SetSine) for AD9854_SetSine
    main.o(i.main) refers to rda5820.o(i.RDA5820_Init) for RDA5820_Init
    main.o(i.main) refers to rda5820.o(i.RDA5820_WR_Reg) for RDA5820_WR_Reg
    main.o(i.main) refers to rda5820.o(i.RDA5820_Band_Set) for RDA5820_Band_Set
    main.o(i.main) refers to rda5820.o(i.RDA5820_Space_Set) for RDA5820_Space_Set
    main.o(i.main) refers to rda5820.o(i.RDA5820_TxPGA_Set) for RDA5820_TxPGA_Set
    main.o(i.main) refers to rda5820.o(i.RDA5820_TxPAG_Set) for RDA5820_TxPAG_Set
    main.o(i.main) refers to rda5820.o(i.RDA5820_TX_Mode) for RDA5820_TX_Mode
    main.o(i.main) refers to rda5820.o(i.RDA5820_Freq_Set) for RDA5820_Freq_Set
    main.o(i.main) refers to printf8.o(i.__0printf$8) for __2printf
    main.o(i.main) refers to led.o(i.led_init) for led_init
    main.o(i.main) refers to adc.o(i.adc_dma_init) for adc_dma_init
    main.o(i.main) refers to adc.o(i.adc_dma_enable) for adc_dma_enable
    main.o(i.main) refers to fdiv.o(.text) for __aeabi_fdiv
    main.o(i.main) refers to ffltui.o(.text) for __aeabi_ui2f
    main.o(i.main) refers to fmul.o(.text) for __aeabi_fmul
    main.o(i.main) refers to main.o(i.normalize) for normalize
    main.o(i.main) refers to ffixi.o(.text) for __aeabi_f2iz
    main.o(i.main) refers to main.o(.bss) for g_adc_dma_buf
    main.o(i.main) refers to adc.o(.data) for g_adc_dma_sta
    main.o(i.normalize) refers to fadd.o(.text) for __aeabi_fsub
    main.o(i.normalize) refers to fdiv.o(.text) for __aeabi_fdiv
    main.o(i.normalize) refers to fmul.o(.text) for __aeabi_fmul
    charlcd.o(i.CGWrite) refers to charlcd.o(i.WrCLcdC) for WrCLcdC
    charlcd.o(i.CGWrite) refers to charlcd.o(i.WrCLcdD) for WrCLcdD
    charlcd.o(i.CGWrite) refers to charlcd.o(.data) for tabdy
    charlcd.o(i.CG_Write) refers to charlcd.o(i.WrCLcdC) for WrCLcdC
    charlcd.o(i.CG_Write) refers to charlcd.o(i.WrCLcdD) for WrCLcdD
    charlcd.o(i.CG_Write) refers to charlcd.o(.data) for CGTab
    charlcd.o(i.CL_Enter) refers to charlcd.o(i.WrCLcdC) for WrCLcdC
    charlcd.o(i.CL_Enter) refers to charlcd.o(i.WrCLcdD) for WrCLcdD
    charlcd.o(i.CL_Enter) refers to delay.o(i.Delay_50ms) for Delay_50ms
    charlcd.o(i.CL_Enter) refers to charlcd.o(.data) for tab1
    charlcd.o(i.CR_Enter) refers to charlcd.o(i.WrCLcdC) for WrCLcdC
    charlcd.o(i.CR_Enter) refers to charlcd.o(i.WrCLcdD) for WrCLcdD
    charlcd.o(i.CR_Enter) refers to delay.o(i.Delay_50ms) for Delay_50ms
    charlcd.o(i.CR_Enter) refers to charlcd.o(.data) for tab2
    charlcd.o(i.GPIO_LCM_Configuration) refers to stm32f10x_rcc.o(i.RCC_APB2PeriphClockCmd) for RCC_APB2PeriphClockCmd
    charlcd.o(i.GPIO_LCM_Configuration) refers to stm32f10x_gpio.o(i.GPIO_Init) for GPIO_Init
    charlcd.o(i.LCM_Init) refers to delay.o(i.Delay_50ms) for Delay_50ms
    charlcd.o(i.LCM_Init) refers to charlcd.o(i.GPIO_LCM_Configuration) for GPIO_LCM_Configuration
    charlcd.o(i.LCM_Init) refers to charlcd.o(i.WrCLcdC) for WrCLcdC
    charlcd.o(i.LCM_Init) refers to charlcd.o(i.CG_Write) for CG_Write
[...]
    rda5820.o(i.RDA5820_Init) refers to printf8.o(i.__0printf$8) for __2printf
    rda5820.o(i.RDA5820_Init) refers to rda5820.o(i.RDA5820_WR_Reg) for RDA5820_WR_Reg
    rda5820.o(i.RDA5820_Init) refers to delay_1.o(i.delay_ms) for delay_ms
    rda5820.o(i.RDA5820_Mute_Set) refers to rda5820.o(i.RDA5820_RD_Reg) for RDA5820_RD_Reg
    rda5820.o(i.RDA5820_Mute_Set) refers to rda5820.o(i.RDA5820_WR_Reg) for RDA5820_WR_Reg
    rda5820.o(i.RDA5820_RD_Reg) refers to myiic.o(i.IIC_Start) for IIC_Start
    rda5820.o(i.RDA5820_RD_Reg) refers to myiic.o(i.IIC_Send_Byte) for IIC_Send_Byte
    rda5820.o(i.RDA5820_RD_Reg) refers to myiic.o(i.IIC_Wait_Ack) for IIC_Wait_Ack
    rda5820.o(i.RDA5820_RD_Reg) refers to myiic.o(i.IIC_Read_Byte) for IIC_Read_Byte
    rda5820.o(i.RDA5820_RD_Reg) refers to myiic.o(i.IIC_Stop) for IIC_Stop
    rda5820.o(i.RDA5820_RX_Mode) refers to rda5820.o(i.RDA5820_RD_Reg) for RDA5820_RD_Reg
    rda5820.o(i.RDA5820_RX_Mode) refers to rda5820.o(i.RDA5820_WR_Reg) for RDA5820_WR_Reg
    rda5820.o(i.RDA5820_Rssi_Get) refers to rda5820.o(i.RDA5820_RD_Reg) for RDA5820_RD_Reg
    rda5820.o(i.RDA5820_Rssi_Set) refers to rda5820.o(i.RDA5820_RD_Reg) for RDA5820_RD_Reg
    rda5820.o(i.RDA5820_Rssi_Set) refers to rda5820.o(i.RDA5820_WR_Reg) for RDA5820_WR_Reg
    rda5820.o(i.RDA5820_Space_Set) refers to rda5820.o(i.RDA5820_RD_Reg) for RDA5820_RD_Reg
    rda5820.o(i.RDA5820_Space_Set) refers to rda5820.o(i.RDA5820_WR_Reg) for RDA5820_WR_Reg
    rda5820.o(i.RDA5820_TX_Mode) refers to rda5820.o(i.RDA5820_RD_Reg) for RDA5820_RD_Reg
    rda5820.o(i.RDA5820_TX_Mode) refers to rda5820.o(i.RDA5820_WR_Reg) for RDA5820_WR_Reg
    rda5820.o(i.RDA5820_TxPAG_Set) refers to rda5820.o(i.RDA5820_RD_Reg) for RDA5820_RD_Reg
    rda5820.o(i.RDA5820_TxPAG_Set) refers to rda5820.o(i.RDA5820_WR_Reg) for RDA5820_WR_Reg
    rda5820.o(i.RDA5820_TxPGA_Set) refers to rda5820.o(i.RDA5820_RD_Reg) for RDA5820_RD_Reg
    rda5820.o(i.RDA5820_TxPGA_Set) refers to rda5820.o(i.RDA5820_WR_Reg) for RDA5820_WR_Reg
    rda5820.o(i.RDA5820_Vol_Set) refers to rda5820.o(i.RDA5820_RD_Reg) for RDA5820_RD_Reg
    rda5820.o(i.RDA5820_Vol_Set) refers to rda5820.o(i.RDA5820_WR_Reg) for RDA5820_WR_Reg
    rda5820.o(i.RDA5820_WR_Reg) refers to myiic.o(i.IIC_Start) for IIC_Start
    rda5820.o(i.RDA5820_WR_Reg) refers to myiic.o(i.IIC_Send_Byte) for IIC_Send_Byte
    rda5820.o(i.RDA5820_WR_Reg) refers to myiic.o(i.IIC_Wait_Ack) for IIC_Wait_Ack
    rda5820.o(i.RDA5820_WR_Reg) refers to myiic.o(i.IIC_Stop) for IIC_Stop
    rda5820.o(i.RdaSeek) refers to rda5820.o(i.RDA5820_Rssi_Set) for RDA5820_Rssi_Set
    rda5820.o(i.RdaSeek) refers to rda5820.o(i.RDA5820_WR_Reg) for RDA5820_WR_Reg
    rda5820.o(i.RdaSeek) refers to rda5820.o(i.RDA5820_RD_Reg) for RDA5820_RD_Reg
    rda5820.o(i.RdaSeek) refers to rda5820.o(i.RDA5820_Rssi_Get) for RDA5820_Rssi_Get
    rda5820.o(i.RdaSeek) refers to rda5820.o(i.RDA5820_Freq_Gets) for RDA5820_Freq_Gets
    rda5820.o(i.RdaSeek) refers to printf8.o(i.__0printf$8) for __2printf
    rda5820.o(i.RdaSeek) refers to delay_1.o(i.delay_ms) for delay_ms
    rda5820.o(i.RdaSeek) refers to rda5820.o(.bss) for freq
    rda5820.o(i.RdaSeek) refers to rda5820.o(.data) for num
    rda5820.o(i.SoftSeek) refers to rda5820.o(i.RDA5820_WR_Reg) for RDA5820_WR_Reg
    rda5820.o(i.SoftSeek) refers to delay_1.o(i.delay_ms) for delay_ms
    rda5820.o(i.SoftSeek) refers to rda5820.o(i.RDA5820_RD_Reg) for RDA5820_RD_Reg
    rda5820.o(i.SoftSeek) refers to rda5820.o(i.RDA5820_Rssi_Get) for RDA5820_Rssi_Get
    rda5820.o(i.SoftSeek) refers to rda5820.o(i.RDA5820_Freq_Gets) for RDA5820_Freq_Gets
    rda5820.o(i.SoftSeek) refers to printf8.o(i.__0printf$8) for __2printf
    rda5820.o(i.SoftSeek) refers to rda5820.o(i.RDA5820_Freq_Set) for RDA5820_Freq_Set
    rda5820.o(i.SoftSeek) refers to rda5820.o(.bss) for Rssi
    rda5820.o(i.SoftSeek) refers to rda5820.o(.data) for num
    led.o(i.led_init) refers to sys.o(i.sys_gpio_set) for sys_gpio_set
    led.o(i.led_init) refers to sys.o(i.sys_gpio_pin_set) for sys_gpio_pin_set
    stm32f10x_gpio.o(i.GPIO_AFIODeInit) refers to stm32f10x_rcc.o(i.RCC_APB2PeriphResetCmd) for RCC_APB2PeriphResetCmd
    stm32f10x_gpio.o(i.GPIO_DeInit) refers to stm32f10x_rcc.o(i.RCC_APB2PeriphResetCmd) for RCC_APB2PeriphResetCmd
    stm32f10x_rcc.o(i.RCC_GetClocksFreq) refers to stm32f10x_rcc.o(.data) for APBAHBPrescTable
    stm32f10x_rcc.o(i.RCC_WaitForHSEStartUp) refers to stm32f10x_rcc.o(i.RCC_GetFlagStatus) for RCC_GetFlagStatus
    system_stm32f10x.o(i.SetSysClock) refers to system_stm32f10x.o(i.SetSysClockTo72) for SetSysClockTo72
    system_stm32f10x.o(i.SystemCoreClockUpdate) refers to system_stm32f10x.o(.data) for SystemCoreClock
    system_stm32f10x.o(i.SystemInit) refers to system_stm32f10x.o(i.SetSysClock) for SetSysClock
    startup_stm32f10x_hd.o(RESET) refers to startup_stm32f10x_hd.o(STACK) for __initial_sp
    startup_stm32f10x_hd.o(RESET) refers to startup_stm32f10x_hd.o(.text) for Reset_Handler
    startup_stm32f10x_hd.o(RESET) refers to adc.o(i.DMA1_Channel1_IRQHandler) for DMA1_Channel1_IRQHandler
    startup_stm32f10x_hd.o(RESET) refers to usart.o(i.USART1_IRQHandler) for USART1_IRQHandler
    startup_stm32f10x_hd.o(.text) refers to system_stm32f10x.o(i.SystemInit) for SystemInit
    startup_stm32f10x_hd.o(.text) refers to entry.o(.ARM.Collect$$$$00000000) for __main
    usart.o(i.USART1_IRQHandler) refers to main.o(i.USART_RxCompleteCallback) for USART_RxCompleteCallback
    usart.o(i.USART1_IRQHandler) refers to usart.o(.data) for g_usart_rx_sta
    usart.o(i.USART1_IRQHandler) refers to usart.o(.bss) for g_usart_rx_buf
    usart.o(i.USART_RxCompleteCallback) refers to printf8.o(i.__0printf$8) for __2printf
    usart.o(i.USART_RxCompleteCallback) refers to usart.o(.bss) for g_usart_rx_buf
    usart.o(i.USART_RxCompleteCallback) refers to usart.o(.data) for g_usart_rx_sta
    usart.o(i.usart_init) refers to sys.o(i.sys_gpio_set) for sys_gpio_set
    usart.o(i.usart_init) refers to sys.o(i.sys_nvic_init) for sys_nvic_init
    sys.o(i.sys_msr_msp) refers to core_cm3.o(.emb_text) for __set_MSP
    sys.o(i.sys_nvic_init) refers to sys.o(i.sys_nvic_priority_group_config) for sys_nvic_priority_group_config
    sys.o(i.sys_standby) refers to sys.o(i.sys_wfi_set) for sys_wfi_set
    sys.o(i.sys_stm32_clock_init) refers to sys.o(i.sys_clock_set) for sys_clock_set
    sys.o(i.sys_stm32_clock_init) refers to sys.o(i.sys_nvic_set_vector_table) for sys_nvic_set_vector_table
    delay_1.o(i.delay_init) refers to delay_1.o(.data) for g_fac_us
    delay_1.o(i.delay_ms) refers to delay_1.o(i.delay_us) for delay_us
    delay_1.o(i.delay_us) refers to delay_1.o(.data) for g_fac_us
    entry.o(.ARM.Collect$$$$00000000) refers (Special) to entry10a.o(.ARM.Collect$$$$0000000F) for __rt_final_cpp
    entry.o(.ARM.Collect$$$$00000000) refers (Special) to entry11a.o(.ARM.Collect$$$$00000011) for __rt_final_exit
    entry.o(.ARM.Collect$$$$00000000) refers (Special) to entry12b.o(.ARM.Collect$$$$0000000E) for __rt_lib_shutdown_fini
    entry.o(.ARM.Collect$$$$00000000) refers (Special) to entry7b.o(.ARM.Collect$$$$00000008) for _main_clock
    entry.o(.ARM.Collect$$$$00000000) refers (Special) to entry8b.o(.ARM.Collect$$$$0000000A) for _main_cpp_init
    entry.o(.ARM.Collect$$$$00000000) refers (Special) to entry9a.o(.ARM.Collect$$$$0000000B) for _main_init
    entry.o(.ARM.Collect$$$$00000000) refers (Special) to entry5.o(.ARM.Collect$$$$00000004) for _main_scatterload
    entry.o(.ARM.Collect$$$$00000000) refers (Special) to entry2.o(.ARM.Collect$$$$00000001) for _main_stk
    ldiv.o(.text) refers to uldiv.o(.text) for __aeabi_uldivmod
    printfb.o(i.__0fprintf$bare) refers to printfb.o(i._printf_core) for _printf_core
    printfb.o(i.__0fprintf$bare) refers to usart.o(i.fputc) for fputc
    printfb.o(i.__0printf$bare) refers to printfb.o(i._printf_core) for _printf_core
    printfb.o(i.__0printf$bare) refers to usart.o(i.fputc) for fputc
    printfb.o(i.__0printf$bare) refers to usart.o(.data) for __stdout
    printfb.o(i.__0snprintf$bare) refers to printfb.o(i._printf_core) for _printf_core
    printfb.o(i.__0snprintf$bare) refers to printfb.o(i._snputc) for _snputc
    printfb.o(i.__0sprintf$bare) refers to printfb.o(i._printf_core) for _printf_core
    printfb.o(i.__0sprintf$bare) refers to printfb.o(i._sputc) for _sputc
    printfb.o(i.__0vfprintf$bare) refers to printfb.o(i._printf_core) for _printf_core
    printfb.o(i.__0vfprintf$bare) refers to usart.o(i.fputc) for fputc
    printfb.o(i.__0vprintf$bare) refers to printfb.o(i._printf_core) for _printf_core
    printfb.o(i.__0vprintf$bare) refers to usart.o(i.fputc) for fputc
    printfb.o(i.__0vprintf$bare) refers to usart.o(.data) for __stdout
    printfb.o(i.__0vsnprintf$bare) refers to printfb.o(i._printf_core) for _printf_core
    printfb.o(i.__0vsnprintf$bare) refers to printfb.o(i._snputc) for _snputc
    printfb.o(i.__0vsprintf$bare) refers to printfb.o(i._printf_core) for _printf_core
    printfb.o(i.__0vsprintf$bare) refers to printfb.o(i._sputc) for _sputc
    printf0.o(i.__0fprintf$0) refers to printf0.o(i._printf_core) for _printf_core
    printf0.o(i.__0fprintf$0) refers to usart.o(i.fputc) for fputc
    printf0.o(i.__0printf$0) refers to printf0.o(i._printf_core) for _printf_core
    printf0.o(i.__0printf$0) refers to usart.o(i.fputc) for fputc
    printf0.o(i.__0printf$0) refers to usart.o(.data) for __stdout
    printf0.o(i.__0snprintf$0) refers to printf0.o(i._printf_core) for _printf_core
    printf0.o(i.__0snprintf$0) refers to printf0.o(i._snputc) for _snputc
    printf0.o(i.__0sprintf$0) refers to printf0.o(i._printf_core) for _printf_core
    printf0.o(i.__0sprintf$0) refers to printf0.o(i._sputc) for _sputc
    printf0.o(i.__0vfprintf$0) refers to printf0.o(i._printf_core) for _printf_core
    printf0.o(i.__0vfprintf$0) refers to usart.o(i.fputc) for fputc
    printf0.o(i.__0vprintf$0) refers to printf0.o(i._printf_core) for _printf_core
    printf0.o(i.__0vprintf$0) refers to usart.o(i.fputc) for fputc
    printf0.o(i.__0vprintf$0) refers to usart.o(.data) for __stdout
    printf0.o(i.__0vsnprintf$0) refers to printf0.o(i._printf_core) for _printf_core
    printf0.o(i.__0vsnprintf$0) refers to printf0.o(i._snputc) for _snputc
    printf0.o(i.__0vsprintf$0) refers to printf0.o(i._printf_core) for _printf_core
    printf0.o(i.__0vsprintf$0) refers to printf0.o(i._sputc) for _sputc
    printf1.o(i.__0fprintf$1) refers to printf1.o(i._printf_core) for _printf_core
    printf1.o(i.__0fprintf$1) refers to usart.o(i.fputc) for fputc
    printf1.o(i.__0printf$1) refers to printf1.o(i._printf_core) for _printf_core
    printf1.o(i.__0printf$1) refers to usart.o(i.fputc) for fputc
    printf1.o(i.__0printf$1) refers to usart.o(.data) for __stdout
    printf1.o(i.__0snprintf$1) refers to printf1.o(i._printf_core) for _printf_core
    printf1.o(i.__0snprintf$1) refers to printf1.o(i._snputc) for _snputc
    printf1.o(i.__0sprintf$1) refers to printf1.o(i._printf_core) for _printf_core
    printf1.o(i.__0sprintf$1) refers to printf1.o(i._sputc) for _sputc
    printf1.o(i.__0vfprintf$1) refers to printf1.o(i._printf_core) for _printf_core
    printf1.o(i.__0vfprintf$1) refers to usart.o(i.fputc) for fputc
    printf1.o(i.__0vprintf$1) refers to printf1.o(i._printf_core) for _printf_core
    printf1.o(i.__0vprintf$1) refers to usart.o(i.fputc) for fputc
    printf1.o(i.__0vprintf$1) refers to usart.o(.data) for __stdout
    printf1.o(i.__0vsnprintf$1) refers to printf1.o(i._printf_core) for _printf_core
    printf1.o(i.__0vsnprintf$1) refers to printf1.o(i._snputc) for _snputc
    printf1.o(i.__0vsprintf$1) refers to printf1.o(i._printf_core) for _printf_core
    printf1.o(i.__0vsprintf$1) refers to printf1.o(i._sputc) for _sputc
    printf1.o(i._printf_core) refers to uidiv.o(.text) for __aeabi_uidivmod
    printf2.o(i.__0fprintf$2) refers to printf2.o(i._printf_core) for _printf_core
    printf2.o(i.__0fprintf$2) refers to usart.o(i.fputc) for fputc
    printf2.o(i.__0printf$2) refers to printf2.o(i._printf_core) for _printf_core
    printf2.o(i.__0printf$2) refers to usart.o(i.fputc) for fputc
    printf2.o(i.__0printf$2) refers to usart.o(.data) for __stdout
    printf2.o(i.__0snprintf$2) refers to printf2.o(i._printf_core) for _printf_core
    printf2.o(i.__0snprintf$2) refers to printf2.o(i._snputc) for _snputc
    printf2.o(i.__0sprintf$2) refers to printf2.o(i._printf_core) for _printf_core
    printf2.o(i.__0sprintf$2) refers to printf2.o(i._sputc) for _sputc
    printf2.o(i.__0vfprintf$2) refers to printf2.o(i._printf_core) for _printf_core
    printf2.o(i.__0vfprintf$2) refers to usart.o(i.fputc) for fputc
    printf2.o(i.__0vprintf$2) refers to printf2.o(i._printf_core) for _printf_core
    printf2.o(i.__0vprintf$2) refers to usart.o(i.fputc) for fputc
    printf2.o(i.__0vprintf$2) refers to usart.o(.data) for __stdout
    printf2.o(i.__0vsnprintf$2) refers to printf2.o(i._printf_core) for _printf_core
    printf2.o(i.__0vsnprintf$2) refers to printf2.o(i._snputc) for _snputc
    printf2.o(i.__0vsprintf$2) refers to printf2.o(i._printf_core) for _printf_core
    printf2.o(i.__0vsprintf$2) refers to printf2.o(i._sputc) for _sputc
    printf3.o(i.__0fprintf$3) refers to printf3.o(i._printf_core) for _printf_core
    printf3.o(i.__0fprintf$3) refers to usart.o(i.fputc) for fputc
    printf3.o(i.__0printf$3) refers to printf3.o(i._printf_core) for _printf_core
    printf3.o(i.__0printf$3) refers to usart.o(i.fputc) for fputc
    printf3.o(i.__0printf$3) refers to usart.o(.data) for __stdout
    printf3.o(i.__0snprintf$3) refers to printf3.o(i._printf_core) for _printf_core
    printf3.o(i.__0snprintf$3) refers to printf3.o(i._snputc) for _snputc
    printf3.o(i.__0sprintf$3) refers to printf3.o(i._printf_core) for _printf_core
    printf3.o(i.__0sprintf$3) refers to printf3.o(i._sputc) for _sputc
    printf3.o(i.__0vfprintf$3) refers to printf3.o(i._printf_core) for _printf_core
    printf3.o(i.__0vfprintf$3) refers to usart.o(i.fputc) for fputc
    printf3.o(i.__0vprintf$3) refers to printf3.o(i._printf_core) for _printf_core
    printf3.o(i.__0vprintf$3) refers to usart.o(i.fputc) for fputc
    printf3.o(i.__0vprintf$3) refers to usart.o(.data) for __stdout
    printf3.o(i.__0vsnprintf$3) refers to printf3.o(i._printf_core) for _printf_core
    printf3.o(i.__0vsnprintf$3) refers to printf3.o(i._snputc) for _snputc
    printf3.o(i.__0vsprintf$3) refers to printf3.o(i._printf_core) for _printf_core
    printf3.o(i.__0vsprintf$3) refers to printf3.o(i._sputc) for _sputc
    printf3.o(i._printf_core) refers to uidiv.o(.text) for __aeabi_uidivmod
    printf4.o(i.__0fprintf$4) refers to printf4.o(i._printf_core) for _printf_core
    printf4.o(i.__0fprintf$4) refers to usart.o(i.fputc) for fputc
    printf4.o(i.__0printf$4) refers to printf4.o(i._printf_core) for _printf_core
    printf4.o(i.__0printf$4) refers to usart.o(i.fputc) for fputc
    printf4.o(i.__0printf$4) refers to usart.o(.data) for __stdout
    printf4.o(i.__0snprintf$4) refers to printf4.o(i._printf_core) for _printf_core
    printf4.o(i.__0snprintf$4) refers to printf4.o(i._snputc) for _snputc
    printf4.o(i.__0sprintf$4) refers to printf4.o(i._printf_core) for _printf_core
    printf4.o(i.__0sprintf$4) refers to printf4.o(i._sputc) for _sputc
    printf4.o(i.__0vfprintf$4) refers to printf4.o(i._printf_core) for _printf_core
    printf4.o(i.__0vfprintf$4) refers to usart.o(i.fputc) for fputc
    printf4.o(i.__0vprintf$4) refers to printf4.o(i._printf_core) for _printf_core
    printf4.o(i.__0vprintf$4) refers to usart.o(i.fputc) for fputc
    printf4.o(i.__0vprintf$4) refers to usart.o(.data) for __stdout
    printf4.o(i.__0vsnprintf$4) refers to printf4.o(i._printf_core) for _printf_core
    printf4.o(i.__0vsnprintf$4) refers to printf4.o(i._snputc) for _snputc
    printf4.o(i.__0vsprintf$4) refers to printf4.o(i._printf_core) for _printf_core
    printf4.o(i.__0vsprintf$4) refers to printf4.o(i._sputc) for _sputc
    printf4.o(i._printf_core) refers to uldiv.o(.text) for __aeabi_uldivmod
    printf5.o(i.__0fprintf$5) refers to printf5.o(i._printf_core) for _printf_core
    printf5.o(i.__0fprintf$5) refers to usart.o(i.fputc) for fputc
    printf5.o(i.__0printf$5) refers to printf5.o(i._printf_core) for _printf_core
    printf5.o(i.__0printf$5) refers to usart.o(i.fputc) for fputc
    printf5.o(i.__0printf$5) refers to usart.o(.data) for __stdout
    printf5.o(i.__0snprintf$5) refers to printf5.o(i._printf_core) for _printf_core
    printf5.o(i.__0snprintf$5) refers to printf5.o(i._snputc) for _snputc
    printf5.o(i.__0sprintf$5) refers to printf5.o(i._printf_core) for _printf_core
    printf5.o(i.__0sprintf$5) refers to printf5.o(i._sputc) for _sputc
    printf5.o(i.__0vfprintf$5) refers to printf5.o(i._printf_core) for _printf_core
    printf5.o(i.__0vfprintf$5) refers to usart.o(i.fputc) for fputc
    printf5.o(i.__0vprintf$5) refers to printf5.o(i._printf_core) for _printf_core
    printf5.o(i.__0vprintf$5) refers to usart.o(i.fputc) for fputc
    printf5.o(i.__0vprintf$5) refers to usart.o(.data) for __stdout
    printf5.o(i.__0vsnprintf$5) refers to printf5.o(i._printf_core) for _printf_core
    printf5.o(i.__0vsnprintf$5) refers to printf5.o(i._snputc) for _snputc
    printf5.o(i.__0vsprintf$5) refers to printf5.o(i._printf_core) for _printf_core
    printf5.o(i.__0vsprintf$5) refers to printf5.o(i._sputc) for _sputc
    printf5.o(i._printf_core) refers to uldiv.o(.text) for __aeabi_uldivmod
    printf6.o(i.__0fprintf$6) refers to printf6.o(i._printf_core) for _printf_core
    printf6.o(i.__0fprintf$6) refers to usart.o(i.fputc) for fputc
    printf6.o(i.__0printf$6) refers to printf6.o(i._printf_core) for _printf_core
    printf6.o(i.__0printf$6) refers to usart.o(i.fputc) for fputc
    printf6.o(i.__0printf$6) refers to usart.o(.data) for __stdout
    printf6.o(i.__0snprintf$6) refers to printf6.o(i._printf_core) for _printf_core
    printf6.o(i.__0snprintf$6) refers to printf6.o(i._snputc) for _snputc
    printf6.o(i.__0sprintf$6) refers to printf6.o(i._printf_core) for _printf_core
    printf6.o(i.__0sprintf$6) refers to printf6.o(i._sputc) for _sputc
    printf6.o(i.__0vfprintf$6) refers to printf6.o(i._printf_core) for _printf_core
    printf6.o(i.__0vfprintf$6) refers to usart.o(i.fputc) for fputc
    printf6.o(i.__0vprintf$6) refers to printf6.o(i._printf_core) for _printf_core
    printf6.o(i.__0vprintf$6) refers to usart.o(i.fputc) for fputc
    printf6.o(i.__0vprintf$6) refers to usart.o(.data) for __stdout
    printf6.o(i.__0vsnprintf$6) refers to printf6.o(i._printf_core) for _printf_core
    printf6.o(i.__0vsnprintf$6) refers to printf6.o(i._snputc) for _snputc
    printf6.o(i.__0vsprintf$6) refers to printf6.o(i._printf_core) for _printf_core
    printf6.o(i.__0vsprintf$6) refers to printf6.o(i._sputc) for _sputc
    printf6.o(i._printf_core) refers to printf6.o(i._printf_pre_padding) for _printf_pre_padding
    printf6.o(i._printf_core) refers to uidiv.o(.text) for __aeabi_uidivmod
    printf6.o(i._printf_core) refers to printf6.o(i._printf_post_padding) for _printf_post_padding
    printf7.o(i.__0fprintf$7) refers to printf7.o(i._printf_core) for _printf_core
    printf7.o(i.__0fprintf$7) refers to usart.o(i.fputc) for fputc
    printf7.o(i.__0printf$7) refers to printf7.o(i._printf_core) for _printf_core
    printf7.o(i.__0printf$7) refers to usart.o(i.fputc) for fputc
    printf7.o(i.__0printf$7) refers to usart.o(.data) for __stdout
    printf7.o(i.__0snprintf$7) refers to printf7.o(i._printf_core) for _printf_core
    printf7.o(i.__0snprintf$7) refers to printf7.o(i._snputc) for _snputc
    printf7.o(i.__0sprintf$7) refers to printf7.o(i._printf_core) for _printf_core
    printf7.o(i.__0sprintf$7) refers to printf7.o(i._sputc) for _sputc
    printf7.o(i.__0vfprintf$7) refers to printf7.o(i._printf_core) for _printf_core
    printf7.o(i.__0vfprintf$7) refers to usart.o(i.fputc) for fputc
    printf7.o(i.__0vprintf$7) refers to printf7.o(i._printf_core) for _printf_core
    printf7.o(i.__0vprintf$7) refers to usart.o(i.fputc) for fputc
    printf7.o(i.__0vprintf$7) refers to usart.o(.data) for __stdout
    printf7.o(i.__0vsnprintf$7) refers to printf7.o(i._printf_core) for _printf_core
    printf7.o(i.__0vsnprintf$7) refers to printf7.o(i._snputc) for _snputc
    printf7.o(i.__0vsprintf$7) refers to printf7.o(i._printf_core) for _printf_core
    printf7.o(i.__0vsprintf$7) refers to printf7.o(i._sputc) for _sputc
    printf7.o(i._printf_core) refers to printf7.o(i._printf_pre_padding) for _printf_pre_padding
    printf7.o(i._printf_core) refers to uldiv.o(.text) for __aeabi_uldivmod
    printf7.o(i._printf_core) refers to printf7.o(i._printf_post_padding) for _printf_post_padding
    printf8.o(i.__0fprintf$8) refers to printf8.o(i._printf_core) for _printf_core
    printf8.o(i.__0fprintf$8) refers to usart.o(i.fputc) for fputc
    printf8.o(i.__0printf$8) refers to printf8.o(i._printf_core) for _printf_core
    printf8.o(i.__0printf$8) refers to usart.o(i.fputc) for fputc
    printf8.o(i.__0printf$8) refers to usart.o(.data) for __stdout
    printf8.o(i.__0snprintf$8) refers to printf8.o(i._printf_core) for _printf_core
    printf8.o(i.__0snprintf$8) refers to printf8.o(i._snputc) for _snputc
    printf8.o(i.__0sprintf$8) refers to printf8.o(i._printf_core) for _printf_core
    printf8.o(i.__0sprintf$8) refers to printf8.o(i._sputc) for _sputc
    printf8.o(i.__0vfprintf$8) refers to printf8.o(i._printf_core) for _printf_core
    printf8.o(i.__0vfprintf$8) refers to usart.o(i.fputc) for fputc
    printf8.o(i.__0vprintf$8) refers to printf8.o(i._printf_core) for _printf_core
    printf8.o(i.__0vprintf$8) refers to usart.o(i.fputc) for fputc
    printf8.o(i.__0vprintf$8) refers to usart.o(.data) for __stdout
    printf8.o(i.__0vsnprintf$8) refers to printf8.o(i._printf_core) for _printf_core
    printf8.o(i.__0vsnprintf$8) refers to printf8.o(i._snputc) for _snputc
    printf8.o(i.__0vsprintf$8) refers to printf8.o(i._printf_core) for _printf_core
    printf8.o(i.__0vsprintf$8) refers to printf8.o(i._sputc) for _sputc
    printf8.o(i._printf_core) refers to printf8.o(i._printf_pre_padding) for _printf_pre_padding
    printf8.o(i._printf_core) refers to uldiv.o(.text) for __aeabi_uldivmod
    printf8.o(i._printf_core) refers to printf8.o(i._printf_post_padding) for _printf_post_padding
    printfa.o(i.__0fprintf) refers (Special) to iusefp.o(.text) for __I$use$fp
    printfa.o(i.__0fprintf) refers to printfa.o(i._printf_core) for _printf_core
    printfa.o(i.__0fprintf) refers to usart.o(i.fputc) for fputc
    printfa.o(i.__0printf) refers (Special) to iusefp.o(.text) for __I$use$fp
    printfa.o(i.__0printf) refers to printfa.o(i._printf_core) for _printf_core
    printfa.o(i.__0printf) refers to usart.o(i.fputc) for fputc
    printfa.o(i.__0printf) refers to usart.o(.data) for __stdout
    printfa.o(i.__0snprintf) refers (Special) to iusefp.o(.text) for __I$use$fp
    printfa.o(i.__0snprintf) refers to printfa.o(i._printf_core) for _printf_core
    printfa.o(i.__0snprintf) refers to printfa.o(i._snputc) for _snputc
    printfa.o(i.__0sprintf) refers (Special) to iusefp.o(.text) for __I$use$fp
    printfa.o(i.__0sprintf) refers to printfa.o(i._printf_core) for _printf_core
    printfa.o(i.__0sprintf) refers to printfa.o(i._sputc) for _sputc
    printfa.o(i.__0vfprintf) refers (Special) to iusefp.o(.text) for __I$use$fp
    printfa.o(i.__0vfprintf) refers to printfa.o(i._printf_core) for _printf_core
    printfa.o(i.__0vfprintf) refers to usart.o(i.fputc) for fputc
    printfa.o(i.__0vprintf) refers (Special) to iusefp.o(.text) for __I$use$fp
    printfa.o(i.__0vprintf) refers to printfa.o(i._printf_core) for _printf_core
    printfa.o(i.__0vprintf) refers to usart.o(i.fputc) for fputc
    printfa.o(i.__0vprintf) refers to usart.o(.data) for __stdout
    printfa.o(i.__0vsnprintf) refers (Special) to iusefp.o(.text) for __I$use$fp
    printfa.o(i.__0vsnprintf) refers to printfa.o(i._printf_core) for _printf_core
    printfa.o(i.__0vsnprintf) refers to printfa.o(i._snputc) for _snputc
    printfa.o(i.__0vsprintf) refers (Special) to iusefp.o(.text) for __I$use$fp
    printfa.o(i.__0vsprintf) refers to printfa.o(i._printf_core) for _printf_core
    printfa.o(i.__0vsprintf) refers to printfa.o(i._sputc) for _sputc
    printfa.o(i._fp_digits) refers (Special) to iusefp.o(.text) for __I$use$fp
    printfa.o(i._fp_digits) refers to dmul.o(.text) for __aeabi_dmul
    printfa.o(i._fp_digits) refers to ddiv.o(.text) for __aeabi_ddiv
    printfa.o(i._fp_digits) refers to cdrcmple.o(.text) for __aeabi_cdrcmple
    printfa.o(i._fp_digits) refers to dadd.o(.text) for __aeabi_dadd
    printfa.o(i._fp_digits) refers to dfixul.o(.text) for __aeabi_d2ulz
    printfa.o(i._fp_digits) refers to uldiv.o(.text) for __aeabi_uldivmod
    printfa.o(i._printf_core) refers (Special) to iusefp.o(.text) for __I$use$fp
    printfa.o(i._printf_core) refers to printfa.o(i._printf_pre_padding) for _printf_pre_padding
    printfa.o(i._printf_core) refers to uldiv.o(.text) for __aeabi_uldivmod
    printfa.o(i._printf_core) refers to printfa.o(i._printf_post_padding) for _printf_post_padding
    printfa.o(i._printf_core) refers to printfa.o(i._fp_digits) for _fp_digits
    printfa.o(i._printf_core) refers to uidiv.o(.text) for __aeabi_uidivmod
    printfa.o(i._printf_post_padding) refers (Special) to iusefp.o(.text) for __I$use$fp
    printfa.o(i._printf_pre_padding) refers (Special) to iusefp.o(.text) for __I$use$fp
    printfa.o(i._snputc) refers (Special) to iusefp.o(.text) for __I$use$fp
    printfa.o(i._sputc) refers (Special) to iusefp.o(.text) for __I$use$fp
    fadd.o(.text) refers (Special) to iusefp.o(.text) for __I$use$fp
    fadd.o(.text) refers to fepilogue.o(.text) for _float_epilogue
    fmul.o(.text) refers (Special) to iusefp.o(.text) for __I$use$fp
    fdiv.o(.text) refers (Special) to iusefp.o(.text) for __I$use$fp
    fdiv.o(.text) refers to fepilogue.o(.text) for _float_round
    dadd.o(.text) refers (Special) to iusefp.o(.text) for __I$use$fp
    dadd.o(.text) refers to llshl.o(.text) for __aeabi_llsl
    dadd.o(.text) refers to llsshr.o(.text) for __aeabi_lasr
    dadd.o(.text) refers to depilogue.o(.text) for _double_epilogue
    dmul.o(.text) refers (Special) to iusefp.o(.text) for __I$use$fp
    dmul.o(.text) refers to depilogue.o(.text) for _double_epilogue
    ddiv.o(.text) refers (Special) to iusefp.o(.text) for __I$use$fp
    ddiv.o(.text) refers to depilogue.o(.text) for _double_round
    ffltui.o(.text) refers (Special) to iusefp.o(.text) for __I$use$fp
    ffltui.o(.text) refers to fepilogue.o(.text) for _float_epilogue
    dfltui.o(.text) refers (Special) to iusefp.o(.text) for __I$use$fp
    dfltui.o(.text) refers to depilogue.o(.text) for _double_epilogue
    ffixi.o(.text) refers (Special) to iusefp.o(.text) for __I$use$fp
    dfixi.o(.text) refers (Special) to iusefp.o(.text) for __I$use$fp
    dfixi.o(.text) refers to llushr.o(.text) for __aeabi_llsr
    dfixui.o(.text) refers (Special) to iusefp.o(.text) for __I$use$fp
    dfixui.o(.text) refers to llushr.o(.text) for __aeabi_llsr
    entry2.o(.ARM.Collect$$$$00000001) refers to entry2.o(.ARM.Collect$$$$00002712) for __lit__00000000
    entry2.o(.ARM.Collect$$$$00002712) refers to startup_stm32f10x_hd.o(STACK) for __initial_sp
    entry2.o(__vectab_stack_and_reset_area) refers to startup_stm32f10x_hd.o(STACK) for __initial_sp
    entry2.o(__vectab_stack_and_reset_area) refers to entry.o(.ARM.Collect$$$$00000000) for __main
    entry5.o(.ARM.Collect$$$$00000004) refers to init.o(.text) for __scatterload
    entry9a.o(.ARM.Collect$$$$0000000B) refers to main.o(i.main) for main
    entry9b.o(.ARM.Collect$$$$0000000C) refers to main.o(i.main) for main
    uldiv.o(.text) refers to llushr.o(.text) for __aeabi_llsr
    uldiv.o(.text) refers to llshl.o(.text) for __aeabi_llsl
    depilogue.o(.text) refers to llshl.o(.text) for __aeabi_llsl
    depilogue.o(.text) refers to llushr.o(.text) for __aeabi_llsr
    dfixul.o(.text) refers to llushr.o(.text) for __aeabi_llsr
    dfixul.o(.text) refers to llshl.o(.text) for __aeabi_llsl
    init.o(.text) refers to entry5.o(.ARM.Collect$$$$00000004) for __main_after_scatterload


==============================================================================

Removing Unused input sections from the image.

    Removing main.o(i.LowerToHigh), (200 bytes).
    Removing charlcd.o(i.CGWrite), (68 bytes).
    Removing charlcd.o(i.CG_Write), (36 bytes).
    Removing charlcd.o(i.CL_Enter), (48 bytes).
    Removing charlcd.o(i.CR_Enter), (48 bytes).
    Removing charlcd.o(i.GPIO_LCM_Configuration), (72 bytes).
    Removing charlcd.o(i.LCM_Init), (60 bytes).
    Removing charlcd.o(i.L_Enter), (48 bytes).
    Removing charlcd.o(i.R_Enter), (48 bytes).
    Removing charlcd.o(i.WrCLcdC), (48 bytes).
    Removing charlcd.o(i.WrCLcdD), (48 bytes).
    Removing charlcd.o(i.WrCLcd_char_num), (180 bytes).
    Removing charlcd.o(i.WrCLcd_int_num), (240 bytes).
    Removing charlcd.o(i.WrCLcd_long_num), (420 bytes).
    Removing charlcd.o(i.Wr_CodeData), (220 bytes).
    Removing charlcd.o(i.Wr_In1), (40 bytes).
    Removing charlcd.o(i.Wr_In2), (40 bytes).
    Removing charlcd.o(i.WriteString), (52 bytes).
    Removing charlcd.o(.data), (129 bytes).
    Removing delay.o(i.Delay), (18 bytes).
    Removing delay.o(i.Delay_1us), (26 bytes).
    Removing delay.o(i.Delay_250us), (36 bytes).
    Removing delay.o(i.Delay_2us), (26 bytes).
    Removing delay.o(i.Delay_50ms), (40 bytes).
    Removing delay.o(i.Delay_882us), (26 bytes).
    Removing delay.o(i.Delay_ns), (12 bytes).
    Removing delay.o(i.TimingDelay_Decrement), (2 bytes).
    Removing ad9854.o(i.AD9854_SetSine_double), (120 bytes).
    Removing ad9854.o(i.Freq_double_convert), (144 bytes).
    Removing ad9854.o(.constdata), (16 bytes).
    Removing adc.o(i.adc_get_result), (80 bytes).
    Removing adc.o(i.adc_get_result_average), (44 bytes).
    Removing adc.o(i.adc_nch_dma_init), (440 bytes).
    Removing dma.o(i.dma_usart1_tx_config), (76 bytes).
    Removing rda5820.o(i.HardSeek), (300 bytes).
    Removing rda5820.o(i.RDA5820_Freq_Get), (98 bytes).
    Removing rda5820.o(i.RDA5820_Freq_Gets), (104 bytes).
    Removing rda5820.o(i.RDA5820_Mute_Set), (34 bytes).
    Removing rda5820.o(i.RDA5820_RX_Mode), (26 bytes).
    Removing rda5820.o(i.RDA5820_Rssi_Get), (14 bytes).
    Removing rda5820.o(i.RDA5820_Rssi_Set), (32 bytes).
    Removing rda5820.o(i.RDA5820_Vol_Set), (34 bytes).
    Removing rda5820.o(i.RdaSeek), (300 bytes).
    Removing rda5820.o(i.SoftSeek), (236 bytes).
    Removing rda5820.o(.bss), (150 bytes).
    Removing rda5820.o(.data), (1 bytes).
    Removing misc.o(i.NVIC_Init), (112 bytes).
    Removing misc.o(i.NVIC_PriorityGroupConfig), (20 bytes).
    Removing misc.o(i.NVIC_SetVectorTable), (20 bytes).
    Removing misc.o(i.NVIC_SystemLPConfig), (32 bytes).
    Removing misc.o(i.SysTick_CLKSourceConfig), (40 bytes).
    Removing stm32f10x_gpio.o(i.GPIO_AFIODeInit), (20 bytes).
    Removing stm32f10x_gpio.o(i.GPIO_DeInit), (200 bytes).
    Removing stm32f10x_gpio.o(i.GPIO_ETH_MediaInterfaceConfig), (12 bytes).
    Removing stm32f10x_gpio.o(i.GPIO_EXTILineConfig), (64 bytes).
    Removing stm32f10x_gpio.o(i.GPIO_EventOutputCmd), (12 bytes).
    Removing stm32f10x_gpio.o(i.GPIO_EventOutputConfig), (32 bytes).
    Removing stm32f10x_gpio.o(i.GPIO_PinLockConfig), (18 bytes).
    Removing stm32f10x_gpio.o(i.GPIO_PinRemapConfig), (144 bytes).
    Removing stm32f10x_gpio.o(i.GPIO_ReadInputData), (8 bytes).
    Removing stm32f10x_gpio.o(i.GPIO_ReadInputDataBit), (18 bytes).
    Removing stm32f10x_gpio.o(i.GPIO_ReadOutputData), (8 bytes).
    Removing stm32f10x_gpio.o(i.GPIO_ReadOutputDataBit), (18 bytes).
    Removing stm32f10x_gpio.o(i.GPIO_StructInit), (16 bytes).
    Removing stm32f10x_gpio.o(i.GPIO_Write), (4 bytes).
    Removing stm32f10x_gpio.o(i.GPIO_WriteBit), (10 bytes).
    Removing stm32f10x_rcc.o(i.RCC_ADCCLKConfig), (24 bytes).
    Removing stm32f10x_rcc.o(i.RCC_AHBPeriphClockCmd), (32 bytes).
    Removing stm32f10x_rcc.o(i.RCC_APB1PeriphClockCmd), (32 bytes).
    Removing stm32f10x_rcc.o(i.RCC_APB1PeriphResetCmd), (32 bytes).
    Removing stm32f10x_rcc.o(i.RCC_APB2PeriphResetCmd), (32 bytes).
    Removing stm32f10x_rcc.o(i.RCC_AdjustHSICalibrationValue), (24 bytes).
    Removing stm32f10x_rcc.o(i.RCC_BackupResetCmd), (12 bytes).
    Removing stm32f10x_rcc.o(i.RCC_ClearFlag), (20 bytes).
    Removing stm32f10x_rcc.o(i.RCC_ClearITPendingBit), (12 bytes).
    Removing stm32f10x_rcc.o(i.RCC_ClockSecuritySystemCmd), (12 bytes).
    Removing stm32f10x_rcc.o(i.RCC_DeInit), (76 bytes).
    Removing stm32f10x_rcc.o(i.RCC_GetClocksFreq), (212 bytes).
    Removing stm32f10x_rcc.o(i.RCC_GetFlagStatus), (60 bytes).
    Removing stm32f10x_rcc.o(i.RCC_GetITStatus), (24 bytes).
    Removing stm32f10x_rcc.o(i.RCC_GetSYSCLKSource), (16 bytes).
    Removing stm32f10x_rcc.o(i.RCC_HCLKConfig), (24 bytes).
    Removing stm32f10x_rcc.o(i.RCC_HSEConfig), (76 bytes).
    Removing stm32f10x_rcc.o(i.RCC_HSICmd), (12 bytes).
    Removing stm32f10x_rcc.o(i.RCC_ITConfig), (32 bytes).
    Removing stm32f10x_rcc.o(i.RCC_LSEConfig), (52 bytes).
    Removing stm32f10x_rcc.o(i.RCC_LSICmd), (12 bytes).
    Removing stm32f10x_rcc.o(i.RCC_MCOConfig), (12 bytes).
    Removing stm32f10x_rcc.o(i.RCC_PCLK1Config), (24 bytes).
    Removing stm32f10x_rcc.o(i.RCC_PCLK2Config), (24 bytes).
    Removing stm32f10x_rcc.o(i.RCC_PLLCmd), (12 bytes).
    Removing stm32f10x_rcc.o(i.RCC_PLLConfig), (28 bytes).
    Removing stm32f10x_rcc.o(i.RCC_RTCCLKCmd), (12 bytes).
    Removing stm32f10x_rcc.o(i.RCC_RTCCLKConfig), (16 bytes).
    Removing stm32f10x_rcc.o(i.RCC_SYSCLKConfig), (24 bytes).
    Removing stm32f10x_rcc.o(i.RCC_USBCLKConfig), (12 bytes).
    Removing stm32f10x_rcc.o(i.RCC_WaitForHSEStartUp), (56 bytes).
    Removing stm32f10x_rcc.o(.data), (20 bytes).
    Removing core_cm3.o(.emb_text), (32 bytes).
    Removing system_stm32f10x.o(i.SystemCoreClockUpdate), (164 bytes).
    Removing system_stm32f10x.o(.data), (20 bytes).
    Removing startup_stm32f10x_hd.o(HEAP), (512 bytes).
    Removing usart.o(i.USART_RxCompleteCallback), (96 bytes).
    Removing usart.o(i._sys_command_string), (6 bytes).
    Removing usart.o(i._sys_exit), (4 bytes).
    Removing usart.o(i._ttywrch), (4 bytes).
    Removing sys.o(.emb_text), (6 bytes).
    Removing sys.o(i.INTX_DISABLE), (4 bytes).
    Removing sys.o(i.INTX_ENABLE), (4 bytes).
    Removing sys.o(i.WFI_SET), (4 bytes).
    Removing sys.o(i.sys_gpio_pin_get), (16 bytes).
    Removing sys.o(i.sys_gpio_remap_set), (76 bytes).
    Removing sys.o(i.sys_intx_disable), (4 bytes).
    Removing sys.o(i.sys_intx_enable), (4 bytes).
    Removing sys.o(i.sys_msr_msp), (12 bytes).
    Removing sys.o(i.sys_nvic_ex_config), (288 bytes).
    Removing sys.o(i.sys_soft_reset), (16 bytes).
    Removing sys.o(i.sys_standby), (76 bytes).
    Removing sys.o(i.sys_wfi_set), (4 bytes).
    Removing dadd.o(.text), (334 bytes).
    Removing dmul.o(.text), (228 bytes).
    Removing ddiv.o(.text), (222 bytes).
    Removing dfltui.o(.text), (26 bytes).
    Removing dfixi.o(.text), (62 bytes).
    Removing dfixui.o(.text), (50 bytes).
    Removing depilogue.o(.text), (186 bytes).
    Removing dfixul.o(.text), (48 bytes).
    Removing cdrcmple.o(.text), (48 bytes).

128 unused section(s) (total 8912 bytes) removed from the image.

==============================================================================

Image Symbol Table

    Local Symbols

    Symbol Name                              Value     Ov Type        Size  Object(Section)

    ../clib/microlib/division.c              0x00000000   Number         0  uldiv.o ABSOLUTE
    ../clib/microlib/division.c              0x00000000   Number         0  uidiv.o ABSOLUTE
    ../clib/microlib/division.c              0x00000000   Number         0  ldiv.o ABSOLUTE
    ../clib/microlib/init/entry.s            0x00000000   Number         0  entry10a.o ABSOLUTE
    ../clib/microlib/init/entry.s            0x00000000   Number         0  entry12b.o ABSOLUTE
    ../clib/microlib/init/entry.s            0x00000000   Number         0  entry8b.o ABSOLUTE
    ../clib/microlib/init/entry.s            0x00000000   Number         0  entry11b.o ABSOLUTE
    ../clib/microlib/init/entry.s            0x00000000   Number         0  entry11a.o ABSOLUTE
    ../clib/microlib/init/entry.s            0x00000000   Number         0  entry.o ABSOLUTE
    ../clib/microlib/init/entry.s            0x00000000   Number         0  entry12a.o ABSOLUTE
    ../clib/microlib/init/entry.s            0x00000000   Number         0  entry10b.o ABSOLUTE
    ../clib/microlib/init/entry.s            0x00000000   Number         0  entry8a.o ABSOLUTE
    ../clib/microlib/init/entry.s            0x00000000   Number         0  entry2.o ABSOLUTE
    ../clib/microlib/init/entry.s            0x00000000   Number         0  entry9b.o ABSOLUTE
    ../clib/microlib/init/entry.s            0x00000000   Number         0  entry5.o ABSOLUTE
    ../clib/microlib/init/entry.s            0x00000000   Number         0  entry9a.o ABSOLUTE
    ../clib/microlib/init/entry.s            0x00000000   Number         0  entry7a.o ABSOLUTE
    ../clib/microlib/init/entry.s            0x00000000   Number         0  entry7b.o ABSOLUTE
    ../clib/microlib/longlong.c              0x00000000   Number         0  llsshr.o ABSOLUTE
    ../clib/microlib/longlong.c              0x00000000   Number         0  llushr.o ABSOLUTE
    ../clib/microlib/longlong.c              0x00000000   Number         0  llshl.o ABSOLUTE
    ../clib/microlib/printf/printf.c         0x00000000   Number         0  printf0.o ABSOLUTE
    ../clib/microlib/printf/printf.c         0x00000000   Number         0  printf1.o ABSOLUTE
    ../clib/microlib/printf/printf.c         0x00000000   Number         0  printf2.o ABSOLUTE
    ../clib/microlib/printf/printf.c         0x00000000   Number         0  printf3.o ABSOLUTE
    ../clib/microlib/printf/printf.c         0x00000000   Number         0  printf4.o ABSOLUTE
    ../clib/microlib/printf/printf.c         0x00000000   Number         0  printfb.o ABSOLUTE
    ../clib/microlib/printf/printf.c         0x00000000   Number         0  printf5.o ABSOLUTE
    ../clib/microlib/printf/printf.c         0x00000000   Number         0  printf6.o ABSOLUTE
    ../clib/microlib/printf/printf.c         0x00000000   Number         0  printf7.o ABSOLUTE
    ../clib/microlib/printf/printf.c         0x00000000   Number         0  printf8.o ABSOLUTE
    ../clib/microlib/printf/printf.c         0x00000000   Number         0  printfa.o ABSOLUTE
    ../clib/microlib/printf/stubs.s          0x00000000   Number         0  stubs.o ABSOLUTE
    ../clib/microlib/stubs.s                 0x00000000   Number         0  useno.o ABSOLUTE
    ../clib/microlib/stubs.s                 0x00000000   Number         0  iusefp.o ABSOLUTE
    ../fplib/microlib/fpadd.c                0x00000000   Number         0  fadd.o ABSOLUTE
    ../fplib/microlib/fpadd.c                0x00000000   Number         0  dadd.o ABSOLUTE
    ../fplib/microlib/fpdiv.c                0x00000000   Number         0  fdiv.o ABSOLUTE
    ../fplib/microlib/fpdiv.c                0x00000000   Number         0  ddiv.o ABSOLUTE
    ../fplib/microlib/fpepilogue.c           0x00000000   Number         0  fepilogue.o ABSOLUTE
    ../fplib/microlib/fpepilogue.c           0x00000000   Number         0  depilogue.o ABSOLUTE
    ../fplib/microlib/fpfix.c                0x00000000   Number         0  dfixui.o ABSOLUTE
    ../fplib/microlib/fpfix.c                0x00000000   Number         0  dfixi.o ABSOLUTE
    ../fplib/microlib/fpfix.c                0x00000000   Number         0  ffixi.o ABSOLUTE
    ../fplib/microlib/fpfix.c                0x00000000   Number         0  dfixul.o ABSOLUTE
    ../fplib/microlib/fpflt.c                0x00000000   Number         0  ffltui.o ABSOLUTE
    ../fplib/microlib/fpflt.c                0x00000000   Number         0  dfltui.o ABSOLUTE
    ../fplib/microlib/fpmul.c                0x00000000   Number         0  fmul.o ABSOLUTE
    ../fplib/microlib/fpmul.c                0x00000000   Number         0  dmul.o ABSOLUTE
    ..\BSP\ADC\adc.c                         0x00000000   Number         0  adc.o ABSOLUTE
    ..\BSP\DMA\dma.c                         0x00000000   Number         0  dma.o ABSOLUTE
    ..\BSP\LED\led.c                         0x00000000   Number         0  led.o ABSOLUTE
    ..\BSP\RDA5820\myiic.c                   0x00000000   Number         0  myiic.o ABSOLUTE
    ..\BSP\RDA5820\rda5820.c                 0x00000000   Number         0  rda5820.o ABSOLUTE
    ..\CMSIS\CoreSupport\core_cm3.c          0x00000000   Number         0  core_cm3.o ABSOLUTE
    ..\CMSIS\DeviceSupport\STM32F10x\startup_stm32f10x_hd.s 0x00000000   Number         0  startup_stm32f10x_hd.o ABSOLUTE
    ..\CMSIS\DeviceSupport\STM32F10x\system_stm32f10x.c 0x00000000   Number         0  system_stm32f10x.o ABSOLUTE
    ..\STM32F10x_StdPeriph_Driver\src\misc.c 0x00000000   Number         0  misc.o ABSOLUTE
    ..\STM32F10x_StdPeriph_Driver\src\stm32f10x_gpio.c 0x00000000   Number         0  stm32f10x_gpio.o ABSOLUTE
    ..\STM32F10x_StdPeriph_Driver\src\stm32f10x_rcc.c 0x00000000   Number         0  stm32f10x_rcc.o ABSOLUTE
    ..\SYSTEM\delay\delay.c                  0x00000000   Number         0  delay_1.o ABSOLUTE
    ..\SYSTEM\sys\sys.c                      0x00000000   Number         0  sys.o ABSOLUTE
    ..\SYSTEM\usart\usart.c                  0x00000000   Number         0  usart.o ABSOLUTE
    ..\User\AD9854.c                         0x00000000   Number         0  ad9854.o ABSOLUTE
    ..\User\CharLCD.c                        0x00000000   Number         0  charlcd.o ABSOLUTE
    ..\User\Delay.c                          0x00000000   Number         0  delay.o ABSOLUTE
    ..\User\main.c                           0x00000000   Number         0  main.o ABSOLUTE
    ..\\CMSIS\\CoreSupport\\core_cm3.c       0x00000000   Number         0  core_cm3.o ABSOLUTE
    ..\\SYSTEM\\sys\\sys.c                   0x00000000   Number         0  sys.o ABSOLUTE
    cdrcmple.s                               0x00000000   Number         0  cdrcmple.o ABSOLUTE
    dc.s                                     0x00000000   Number         0  dc.o ABSOLUTE
    handlers.s                               0x00000000   Number         0  handlers.o ABSOLUTE
    init.s                                   0x00000000   Number         0  init.o ABSOLUTE
    RESET                                    0x08000000   Section      304  startup_stm32f10x_hd.o(RESET)
    .ARM.Collect$$$$00000000                 0x08000130   Section        0  entry.o(.ARM.Collect$$$$00000000)
    .ARM.Collect$$$$00000001                 0x08000130   Section        4  entry2.o(.ARM.Collect$$$$00000001)
    .ARM.Collect$$$$00000004                 0x08000134   Section        4  entry5.o(.ARM.Collect$$$$00000004)
    .ARM.Collect$$$$00000008                 0x08000138   Section        0  entry7b.o(.ARM.Collect$$$$00000008)
    .ARM.Collect$$$$0000000A                 0x08000138   Section        0  entry8b.o(.ARM.Collect$$$$0000000A)
    .ARM.Collect$$$$0000000B                 0x08000138   Section        8  entry9a.o(.ARM.Collect$$$$0000000B)
    .ARM.Collect$$$$0000000E                 0x08000140   Section        4  entry12b.o(.ARM.Collect$$$$0000000E)
    .ARM.Collect$$$$0000000F                 0x08000144   Section        0  entry10a.o(.ARM.Collect$$$$0000000F)
    .ARM.Collect$$$$00000011                 0x08000144   Section        0  entry11a.o(.ARM.Collect$$$$00000011)
    .ARM.Collect$$$$00002712                 0x08000144   Section        4  entry2.o(.ARM.Collect$$$$00002712)
    __lit__00000000                          0x08000144   Data           4  entry2.o(.ARM.Collect$$$$00002712)
    .text                                    0x08000148   Section       36  startup_stm32f10x_hd.o(.text)
    .text                                    0x0800016c   Section        0  fadd.o(.text)
    .text                                    0x0800021c   Section        0  fmul.o(.text)
    .text                                    0x08000280   Section        0  fdiv.o(.text)
    .text                                    0x080002fc   Section        0  ffltui.o(.text)
    .text                                    0x08000306   Section        0  ffixi.o(.text)
    .text                                    0x08000338   Section        0  uldiv.o(.text)
    .text                                    0x0800039a   Section        0  llshl.o(.text)
    .text                                    0x080003b8   Section        0  llushr.o(.text)
    .text                                    0x080003d8   Section        0  iusefp.o(.text)
    .text                                    0x080003d8   Section        0  fepilogue.o(.text)
    .text                                    0x08000448   Section       36  init.o(.text)
    i.AD9854_Init                            0x0800046c   Section        0  ad9854.o(i.AD9854_Init)
    i.AD9854_InitAM                          0x080004e4   Section        0  ad9854.o(i.AD9854_InitAM)
    i.AD9854_InitBPSK                        0x08000590   Section        0  ad9854.o(i.AD9854_InitBPSK)
    i.AD9854_InitFSK                         0x08000608   Section        0  ad9854.o(i.AD9854_InitFSK)
    i.AD9854_InitOSK                         0x08000680   Section        0  ad9854.o(i.AD9854_InitOSK)
    i.AD9854_InitRFSK                        0x080006f8   Section        0  ad9854.o(i.AD9854_InitRFSK)
    i.AD9854_SetAM                           0x08000778   Section        0  ad9854.o(i.AD9854_SetAM)
    i.AD9854_SetBPSK                         0x080007b8   Section        0  ad9854.o(i.AD9854_SetBPSK)
    i.AD9854_SetFSK                          0x08000858   Section        0  ad9854.o(i.AD9854_SetFSK)
    i.AD9854_SetOSK                          0x080008fc   Section        0  ad9854.o(i.AD9854_SetOSK)
    i.AD9854_SetRFSK                         0x08000980   Section        0  ad9854.o(i.AD9854_SetRFSK)
    i.AD9854_SetSine                         0x08000a8c   Section        0  ad9854.o(i.AD9854_SetSine)
    i.AD9854_WR_Byte                         0x08000b00   Section        0  ad9854.o(i.AD9854_WR_Byte)
    AD9854_WR_Byte                           0x08000b01   Thumb Code    62  ad9854.o(i.AD9854_WR_Byte)
    i.AnalysisCmd                            0x08000b48   Section        0  main.o(i.AnalysisCmd)
    i.DMA1_Channel1_IRQHandler               0x08000c80   Section        0  adc.o(i.DMA1_Channel1_IRQHandler)
    i.Delay_10us                             0x08000cac   Section        0  delay.o(i.Delay_10us)
    i.Delay_1ms                              0x08000cd0   Section        0  delay.o(i.Delay_1ms)
    i.Delay_5ms                              0x08000cf4   Section        0  delay.o(i.Delay_5ms)
    i.Freq_convert                           0x08000d1c   Section        0  ad9854.o(i.Freq_convert)
    Freq_convert                             0x08000d1d   Thumb Code    88  ad9854.o(i.Freq_convert)
    i.GPIO_AD9854_Configuration              0x08000d7c   Section        0  ad9854.o(i.GPIO_AD9854_Configuration)
    i.GPIO_Init                              0x08000dc4   Section        0  stm32f10x_gpio.o(i.GPIO_Init)
    i.GPIO_ResetBits                         0x08000eda   Section        0  stm32f10x_gpio.o(i.GPIO_ResetBits)
    i.GPIO_SetBits                           0x08000ede   Section        0  stm32f10x_gpio.o(i.GPIO_SetBits)
    i.IIC_Ack                                0x08000ee4   Section        0  myiic.o(i.IIC_Ack)
    i.IIC_Init                               0x08000f34   Section        0  myiic.o(i.IIC_Init)
    i.IIC_NAck                               0x08000f70   Section        0  myiic.o(i.IIC_NAck)
    i.IIC_Read_Byte                          0x08000fc0   Section        0  myiic.o(i.IIC_Read_Byte)
    i.IIC_Send_Byte                          0x08001030   Section        0  myiic.o(i.IIC_Send_Byte)
    i.IIC_Start                              0x08001098   Section        0  myiic.o(i.IIC_Start)
    i.IIC_Stop                               0x080010e4   Section        0  myiic.o(i.IIC_Stop)
    i.IIC_Wait_Ack                           0x08001130   Section        0  myiic.o(i.IIC_Wait_Ack)
    i.RCC_APB2PeriphClockCmd                 0x08001194   Section        0  stm32f10x_rcc.o(i.RCC_APB2PeriphClockCmd)
    i.RDA5820_Band_Set                       0x080011b4   Section        0  rda5820.o(i.RDA5820_Band_Set)
    i.RDA5820_Freq_Set                       0x080011d4   Section        0  rda5820.o(i.RDA5820_Freq_Set)
    i.RDA5820_Init                           0x08001278   Section        0  rda5820.o(i.RDA5820_Init)
    i.RDA5820_RD_Reg                         0x080012d0   Section        0  rda5820.o(i.RDA5820_RD_Reg)
    i.RDA5820_Space_Set                      0x0800131a   Section        0  rda5820.o(i.RDA5820_Space_Set)
    i.RDA5820_TX_Mode                        0x08001338   Section        0  rda5820.o(i.RDA5820_TX_Mode)
    i.RDA5820_TxPAG_Set                      0x08001356   Section        0  rda5820.o(i.RDA5820_TxPAG_Set)
    i.RDA5820_TxPGA_Set                      0x08001374   Section        0  rda5820.o(i.RDA5820_TxPGA_Set)
    i.RDA5820_WR_Reg                         0x08001394   Section        0  rda5820.o(i.RDA5820_WR_Reg)
    i.SetSysClock                            0x080013cc   Section        0  system_stm32f10x.o(i.SetSysClock)
    SetSysClock                              0x080013cd   Thumb Code     8  system_stm32f10x.o(i.SetSysClock)
    i.SetSysClockTo72                        0x080013d4   Section        0  system_stm32f10x.o(i.SetSysClockTo72)
    SetSysClockTo72                          0x080013d5   Thumb Code   214  system_stm32f10x.o(i.SetSysClockTo72)
    i.SystemInit                             0x080014b4   Section        0  system_stm32f10x.o(i.SystemInit)
    i.USART1_IRQHandler                      0x08001514   Section        0  usart.o(i.USART1_IRQHandler)
    i.USART_RxCompleteCallback               0x080015a0   Section        0  main.o(i.USART_RxCompleteCallback)
    i.__0printf$8                            0x080015e4   Section        0  printf8.o(i.__0printf$8)
    i.__scatterload_copy                     0x08001604   Section       14  handlers.o(i.__scatterload_copy)
    i.__scatterload_null                     0x08001612   Section        2  handlers.o(i.__scatterload_null)
    i.__scatterload_zeroinit                 0x08001614   Section       14  handlers.o(i.__scatterload_zeroinit)
    i._printf_core                           0x08001624   Section        0  printf8.o(i._printf_core)
    _printf_core                             0x08001625   Thumb Code   984  printf8.o(i._printf_core)
    i._printf_post_padding                   0x08001a28   Section        0  printf8.o(i._printf_post_padding)
    _printf_post_padding                     0x08001a29   Thumb Code    36  printf8.o(i._printf_post_padding)
    i._printf_pre_padding                    0x08001a4c   Section        0  printf8.o(i._printf_pre_padding)
    _printf_pre_padding                      0x08001a4d   Thumb Code    46  printf8.o(i._printf_pre_padding)
    i.adc_channel_set                        0x08001a7a   Section        0  adc.o(i.adc_channel_set)
    i.adc_dma_enable                         0x08001ac4   Section        0  adc.o(i.adc_dma_enable)
    i.adc_dma_init                           0x08001afc   Section        0  adc.o(i.adc_dma_init)
    i.adc_init                               0x08001bb4   Section        0  adc.o(i.adc_init)
    i.delay_init                             0x08001cd0   Section        0  delay_1.o(i.delay_init)
    i.delay_ms                               0x08001cfc   Section        0  delay_1.o(i.delay_ms)
    i.delay_us                               0x08001d10   Section        0  delay_1.o(i.delay_us)
    i.dma_basic_config                       0x08001d58   Section        0  dma.o(i.dma_basic_config)
    i.dma_enable                             0x08001d98   Section        0  dma.o(i.dma_enable)
    i.fputc                                  0x08001db8   Section        0  usart.o(i.fputc)
    i.led_init                               0x08001dd4   Section        0  led.o(i.led_init)
    i.main                                   0x08001e3c   Section        0  main.o(i.main)
    i.normalize                              0x08001ff4   Section        0  main.o(i.normalize)
    i.sys_clock_set                          0x08002030   Section        0  sys.o(i.sys_clock_set)
    i.sys_gpio_pin_set                       0x080020dc   Section        0  sys.o(i.sys_gpio_pin_set)
    i.sys_gpio_set                           0x080020f4   Section        0  sys.o(i.sys_gpio_set)
    i.sys_nvic_init                          0x080021e0   Section        0  sys.o(i.sys_nvic_init)
    i.sys_nvic_priority_group_config         0x08002258   Section        0  sys.o(i.sys_nvic_priority_group_config)
    sys_nvic_priority_group_config           0x08002259   Thumb Code    32  sys.o(i.sys_nvic_priority_group_config)
    i.sys_nvic_set_vector_table              0x08002280   Section        0  sys.o(i.sys_nvic_set_vector_table)
    i.sys_stm32_clock_init                   0x08002290   Section        0  sys.o(i.sys_stm32_clock_init)
    i.usart_init                             0x08002300   Section        0  usart.o(i.usart_init)
    .data                                    0x20000000   Section        6  ad9854.o(.data)
    .data                                    0x20000006   Section        1  adc.o(.data)
    .data                                    0x20000008   Section        6  usart.o(.data)
    .data                                    0x20000010   Section        4  delay_1.o(.data)
    g_fac_us                                 0x20000010   Data           4  delay_1.o(.data)
    .bss                                     0x20000014   Section      200  main.o(.bss)
    .bss                                     0x200000dc   Section     2000  usart.o(.bss)
    STACK                                    0x200008b0   Section     1024  startup_stm32f10x_hd.o(STACK)

    Global Symbols

    Symbol Name                              Value     Ov Type        Size  Object(Section)

    BuildAttributes$$THM_ISAv4$P$D$K$B$S$PE$A:L22UL41UL21$X:L11$S22US41US21$IEEE1$IW$USESV6$~STKCKD$USESV7$~SHL$OTIME$ROPI$EBA8$MICROLIB$REQ8$PRES8$EABIv2 0x00000000   Number         0  anon$$obj.o ABSOLUTE
    __ARM_use_no_argv                        0x00000000   Number         0  main.o ABSOLUTE
    __use_no_errno                           0x00000000   Number         0  useno.o ABSOLUTE
    __use_no_exception_handling              0x00000000   Number         0  useno.o ABSOLUTE
    __use_no_fp                              0x00000000   Number         0  useno.o ABSOLUTE
    __use_no_heap                            0x00000000   Number         0  useno.o ABSOLUTE
    __use_no_heap_region                     0x00000000   Number         0  useno.o ABSOLUTE
    __use_no_semihosting                     0x00000000   Number         0  useno.o ABSOLUTE
    __use_no_semihosting_swi                 0x00000000   Number         0  useno.o ABSOLUTE
    __use_no_signal_handling                 0x00000000   Number         0  useno.o ABSOLUTE
    _printf_a                                0x00000000   Number         0  stubs.o ABSOLUTE
    _printf_c                                0x00000000   Number         0  stubs.o ABSOLUTE
    _printf_charcount                        0x00000000   Number         0  stubs.o ABSOLUTE
    _printf_d                                0x00000000   Number         0  stubs.o ABSOLUTE
    _printf_e                                0x00000000   Number         0  stubs.o ABSOLUTE
    _printf_f                                0x00000000   Number         0  stubs.o ABSOLUTE
    _printf_flags                            0x00000000   Number         0  stubs.o ABSOLUTE
    _printf_fp_dec                           0x00000000   Number         0  stubs.o ABSOLUTE
    _printf_fp_hex                           0x00000000   Number         0  stubs.o ABSOLUTE
    _printf_g                                0x00000000   Number         0  stubs.o ABSOLUTE
    _printf_i                                0x00000000   Number         0  stubs.o ABSOLUTE
    _printf_int_dec                          0x00000000   Number         0  stubs.o ABSOLUTE
    _printf_l                                0x00000000   Number         0  stubs.o ABSOLUTE
    _printf_lc                               0x00000000   Number         0  stubs.o ABSOLUTE
    _printf_ll                               0x00000000   Number         0  stubs.o ABSOLUTE
    _printf_lld                              0x00000000   Number         0  stubs.o ABSOLUTE
    _printf_lli                              0x00000000   Number         0  stubs.o ABSOLUTE
    _printf_llo                              0x00000000   Number         0  stubs.o ABSOLUTE
    _printf_llu                              0x00000000   Number         0  stubs.o ABSOLUTE
    _printf_llx                              0x00000000   Number         0  stubs.o ABSOLUTE
    _printf_longlong_dec                     0x00000000   Number         0  stubs.o ABSOLUTE
    _printf_longlong_hex                     0x00000000   Number         0  stubs.o ABSOLUTE
    _printf_longlong_oct                     0x00000000   Number         0  stubs.o ABSOLUTE
    _printf_ls                               0x00000000   Number         0  stubs.o ABSOLUTE
    _printf_mbtowc                           0x00000000   Number         0  stubs.o ABSOLUTE
    _printf_n                                0x00000000   Number         0  stubs.o ABSOLUTE
    _printf_o                                0x00000000   Number         0  stubs.o ABSOLUTE
    _printf_p                                0x00000000   Number         0  stubs.o ABSOLUTE
    _printf_percent                          0x00000000   Number         0  stubs.o ABSOLUTE
    _printf_pre_padding                      0x00000000   Number         0  stubs.o ABSOLUTE
    _printf_return_value                     0x00000000   Number         0  stubs.o ABSOLUTE
    _printf_s                                0x00000000   Number         0  stubs.o ABSOLUTE
    _printf_sizespec                         0x00000000   Number         0  stubs.o ABSOLUTE
    _printf_str                              0x00000000   Number         0  stubs.o ABSOLUTE
    _printf_truncate_signed                  0x00000000   Number         0  stubs.o ABSOLUTE
    _printf_truncate_unsigned                0x00000000   Number         0  stubs.o ABSOLUTE
    _printf_u                                0x00000000   Number         0  stubs.o ABSOLUTE
    _printf_wc                               0x00000000   Number         0  stubs.o ABSOLUTE
    _printf_wctomb                           0x00000000   Number         0  stubs.o ABSOLUTE
    _printf_widthprec                        0x00000000   Number         0  stubs.o ABSOLUTE
    _printf_x                                0x00000000   Number         0  stubs.o ABSOLUTE
    __arm_fini_                               - Undefined Weak Reference
    __cpp_initialize__aeabi_                  - Undefined Weak Reference
    __cxa_finalize                            - Undefined Weak Reference
    __decompress                              - Undefined Weak Reference
    _clock_init                               - Undefined Weak Reference
    _microlib_exit                            - Undefined Weak Reference
    __Vectors_Size                           0x00000130   Number         0  startup_stm32f10x_hd.o ABSOLUTE
    __Vectors                                0x08000000   Data           4  startup_stm32f10x_hd.o(RESET)
    __Vectors_End                            0x08000130   Data           0  startup_stm32f10x_hd.o(RESET)
    __main                                   0x08000131   Thumb Code     0  entry.o(.ARM.Collect$$$$00000000)
    _main_stk                                0x08000131   Thumb Code     0  entry2.o(.ARM.Collect$$$$00000001)
    _main_scatterload                        0x08000135   Thumb Code     0  entry5.o(.ARM.Collect$$$$00000004)
    __main_after_scatterload                 0x08000139   Thumb Code     0  entry5.o(.ARM.Collect$$$$00000004)
    _main_clock                              0x08000139   Thumb Code     0  entry7b.o(.ARM.Collect$$$$00000008)
    _main_cpp_init                           0x08000139   Thumb Code     0  entry8b.o(.ARM.Collect$$$$0000000A)
    _main_init                               0x08000139   Thumb Code     0  entry9a.o(.ARM.Collect$$$$0000000B)
    __rt_lib_shutdown_fini                   0x08000141   Thumb Code     0  entry12b.o(.ARM.Collect$$$$0000000E)
    __rt_final_cpp                           0x08000145   Thumb Code     0  entry10a.o(.ARM.Collect$$$$0000000F)
    __rt_final_exit                          0x08000145   Thumb Code     0  entry11a.o(.ARM.Collect$$$$00000011)
    Reset_Handler                            0x08000149   Thumb Code     8  startup_stm32f10x_hd.o(.text)
    NMI_Handler                              0x08000151   Thumb Code     2  startup_stm32f10x_hd.o(.text)
    HardFault_Handler                        0x08000153   Thumb Code     2  startup_stm32f10x_hd.o(.text)
    MemManage_Handler                        0x08000155   Thumb Code     2  startup_stm32f10x_hd.o(.text)
    BusFault_Handler                         0x08000157   Thumb Code     2  startup_stm32f10x_hd.o(.text)
    UsageFault_Handler                       0x08000159   Thumb Code     2  startup_stm32f10x_hd.o(.text)
    SVC_Handler                              0x0800015b   Thumb Code     2  startup_stm32f10x_hd.o(.text)
    DebugMon_Handler                         0x0800015d   Thumb Code     2  startup_stm32f10x_hd.o(.text)
    PendSV_Handler                           0x0800015f   Thumb Code     2  startup_stm32f10x_hd.o(.text)
    SysTick_Handler                          0x08000161   Thumb Code     2  startup_stm32f10x_hd.o(.text)
    ADC1_2_IRQHandler                        0x08000163   Thumb Code     0  startup_stm32f10x_hd.o(.text)
    ADC3_IRQHandler                          0x08000163   Thumb Code     0  startup_stm32f10x_hd.o(.text)
    CAN1_RX1_IRQHandler                      0x08000163   Thumb Code     0  startup_stm32f10x_hd.o(.text)
    CAN1_SCE_IRQHandler                      0x08000163   Thumb Code     0  startup_stm32f10x_hd.o(.text)
    DMA1_Channel2_IRQHandler                 0x08000163   Thumb Code     0  startup_stm32f10x_hd.o(.text)
    DMA1_Channel3_IRQHandler                 0x08000163   Thumb Code     0  startup_stm32f10x_hd.o(.text)
    DMA1_Channel4_IRQHandler                 0x08000163   Thumb Code     0  startup_stm32f10x_hd.o(.text)
    DMA1_Channel5_IRQHandler                 0x08000163   Thumb Code     0  startup_stm32f10x_hd.o(.text)
    DMA1_Channel6_IRQHandler                 0x08000163   Thumb Code     0  startup_stm32f10x_hd.o(.text)
    DMA1_Channel7_IRQHandler                 0x08000163   Thumb Code     0  startup_stm32f10x_hd.o(.text)
    DMA2_Channel1_IRQHandler                 0x08000163   Thumb Code     0  startup_stm32f10x_hd.o(.text)
    DMA2_Channel2_IRQHandler                 0x08000163   Thumb Code     0  startup_stm32f10x_hd.o(.text)
    DMA2_Channel3_IRQHandler                 0x08000163   Thumb Code     0  startup_stm32f10x_hd.o(.text)
    DMA2_Channel4_5_IRQHandler               0x08000163   Thumb Code     0  startup_stm32f10x_hd.o(.text)
    EXTI0_IRQHandler                         0x08000163   Thumb Code     0  startup_stm32f10x_hd.o(.text)
    EXTI15_10_IRQHandler                     0x08000163   Thumb Code     0  startup_stm32f10x_hd.o(.text)
    EXTI1_IRQHandler                         0x08000163   Thumb Code     0  startup_stm32f10x_hd.o(.text)
    EXTI2_IRQHandler                         0x08000163   Thumb Code     0  startup_stm32f10x_hd.o(.text)
    EXTI3_IRQHandler                         0x08000163   Thumb Code     0  startup_stm32f10x_hd.o(.text)
    EXTI4_IRQHandler                         0x08000163   Thumb Code     0  startup_stm32f10x_hd.o(.text)
    EXTI9_5_IRQHandler                       0x08000163   Thumb Code     0  startup_stm32f10x_hd.o(.text)
    FLASH_IRQHandler                         0x08000163   Thumb Code     0  startup_stm32f10x_hd.o(.text)
    FSMC_IRQHandler                          0x08000163   Thumb Code     0  startup_stm32f10x_hd.o(.text)
    I2C1_ER_IRQHandler                       0x08000163   Thumb Code     0  startup_stm32f10x_hd.o(.text)
    I2C1_EV_IRQHandler                       0x08000163   Thumb Code     0  startup_stm32f10x_hd.o(.text)
    I2C2_ER_IRQHandler                       0x08000163   Thumb Code     0  startup_stm32f10x_hd.o(.text)
    I2C2_EV_IRQHandler                       0x08000163   Thumb Code     0  startup_stm32f10x_hd.o(.text)
    PVD_IRQHandler                           0x08000163   Thumb Code     0  startup_stm32f10x_hd.o(.text)
    RCC_IRQHandler                           0x08000163   Thumb Code     0  startup_stm32f10x_hd.o(.text)
    RTCAlarm_IRQHandler                      0x08000163   Thumb Code     0  startup_stm32f10x_hd.o(.text)
    RTC_IRQHandler                           0x08000163   Thumb Code     0  startup_stm32f10x_hd.o(.text)
    SDIO_IRQHandler                          0x08000163   Thumb Code     0  startup_stm32f10x_hd.o(.text)
    SPI1_IRQHandler                          0x08000163   Thumb Code     0  startup_stm32f10x_hd.o(.text)
    SPI2_IRQHandler                          0x08000163   Thumb Code     0  startup_stm32f10x_hd.o(.text)
    SPI3_IRQHandler                          0x08000163   Thumb Code     0  startup_stm32f10x_hd.o(.text)
    TAMPER_IRQHandler                        0x08000163   Thumb Code     0  startup_stm32f10x_hd.o(.text)
    TIM1_BRK_IRQHandler                      0x08000163   Thumb Code     0  startup_stm32f10x_hd.o(.text)
    TIM1_CC_IRQHandler                       0x08000163   Thumb Code     0  startup_stm32f10x_hd.o(.text)
    TIM1_TRG_COM_IRQHandler                  0x08000163   Thumb Code     0  startup_stm32f10x_hd.o(.text)
    TIM1_UP_IRQHandler                       0x08000163   Thumb Code     0  startup_stm32f10x_hd.o(.text)
    TIM2_IRQHandler                          0x08000163   Thumb Code     0  startup_stm32f10x_hd.o(.text)
    TIM3_IRQHandler                          0x08000163   Thumb Code     0  startup_stm32f10x_hd.o(.text)
    TIM4_IRQHandler                          0x08000163   Thumb Code     0  startup_stm32f10x_hd.o(.text)
    TIM5_IRQHandler                          0x08000163   Thumb Code     0  startup_stm32f10x_hd.o(.text)
    TIM6_IRQHandler                          0x08000163   Thumb Code     0  startup_stm32f10x_hd.o(.text)
    TIM7_IRQHandler                          0x08000163   Thumb Code     0  startup_stm32f10x_hd.o(.text)
    TIM8_BRK_IRQHandler                      0x08000163   Thumb Code     0  startup_stm32f10x_hd.o(.text)
    TIM8_CC_IRQHandler                       0x08000163   Thumb Code     0  startup_stm32f10x_hd.o(.text)
    TIM8_TRG_COM_IRQHandler                  0x08000163   Thumb Code     0  startup_stm32f10x_hd.o(.text)
    TIM8_UP_IRQHandler                       0x08000163   Thumb Code     0  startup_stm32f10x_hd.o(.text)
    UART4_IRQHandler                         0x08000163   Thumb Code     0  startup_stm32f10x_hd.o(.text)
    UART5_IRQHandler                         0x08000163   Thumb Code     0  startup_stm32f10x_hd.o(.text)
    USART2_IRQHandler                        0x08000163   Thumb Code     0  startup_stm32f10x_hd.o(.text)
    USART3_IRQHandler                        0x08000163   Thumb Code     0  startup_stm32f10x_hd.o(.text)
    USBWakeUp_IRQHandler                     0x08000163   Thumb Code     0  startup_stm32f10x_hd.o(.text)
    USB_HP_CAN1_TX_IRQHandler                0x08000163   Thumb Code     0  startup_stm32f10x_hd.o(.text)
    USB_LP_CAN1_RX0_IRQHandler               0x08000163   Thumb Code     0  startup_stm32f10x_hd.o(.text)
    WWDG_IRQHandler                          0x08000163   Thumb Code     0  startup_stm32f10x_hd.o(.text)
    __aeabi_fadd                             0x0800016d   Thumb Code   164  fadd.o(.text)
    __aeabi_fsub                             0x08000211   Thumb Code     6  fadd.o(.text)
    __aeabi_frsub                            0x08000217   Thumb Code     6  fadd.o(.text)
    __aeabi_fmul                             0x0800021d   Thumb Code   100  fmul.o(.text)
    __aeabi_fdiv                             0x08000281   Thumb Code   124  fdiv.o(.text)
    __aeabi_ui2f                             0x080002fd   Thumb Code    10  ffltui.o(.text)
    __aeabi_f2iz                             0x08000307   Thumb Code    50  ffixi.o(.text)
    __aeabi_uldivmod                         0x08000339   Thumb Code    98  uldiv.o(.text)
    __aeabi_llsl                             0x0800039b   Thumb Code    30  llshl.o(.text)
    _ll_shift_l                              0x0800039b   Thumb Code     0  llshl.o(.text)
    __aeabi_llsr                             0x080003b9   Thumb Code    32  llushr.o(.text)
    _ll_ushift_r                             0x080003b9   Thumb Code     0  llushr.o(.text)
    __I$use$fp                               0x080003d9   Thumb Code     0  iusefp.o(.text)
    _float_round                             0x080003d9   Thumb Code    18  fepilogue.o(.text)
    _float_epilogue                          0x080003eb   Thumb Code    92  fepilogue.o(.text)
    __scatterload                            0x08000449   Thumb Code    28  init.o(.text)
    __scatterload_rt2                        0x08000449   Thumb Code     0  init.o(.text)
    AD9854_Init                              0x0800046d   Thumb Code   112  ad9854.o(i.AD9854_Init)
    AD9854_InitAM                            0x080004e5   Thumb Code   158  ad9854.o(i.AD9854_InitAM)
    AD9854_InitBPSK                          0x08000591   Thumb Code   112  ad9854.o(i.AD9854_InitBPSK)
    AD9854_InitFSK                           0x08000609   Thumb Code   112  ad9854.o(i.AD9854_InitFSK)
    AD9854_InitOSK                           0x08000681   Thumb Code   112  ad9854.o(i.AD9854_InitOSK)
    AD9854_InitRFSK                          0x080006f9   Thumb Code   120  ad9854.o(i.AD9854_InitRFSK)
    AD9854_SetAM                             0x08000779   Thumb Code    58  ad9854.o(i.AD9854_SetAM)
    AD9854_SetBPSK                           0x080007b9   Thumb Code   150  ad9854.o(i.AD9854_SetBPSK)
    AD9854_SetFSK                            0x08000859   Thumb Code   154  ad9854.o(i.AD9854_SetFSK)
    AD9854_SetOSK                            0x080008fd   Thumb Code   124  ad9854.o(i.AD9854_SetOSK)
    AD9854_SetRFSK                           0x08000981   Thumb Code   260  ad9854.o(i.AD9854_SetRFSK)
    AD9854_SetSine                           0x08000a8d   Thumb Code   106  ad9854.o(i.AD9854_SetSine)
    AnalysisCmd                              0x08000b49   Thumb Code   310  main.o(i.AnalysisCmd)
    DMA1_Channel1_IRQHandler                 0x08000c81   Thumb Code    34  adc.o(i.DMA1_Channel1_IRQHandler)
    Delay_10us                               0x08000cad   Thumb Code    36  delay.o(i.Delay_10us)
    Delay_1ms                                0x08000cd1   Thumb Code    36  delay.o(i.Delay_1ms)
    Delay_5ms                                0x08000cf5   Thumb Code    38  delay.o(i.Delay_5ms)
    GPIO_AD9854_Configuration                0x08000d7d   Thumb Code    64  ad9854.o(i.GPIO_AD9854_Configuration)
    GPIO_Init                                0x08000dc5   Thumb Code   278  stm32f10x_gpio.o(i.GPIO_Init)
    GPIO_ResetBits                           0x08000edb   Thumb Code     4  stm32f10x_gpio.o(i.GPIO_ResetBits)
    GPIO_SetBits                             0x08000edf   Thumb Code     4  stm32f10x_gpio.o(i.GPIO_SetBits)
    IIC_Ack                                  0x08000ee5   Thumb Code    66  myiic.o(i.IIC_Ack)
    IIC_Init                                 0x08000f35   Thumb Code    52  myiic.o(i.IIC_Init)
    IIC_NAck                                 0x08000f71   Thumb Code    66  myiic.o(i.IIC_NAck)
    IIC_Read_Byte                            0x08000fc1   Thumb Code    98  myiic.o(i.IIC_Read_Byte)
    IIC_Send_Byte                            0x08001031   Thumb Code    90  myiic.o(i.IIC_Send_Byte)
    IIC_Start                                0x08001099   Thumb Code    64  myiic.o(i.IIC_Start)
    IIC_Stop                                 0x080010e5   Thumb Code    62  myiic.o(i.IIC_Stop)
    IIC_Wait_Ack                             0x08001131   Thumb Code    86  myiic.o(i.IIC_Wait_Ack)
    RCC_APB2PeriphClockCmd                   0x08001195   Thumb Code    26  stm32f10x_rcc.o(i.RCC_APB2PeriphClockCmd)
    RDA5820_Band_Set                         0x080011b5   Thumb Code    32  rda5820.o(i.RDA5820_Band_Set)
    RDA5820_Freq_Set                         0x080011d5   Thumb Code   162  rda5820.o(i.RDA5820_Freq_Set)
    RDA5820_Init                             0x08001279   Thumb Code    80  rda5820.o(i.RDA5820_Init)
    RDA5820_RD_Reg                           0x080012d1   Thumb Code    74  rda5820.o(i.RDA5820_RD_Reg)
    RDA5820_Space_Set                        0x0800131b   Thumb Code    30  rda5820.o(i.RDA5820_Space_Set)
    RDA5820_TX_Mode                          0x08001339   Thumb Code    30  rda5820.o(i.RDA5820_TX_Mode)
    RDA5820_TxPAG_Set                        0x08001357   Thumb Code    30  rda5820.o(i.RDA5820_TxPAG_Set)
    RDA5820_TxPGA_Set                        0x08001375   Thumb Code    32  rda5820.o(i.RDA5820_TxPGA_Set)
    RDA5820_WR_Reg                           0x08001395   Thumb Code    56  rda5820.o(i.RDA5820_WR_Reg)
    SystemInit                               0x080014b5   Thumb Code    78  system_stm32f10x.o(i.SystemInit)
    USART1_IRQHandler                        0x08001515   Thumb Code   126  usart.o(i.USART1_IRQHandler)
    USART_RxCompleteCallback                 0x080015a1   Thumb Code    50  main.o(i.USART_RxCompleteCallback)
    __0printf$8                              0x080015e5   Thumb Code    22  printf8.o(i.__0printf$8)
    __1printf$8                              0x080015e5   Thumb Code     0  printf8.o(i.__0printf$8)
    __2printf                                0x080015e5   Thumb Code     0  printf8.o(i.__0printf$8)
    __scatterload_copy                       0x08001605   Thumb Code    14  handlers.o(i.__scatterload_copy)
    __scatterload_null                       0x08001613   Thumb Code     2  handlers.o(i.__scatterload_null)
    __scatterload_zeroinit                   0x08001615   Thumb Code    14  handlers.o(i.__scatterload_zeroinit)
    adc_channel_set                          0x08001a7b   Thumb Code    74  adc.o(i.adc_channel_set)
    adc_dma_enable                           0x08001ac5   Thumb Code    48  adc.o(i.adc_dma_enable)
    adc_dma_init                             0x08001afd   Thumb Code   176  adc.o(i.adc_dma_init)
    adc_init                                 0x08001bb5   Thumb Code   270  adc.o(i.adc_init)
    delay_init                               0x08001cd1   Thumb Code    38  delay_1.o(i.delay_init)
    delay_ms                                 0x08001cfd   Thumb Code    18  delay_1.o(i.delay_ms)
    delay_us                                 0x08001d11   Thumb Code    68  delay_1.o(i.delay_us)
    dma_basic_config                         0x08001d59   Thumb Code    56  dma.o(i.dma_basic_config)
    dma_enable                               0x08001d99   Thumb Code    32  dma.o(i.dma_enable)
    fputc                                    0x08001db9   Thumb Code    24  usart.o(i.fputc)
    led_init                                 0x08001dd5   Thumb Code    90  led.o(i.led_init)
    main                                     0x08001e3d   Thumb Code   386  main.o(i.main)
    normalize                                0x08001ff5   Thumb Code    60  main.o(i.normalize)
    sys_clock_set                            0x08002031   Thumb Code   164  sys.o(i.sys_clock_set)
    sys_gpio_pin_set                         0x080020dd   Thumb Code    24  sys.o(i.sys_gpio_pin_set)
    sys_gpio_set                             0x080020f5   Thumb Code   234  sys.o(i.sys_gpio_set)
    sys_nvic_init                            0x080021e1   Thumb Code   116  sys.o(i.sys_nvic_init)
    sys_nvic_set_vector_table                0x08002281   Thumb Code    12  sys.o(i.sys_nvic_set_vector_table)
    sys_stm32_clock_init                     0x08002291   Thumb Code   100  sys.o(i.sys_stm32_clock_init)
    usart_init                               0x08002301   Thumb Code   178  usart.o(i.usart_init)
    Region$$Table$$Base                      0x080023c4   Number         0  anon$$obj.o(Region$$Table)
    Region$$Table$$Limit                     0x080023e4   Number         0  anon$$obj.o(Region$$Table)
    FreqWord                                 0x20000000   Data           6  ad9854.o(.data)
    g_adc_dma_sta                            0x20000006   Data           1  adc.o(.data)
    __stdout                                 0x20000008   Data           4  usart.o(.data)
    g_usart_rx_sta                           0x2000000c   Data           2  usart.o(.data)
    g_adc_dma_buf                            0x20000014   Data         200  main.o(.bss)
    g_usart_rx_buf                           0x200000dc   Data        2000  usart.o(.bss)
    __initial_sp                             0x20000cb0   Data           0  startup_stm32f10x_hd.o(STACK)



==============================================================================

Memory Map of the image

  Image Entry point : 0x08000131

  Load Region LR_IROM1 (Base: 0x08000000, Size: 0x000023f8, Max: 0x00040000, ABSOLUTE)

    Execution Region ER_IROM1 (Exec base: 0x08000000, Load base: 0x08000000, Size: 0x000023e4, Max: 0x00040000, ABSOLUTE)

    Exec Addr    Load Addr    Size         Type   Attr      Idx    E Section Name        Object

    0x08000000   0x08000000   0x00000130   Data   RO         1099    RESET               startup_stm32f10x_hd.o
    0x08000130   0x08000130   0x00000000   Code   RO         1312  * .ARM.Collect$$$$00000000  mc_w.l(entry.o)
    0x08000130   0x08000130   0x00000004   Code   RO         1600    .ARM.Collect$$$$00000001  mc_w.l(entry2.o)
    0x08000134   0x08000134   0x00000004   Code   RO         1603    .ARM.Collect$$$$00000004  mc_w.l(entry5.o)
    0x08000138   0x08000138   0x00000000   Code   RO         1605    .ARM.Collect$$$$00000008  mc_w.l(entry7b.o)
    0x08000138   0x08000138   0x00000000   Code   RO         1607    .ARM.Collect$$$$0000000A  mc_w.l(entry8b.o)
    0x08000138   0x08000138   0x00000008   Code   RO         1608    .ARM.Collect$$$$0000000B  mc_w.l(entry9a.o)
    0x08000140   0x08000140   0x00000004   Code   RO         1615    .ARM.Collect$$$$0000000E  mc_w.l(entry12b.o)
    0x08000144   0x08000144   0x00000000   Code   RO         1610    .ARM.Collect$$$$0000000F  mc_w.l(entry10a.o)
    0x08000144   0x08000144   0x00000000   Code   RO         1612    .ARM.Collect$$$$00000011  mc_w.l(entry11a.o)
    0x08000144   0x08000144   0x00000004   Code   RO         1601    .ARM.Collect$$$$00002712  mc_w.l(entry2.o)
    0x08000148   0x08000148   0x00000024   Code   RO         1100    .text               startup_stm32f10x_hd.o
    0x0800016c   0x0800016c   0x000000b0   Code   RO         1578    .text               mf_w.l(fadd.o)
    0x0800021c   0x0800021c   0x00000064   Code   RO         1580    .text               mf_w.l(fmul.o)
    0x08000280   0x08000280   0x0000007c   Code   RO         1582    .text               mf_w.l(fdiv.o)
    0x080002fc   0x080002fc   0x0000000a   Code   RO         1590    .text               mf_w.l(ffltui.o)
    0x08000306   0x08000306   0x00000032   Code   RO         1594    .text               mf_w.l(ffixi.o)
    0x08000338   0x08000338   0x00000062   Code   RO         1618    .text               mc_w.l(uldiv.o)
    0x0800039a   0x0800039a   0x0000001e   Code   RO         1620    .text               mc_w.l(llshl.o)
    0x080003b8   0x080003b8   0x00000020   Code   RO         1622    .text               mc_w.l(llushr.o)
    0x080003d8   0x080003d8   0x00000000   Code   RO         1626    .text               mc_w.l(iusefp.o)
    0x080003d8   0x080003d8   0x0000006e   Code   RO         1627    .text               mf_w.l(fepilogue.o)
    0x08000446   0x08000446   0x00000002   PAD
    0x08000448   0x08000448   0x00000024   Code   RO         1635    .text               mc_w.l(init.o)
    0x0800046c   0x0800046c   0x00000078   Code   RO          313    i.AD9854_Init       ad9854.o
    0x080004e4   0x080004e4   0x000000ac   Code   RO          314    i.AD9854_InitAM     ad9854.o
    0x08000590   0x08000590   0x00000078   Code   RO          315    i.AD9854_InitBPSK   ad9854.o
    0x08000608   0x08000608   0x00000078   Code   RO          316    i.AD9854_InitFSK    ad9854.o
    0x08000680   0x08000680   0x00000078   Code   RO          317    i.AD9854_InitOSK    ad9854.o
    0x080006f8   0x080006f8   0x00000080   Code   RO          318    i.AD9854_InitRFSK   ad9854.o
    0x08000778   0x08000778   0x00000040   Code   RO          319    i.AD9854_SetAM      ad9854.o
    0x080007b8   0x080007b8   0x000000a0   Code   RO          320    i.AD9854_SetBPSK    ad9854.o
    0x08000858   0x08000858   0x000000a4   Code   RO          321    i.AD9854_SetFSK     ad9854.o
    0x080008fc   0x080008fc   0x00000084   Code   RO          322    i.AD9854_SetOSK     ad9854.o
    0x08000980   0x08000980   0x0000010c   Code   RO          323    i.AD9854_SetRFSK    ad9854.o
    0x08000a8c   0x08000a8c   0x00000074   Code   RO          324    i.AD9854_SetSine    ad9854.o
    0x08000b00   0x08000b00   0x00000048   Code   RO          326    i.AD9854_WR_Byte    ad9854.o
    0x08000b48   0x08000b48   0x00000136   Code   RO            1    i.AnalysisCmd       main.o
    0x08000c7e   0x08000c7e   0x00000002   PAD
    0x08000c80   0x08000c80   0x0000002c   Code   RO          422    i.DMA1_Channel1_IRQHandler  adc.o
    0x08000cac   0x08000cac   0x00000024   Code   RO          242    i.Delay_10us        delay.o
    0x08000cd0   0x08000cd0   0x00000024   Code   RO          243    i.Delay_1ms         delay.o
    0x08000cf4   0x08000cf4   0x00000026   Code   RO          248    i.Delay_5ms         delay.o
    0x08000d1a   0x08000d1a   0x00000002   PAD
    0x08000d1c   0x08000d1c   0x00000060   Code   RO          327    i.Freq_convert      ad9854.o
    0x08000d7c   0x08000d7c   0x00000048   Code   RO          329    i.GPIO_AD9854_Configuration  ad9854.o
    0x08000dc4   0x08000dc4   0x00000116   Code   RO          744    i.GPIO_Init         stm32f10x_gpio.o
    0x08000eda   0x08000eda   0x00000004   Code   RO          751    i.GPIO_ResetBits    stm32f10x_gpio.o
    0x08000ede   0x08000ede   0x00000004   Code   RO          752    i.GPIO_SetBits      stm32f10x_gpio.o
    0x08000ee2   0x08000ee2   0x00000002   PAD
    0x08000ee4   0x08000ee4   0x00000050   Code   RO          503    i.IIC_Ack           myiic.o
    0x08000f34   0x08000f34   0x0000003c   Code   RO          504    i.IIC_Init          myiic.o
    0x08000f70   0x08000f70   0x00000050   Code   RO          505    i.IIC_NAck          myiic.o
    0x08000fc0   0x08000fc0   0x00000070   Code   RO          506    i.IIC_Read_Byte     myiic.o
    0x08001030   0x08001030   0x00000068   Code   RO          507    i.IIC_Send_Byte     myiic.o
    0x08001098   0x08001098   0x0000004c   Code   RO          508    i.IIC_Start         myiic.o
    0x080010e4   0x080010e4   0x0000004c   Code   RO          509    i.IIC_Stop          myiic.o
    0x08001130   0x08001130   0x00000064   Code   RO          510    i.IIC_Wait_Ack      myiic.o
    0x08001194   0x08001194   0x00000020   Code   RO          856    i.RCC_APB2PeriphClockCmd  stm32f10x_rcc.o
    0x080011b4   0x080011b4   0x00000020   Code   RO          561    i.RDA5820_Band_Set  rda5820.o
    0x080011d4   0x080011d4   0x000000a2   Code   RO          564    i.RDA5820_Freq_Set  rda5820.o
    0x08001276   0x08001276   0x00000002   PAD
    0x08001278   0x08001278   0x00000058   Code   RO          565    i.RDA5820_Init      rda5820.o
    0x080012d0   0x080012d0   0x0000004a   Code   RO          567    i.RDA5820_RD_Reg    rda5820.o
    0x0800131a   0x0800131a   0x0000001e   Code   RO          571    i.RDA5820_Space_Set  rda5820.o
    0x08001338   0x08001338   0x0000001e   Code   RO          572    i.RDA5820_TX_Mode   rda5820.o
    0x08001356   0x08001356   0x0000001e   Code   RO          573    i.RDA5820_TxPAG_Set  rda5820.o
    0x08001374   0x08001374   0x00000020   Code   RO          574    i.RDA5820_TxPGA_Set  rda5820.o
    0x08001394   0x08001394   0x00000038   Code   RO          576    i.RDA5820_WR_Reg    rda5820.o
    0x080013cc   0x080013cc   0x00000008   Code   RO         1063    i.SetSysClock       system_stm32f10x.o
    0x080013d4   0x080013d4   0x000000e0   Code   RO         1064    i.SetSysClockTo72   system_stm32f10x.o
    0x080014b4   0x080014b4   0x00000060   Code   RO         1066    i.SystemInit        system_stm32f10x.o
    0x08001514   0x08001514   0x0000008c   Code   RO         1104    i.USART1_IRQHandler  usart.o
    0x080015a0   0x080015a0   0x00000044   Code   RO            3    i.USART_RxCompleteCallback  main.o
    0x080015e4   0x080015e4   0x00000020   Code   RO         1524    i.__0printf$8       mc_w.l(printf8.o)
    0x08001604   0x08001604   0x0000000e   Code   RO         1639    i.__scatterload_copy  mc_w.l(handlers.o)
    0x08001612   0x08001612   0x00000002   Code   RO         1640    i.__scatterload_null  mc_w.l(handlers.o)
    0x08001614   0x08001614   0x0000000e   Code   RO         1641    i.__scatterload_zeroinit  mc_w.l(handlers.o)
    0x08001622   0x08001622   0x00000002   PAD
    0x08001624   0x08001624   0x00000404   Code   RO         1531    i._printf_core      mc_w.l(printf8.o)
    0x08001a28   0x08001a28   0x00000024   Code   RO         1532    i._printf_post_padding  mc_w.l(printf8.o)
    0x08001a4c   0x08001a4c   0x0000002e   Code   RO         1533    i._printf_pre_padding  mc_w.l(printf8.o)
    0x08001a7a   0x08001a7a   0x0000004a   Code   RO          423    i.adc_channel_set   adc.o
    0x08001ac4   0x08001ac4   0x00000038   Code   RO          424    i.adc_dma_enable    adc.o
    0x08001afc   0x08001afc   0x000000b8   Code   RO          425    i.adc_dma_init      adc.o
    0x08001bb4   0x08001bb4   0x0000011c   Code   RO          428    i.adc_init          adc.o
    0x08001cd0   0x08001cd0   0x0000002c   Code   RO         1286    i.delay_init        delay_1.o
    0x08001cfc   0x08001cfc   0x00000012   Code   RO         1287    i.delay_ms          delay_1.o
    0x08001d0e   0x08001d0e   0x00000002   PAD
    0x08001d10   0x08001d10   0x00000048   Code   RO         1288    i.delay_us          delay_1.o
    0x08001d58   0x08001d58   0x00000040   Code   RO          479    i.dma_basic_config  dma.o
    0x08001d98   0x08001d98   0x00000020   Code   RO          480    i.dma_enable        dma.o
    0x08001db8   0x08001db8   0x0000001c   Code   RO         1109    i.fputc             usart.o
    0x08001dd4   0x08001dd4   0x00000068   Code   RO          690    i.led_init          led.o
    0x08001e3c   0x08001e3c   0x000001b8   Code   RO            4    i.main              main.o
    0x08001ff4   0x08001ff4   0x0000003c   Code   RO            5    i.normalize         main.o
    0x08002030   0x08002030   0x000000ac   Code   RO         1167    i.sys_clock_set     sys.o
    0x080020dc   0x080020dc   0x00000018   Code   RO         1169    i.sys_gpio_pin_set  sys.o
    0x080020f4   0x080020f4   0x000000ea   Code   RO         1171    i.sys_gpio_set      sys.o
    0x080021de   0x080021de   0x00000002   PAD
    0x080021e0   0x080021e0   0x00000078   Code   RO         1176    i.sys_nvic_init     sys.o
    0x08002258   0x08002258   0x00000028   Code   RO         1177    i.sys_nvic_priority_group_config  sys.o
    0x08002280   0x08002280   0x00000010   Code   RO         1178    i.sys_nvic_set_vector_table  sys.o
    0x08002290   0x08002290   0x00000070   Code   RO         1181    i.sys_stm32_clock_init  sys.o
    0x08002300   0x08002300   0x000000c4   Code   RO         1110    i.usart_init        usart.o
    0x080023c4   0x080023c4   0x00000020   Data   RO         1637    Region$$Table       anon$$obj.o


    Execution Region RW_IRAM1 (Exec base: 0x20000000, Load base: 0x080023e4, Size: 0x00000cb0, Max: 0x0000c000, ABSOLUTE)

    Exec Addr    Load Addr    Size         Type   Attr      Idx    E Section Name        Object

    0x20000000   0x080023e4   0x00000006   Data   RW          331    .data               ad9854.o
    0x20000006   0x080023ea   0x00000001   Data   RW          430    .data               adc.o
    0x20000007   0x080023eb   0x00000001   PAD
    0x20000008   0x080023ec   0x00000006   Data   RW         1112    .data               usart.o
    0x2000000e   0x080023f2   0x00000002   PAD
    0x20000010   0x080023f4   0x00000004   Data   RW         1289    .data               delay_1.o
    0x20000014        -       0x000000c8   Zero   RW            6    .bss                main.o
    0x200000dc        -       0x000007d0   Zero   RW         1111    .bss                usart.o
    0x200008ac   0x080023f8   0x00000004   PAD
    0x200008b0        -       0x00000400   Zero   RW         1097    STACK               startup_stm32f10x_hd.o


==============================================================================

Image component sizes


      Code (inc. data)   RO Data    RW Data    ZI Data      Debug   Object Name

      1924        132          0          6          0       9378   ad9854.o
       642         40          0          1          0       3056   adc.o
         0          0          0          0          0     211544   charlcd.o
         0          0          0          0          0         32   core_cm3.o
       110          0          0          0          0       1405   delay.o
       134         10          0          4          0       1739   delay_1.o
        96          8          0          0          0       1372   dma.o
       104         14          0          0          0        435   led.o
       878         78          0          0        200       9196   main.o
       688        104          0          0          0       4018   myiic.o
       534          8          0          0          0       5133   rda5820.o
        36          8        304          0       1024        828   startup_stm32f10x_hd.o
       286          0          0          0          0       3064   stm32f10x_gpio.o
        32          6          0          0          0        577   stm32f10x_rcc.o
       718         36          0          0          0       4473   sys.o
       328         28          0          0          0       2029   system_stm32f10x.o
       364         36          0          6       2000       3533   usart.o

    ----------------------------------------------------------------------
      6886        508        336         20       3228     261812   Object Totals
         0          0         32          0          0          0   (incl. Generated)
        12          0          0          3          4          0   (incl. Padding)

    ----------------------------------------------------------------------

      Code (inc. data)   RO Data    RW Data    ZI Data      Debug   Library Member Name

         0          0          0          0          0          0   entry.o
         0          0          0          0          0          0   entry10a.o
         0          0          0          0          0          0   entry11a.o
         4          0          0          0          0          0   entry12b.o
         8          4          0          0          0          0   entry2.o
         4          0          0          0          0          0   entry5.o
         0          0          0          0          0          0   entry7b.o
         0          0          0          0          0          0   entry8b.o
         8          4          0          0          0          0   entry9a.o
        30          0          0          0          0          0   handlers.o
        36          8          0          0          0         68   init.o
         0          0          0          0          0          0   iusefp.o
        30          0          0          0          0         68   llshl.o
        32          0          0          0          0         68   llushr.o
      1142         54          0          0          0        352   printf8.o
        98          0          0          0          0         92   uldiv.o
       176          0          0          0          0        140   fadd.o
       124          0          0          0          0         88   fdiv.o
       110          0          0          0          0        168   fepilogue.o
        50          0          0          0          0         68   ffixi.o
        10          0          0          0          0         68   ffltui.o
       100          0          0          0          0         76   fmul.o

    ----------------------------------------------------------------------
      1966         70          0          0          0       1256   Library Totals
         4          0          0          0          0          0   (incl. Padding)

    ----------------------------------------------------------------------

      Code (inc. data)   RO Data    RW Data    ZI Data      Debug   Library Name

      1392         70          0          0          0        648   mc_w.l
       570          0          0          0          0        608   mf_w.l

    ----------------------------------------------------------------------
      1966         70          0          0          0       1256   Library Totals

    ----------------------------------------------------------------------

==============================================================================


      Code (inc. data)   RO Data    RW Data    ZI Data      Debug   

      8852        578        336         20       3228     259320   Grand Totals
      8852        578        336         20       3228     259320   ELF Image Totals
      8852        578        336         20          0          0   ROM Totals

==============================================================================

    Total RO  Size (Code + RO Data)                 9188 (   8.97kB)
    Total RW  Size (RW Data + ZI Data)              3248 (   3.17kB)
    Total ROM Size (Code + RO Data + RW Data)       9208 (   8.99kB)

==============================================================================

